fsl_debug_console.h:152:24:DbgConsole_Init	24	static
board.c:24:6:BOARD_InitDebugConsole	16	static
board.c:36:6:BOARD_InitDebugConsole_Core1	16	static
board.c:50:6:BOARD_I2C_Init	32	static
board.c:58:10:BOARD_I2C_Send	48	static
board.c:79:10:BOARD_I2C_Receive	48	static
board.c:100:6:BOARD_Accel_I2C_Init	8	static
board.c:105:10:BOARD_Accel_I2C_Send	40	static
board.c:112:10:BOARD_Accel_I2C_Receive	32	static
board.c:118:6:BOARD_Codec_I2C_Init	8	static
board.c:123:10:BOARD_Codec_I2C_Send	32	static
board.c:130:10:BOARD_Codec_I2C_Receive	32	static
