Archive member included to satisfy reference by file (symbol)

/Users/charles/Documents/MCUXpressoIDE_11.3.0/workspace/lpcxpresso55s69_i2s_dma_transfer/LPC55S69/mcuxpresso/libpower_hardabi.a(fsl_power_lib.o)
                              ./drivers/fsl_clock.o (POWER_SetVoltageForFreq)
/Applications/MCUXpressoIDE_11.3.0_5222/ide/plugins/com.nxp.mcuxpresso.tools.macosx_11.3.0.202011031536/tools/bin/../lib/gcc/arm-none-eabi/9.3.1/../../../../arm-none-eabi/lib/thumb/v8-m.main+fp/hard/libcr_semihost_nf.a(_cr__main.o)
                              ./startup/startup_lpc55s69_cm33_core0.o (__main)
/Applications/MCUXpressoIDE_11.3.0_5222/ide/plugins/com.nxp.mcuxpresso.tools.macosx_11.3.0.202011031536/tools/bin/../lib/gcc/arm-none-eabi/9.3.1/../../../../arm-none-eabi/lib/thumb/v8-m.main+fp/hard/libcr_c.a(memset.o)
                              ./source/i2s_dma_transfer.o (memset)
/Applications/MCUXpressoIDE_11.3.0_5222/ide/plugins/com.nxp.mcuxpresso.tools.macosx_11.3.0.202011031536/tools/bin/../lib/gcc/arm-none-eabi/9.3.1/../../../../arm-none-eabi/lib/thumb/v8-m.main+fp/hard/libcr_c.a(alloc.o)
                              ./drivers/fsl_common.o (malloc)
/Applications/MCUXpressoIDE_11.3.0_5222/ide/plugins/com.nxp.mcuxpresso.tools.macosx_11.3.0.202011031536/tools/bin/../lib/gcc/arm-none-eabi/9.3.1/../../../../arm-none-eabi/lib/thumb/v8-m.main+fp/hard/libcr_c.a(initio.o)
                              /Applications/MCUXpressoIDE_11.3.0_5222/ide/plugins/com.nxp.mcuxpresso.tools.macosx_11.3.0.202011031536/tools/bin/../lib/gcc/arm-none-eabi/9.3.1/../../../../arm-none-eabi/lib/thumb/v8-m.main+fp/hard/libcr_semihost_nf.a(_cr__main.o) (_initio)
/Applications/MCUXpressoIDE_11.3.0_5222/ide/plugins/com.nxp.mcuxpresso.tools.macosx_11.3.0.202011031536/tools/bin/../lib/gcc/arm-none-eabi/9.3.1/../../../../arm-none-eabi/lib/thumb/v8-m.main+fp/hard/libcr_c.a(printf.o)
                              ./utilities/fsl_assert.o (_printf)
/Applications/MCUXpressoIDE_11.3.0_5222/ide/plugins/com.nxp.mcuxpresso.tools.macosx_11.3.0.202011031536/tools/bin/../lib/gcc/arm-none-eabi/9.3.1/../../../../arm-none-eabi/lib/thumb/v8-m.main+fp/hard/libcr_c.a(setvbuf.o)
                              /Applications/MCUXpressoIDE_11.3.0_5222/ide/plugins/com.nxp.mcuxpresso.tools.macosx_11.3.0.202011031536/tools/bin/../lib/gcc/arm-none-eabi/9.3.1/../../../../arm-none-eabi/lib/thumb/v8-m.main+fp/hard/libcr_c.a(initio.o) (setvbuf)
/Applications/MCUXpressoIDE_11.3.0_5222/ide/plugins/com.nxp.mcuxpresso.tools.macosx_11.3.0.202011031536/tools/bin/../lib/gcc/arm-none-eabi/9.3.1/../../../../arm-none-eabi/lib/thumb/v8-m.main+fp/hard/libcr_c.a(strlen.o)
                              /Applications/MCUXpressoIDE_11.3.0_5222/ide/plugins/com.nxp.mcuxpresso.tools.macosx_11.3.0.202011031536/tools/bin/../lib/gcc/arm-none-eabi/9.3.1/../../../../arm-none-eabi/lib/thumb/v8-m.main+fp/hard/libcr_c.a(printf.o) (strlen)
/Applications/MCUXpressoIDE_11.3.0_5222/ide/plugins/com.nxp.mcuxpresso.tools.macosx_11.3.0.202011031536/tools/bin/../lib/gcc/arm-none-eabi/9.3.1/../../../../arm-none-eabi/lib/thumb/v8-m.main+fp/hard/libcr_c.a(memcpy.o)
                              /Applications/MCUXpressoIDE_11.3.0_5222/ide/plugins/com.nxp.mcuxpresso.tools.macosx_11.3.0.202011031536/tools/bin/../lib/gcc/arm-none-eabi/9.3.1/../../../../arm-none-eabi/lib/thumb/v8-m.main+fp/hard/libcr_c.a(alloc.o) (memcpy)
/Applications/MCUXpressoIDE_11.3.0_5222/ide/plugins/com.nxp.mcuxpresso.tools.macosx_11.3.0.202011031536/tools/bin/../lib/gcc/arm-none-eabi/9.3.1/../../../../arm-none-eabi/lib/thumb/v8-m.main+fp/hard/libcr_c.a(__init_alloc.o)
                              /Applications/MCUXpressoIDE_11.3.0_5222/ide/plugins/com.nxp.mcuxpresso.tools.macosx_11.3.0.202011031536/tools/bin/../lib/gcc/arm-none-eabi/9.3.1/../../../../arm-none-eabi/lib/thumb/v8-m.main+fp/hard/libcr_c.a(alloc.o) (__heaps)
/Applications/MCUXpressoIDE_11.3.0_5222/ide/plugins/com.nxp.mcuxpresso.tools.macosx_11.3.0.202011031536/tools/bin/../lib/gcc/arm-none-eabi/9.3.1/../../../../arm-none-eabi/lib/thumb/v8-m.main+fp/hard/libcr_c.a(_cr_sbrk.o)
                              /Applications/MCUXpressoIDE_11.3.0_5222/ide/plugins/com.nxp.mcuxpresso.tools.macosx_11.3.0.202011031536/tools/bin/../lib/gcc/arm-none-eabi/9.3.1/../../../../arm-none-eabi/lib/thumb/v8-m.main+fp/hard/libcr_c.a(alloc.o) (_sbrk)
/Applications/MCUXpressoIDE_11.3.0_5222/ide/plugins/com.nxp.mcuxpresso.tools.macosx_11.3.0.202011031536/tools/bin/../lib/gcc/arm-none-eabi/9.3.1/../../../../arm-none-eabi/lib/thumb/v8-m.main+fp/hard/libcr_c.a(_deferredlazyseek.o)
                              /Applications/MCUXpressoIDE_11.3.0_5222/ide/plugins/com.nxp.mcuxpresso.tools.macosx_11.3.0.202011031536/tools/bin/../lib/gcc/arm-none-eabi/9.3.1/../../../../arm-none-eabi/lib/thumb/v8-m.main+fp/hard/libcr_c.a(printf.o) (__flsbuf)
[...]
Memory Configuration

Name             Origin             Length             Attributes
PROGRAM_FLASH    0x0000000000000000 0x0000000000098000 xr
SRAM             0x0000000020000000 0x0000000000040000 xrw
SRAM4            0x0000000020040000 0x0000000000004000 xrw
SRAMX            0x0000000004000000 0x0000000000008000 xrw
USB_RAM          0x0000000040100000 0x0000000000004000 xrw
*default*        0x0000000000000000 0xffffffffffffffff

Linker script and memory map

LOAD ./utilities/fsl_assert.o
LOAD ./utilities/fsl_debug_console.o
LOAD ./startup/boot_multicore_slave.o
LOAD ./startup/startup_lpc55s69_cm33_core0.o
LOAD ./source/i2s_dma_transfer.o
LOAD ./source/semihost_hardfault.o
LOAD ./drivers/fsl_clock.o
LOAD ./drivers/fsl_common.o
LOAD ./drivers/fsl_dma.o
LOAD ./drivers/fsl_flexcomm.o
LOAD ./drivers/fsl_gpio.o
LOAD ./drivers/fsl_i2c.o
LOAD ./drivers/fsl_i2s.o
LOAD ./drivers/fsl_i2s_dma.o
LOAD ./drivers/fsl_inputmux.o
LOAD ./drivers/fsl_reset.o
LOAD ./drivers/fsl_sysctl.o
LOAD ./drivers/fsl_usart.o
LOAD ./device/system_LPC55S69_cm33_core0.o
LOAD ./component/uart/fsl_adapter_usart.o
LOAD ./component/lists/fsl_component_generic_list.o
LOAD ./component/i2c/fsl_adapter_flexcomm_i2c.o
LOAD ./codec/fsl_codec_adapter.o
LOAD ./codec/fsl_codec_common.o
LOAD ./codec/fsl_codec_i2c.o
LOAD ./codec/fsl_wm8904.o
LOAD ./board/board.o
LOAD ./board/clock_config.o
LOAD ./board/pin_mux.o
LOAD ./LPC55S69/drivers/fsl_power.o
LOAD /Users/charles/Documents/MCUXpressoIDE_11.3.0/workspace/lpcxpresso55s69_i2s_dma_transfer/LPC55S69/mcuxpresso/libpower_hardabi.a
START GROUP
LOAD /Applications/MCUXpressoIDE_11.3.0_5222/ide/plugins/com.nxp.mcuxpresso.tools.macosx_11.3.0.202011031536/tools/bin/../lib/gcc/arm-none-eabi/9.3.1/../../../../arm-none-eabi/lib/thumb/v8-m.main+fp/hard/libcr_semihost_nf.a
LOAD /Applications/MCUXpressoIDE_11.3.0_5222/ide/plugins/com.nxp.mcuxpresso.tools.macosx_11.3.0.202011031536/tools/bin/../lib/gcc/arm-none-eabi/9.3.1/../../../../arm-none-eabi/lib/thumb/v8-m.main+fp/hard/libcr_c.a
LOAD /Applications/MCUXpressoIDE_11.3.0_5222/ide/plugins/com.nxp.mcuxpresso.tools.macosx_11.3.0.202011031536/tools/bin/../lib/gcc/arm-none-eabi/9.3.1/thumb/v8-m.main+fp/hard/libcr_eabihelpers.a
LOAD /Applications/MCUXpressoIDE_11.3.0_5222/ide/plugins/com.nxp.mcuxpresso.tools.macosx_11.3.0.202011031536/tools/bin/../lib/gcc/arm-none-eabi/9.3.1/thumb/v8-m.main+fp/hard/libgcc.a
END GROUP
                0x0000000000000000                __base_PROGRAM_FLASH = 0x0
                0x0000000000000000                __base_Flash = 0x0
                0x0000000000098000                __top_PROGRAM_FLASH = 0x98000
                0x0000000000098000                __top_Flash = 0x98000
                0x0000000020000000                __base_SRAM = 0x20000000
                0x0000000020000000                __base_RAM = 0x20000000
                0x0000000020040000                __top_SRAM = 0x20040000
                0x0000000020040000                __top_RAM = 0x20040000
                0x0000000020040000                __base_SRAM4 = 0x20040000
                0x0000000020040000                __base_RAM2 = 0x20040000
                0x0000000020044000                __top_SRAM4 = 0x20044000
                0x0000000020044000                __top_RAM2 = 0x20044000
                0x0000000004000000                __base_SRAMX = 0x4000000
                0x0000000004000000                __base_RAM3 = 0x4000000
                0x0000000004008000                __top_SRAMX = 0x4008000
                0x0000000004008000                __top_RAM3 = 0x4008000
                0x0000000040100000                __base_USB_RAM = 0x40100000
                0x0000000040100000                __base_RAM4 = 0x40100000
                0x0000000040104000                __top_USB_RAM = 0x40104000
                0x0000000040104000                __top_RAM4 = 0x40104000

.text           0x0000000000000000     0x72d8
 FILL mask 0xff
                0x0000000000000000                __vectors_start__ = ABSOLUTE (.)
 *(SORT_BY_ALIGNMENT(.isr_vector))
 .isr_vector    0x0000000000000000      0x130 ./startup/startup_lpc55s69_cm33_core0.o
                0x0000000000000000                __Vectors
                0x0000000000000000                g_pfnVectors
                0x0000000000000130                . = ALIGN (0x4)
                0x0000000000000130                __section_table_start = .
                0x0000000000000130                __data_section_table = .
                0x0000000000000130        0x4 LONG 0x72d8 LOADADDR (.data)
                0x0000000000000134        0x4 LONG 0x20000000 ADDR (.data)
                0x0000000000000138        0x4 LONG 0xea9c SIZEOF (.data)
                0x000000000000013c        0x4 LONG 0x72d8 LOADADDR (.data_RAM2)
                0x0000000000000140        0x4 LONG 0x20040000 ADDR (.data_RAM2)
                0x0000000000000144        0x4 LONG 0x0 SIZEOF (.data_RAM2)
                0x0000000000000148        0x4 LONG 0x72d8 LOADADDR (.data_RAM3)
                0x000000000000014c        0x4 LONG 0x4000000 ADDR (.data_RAM3)
                0x0000000000000150        0x4 LONG 0x0 SIZEOF (.data_RAM3)
                0x0000000000000154        0x4 LONG 0x72d8 LOADADDR (.data_RAM4)
                0x0000000000000158        0x4 LONG 0x40100000 ADDR (.data_RAM4)
                0x000000000000015c        0x4 LONG 0x0 SIZEOF (.data_RAM4)
                0x0000000000000160                __data_section_table_end = .
                0x0000000000000160                __bss_section_table = .
                0x0000000000000160        0x4 LONG 0x2000ec00 ADDR (.bss)
                0x0000000000000164        0x4 LONG 0x8bc SIZEOF (.bss)
                0x0000000000000168        0x4 LONG 0x20040000 ADDR (.bss_RAM2)
                0x000000000000016c        0x4 LONG 0x0 SIZEOF (.bss_RAM2)
                0x0000000000000170        0x4 LONG 0x4000000 ADDR (.bss_RAM3)
                0x0000000000000174        0x4 LONG 0x0 SIZEOF (.bss_RAM3)
                0x0000000000000178        0x4 LONG 0x40100000 ADDR (.bss_RAM4)
                0x000000000000017c        0x4 LONG 0x0 SIZEOF (.bss_RAM4)
                0x0000000000000180                __bss_section_table_end = .
                0x0000000000000180                __section_table_end = .
 *(SORT_BY_ALIGNMENT(.after_vectors*))
 .after_vectors.reset
                0x0000000000000180       0x4c ./startup/startup_lpc55s69_cm33_core0.o
                0x0000000000000180                ResetISR
 .after_vectors.init_data
                0x00000000000001cc       0x1e ./startup/startup_lpc55s69_cm33_core0.o
                0x00000000000001cc                data_init
 .after_vectors.init_bss
                0x00000000000001ea       0x12 ./startup/startup_lpc55s69_cm33_core0.o
                0x00000000000001ea                bss_init
 .after_vectors
                0x00000000000001fc       0x16 ./startup/startup_lpc55s69_cm33_core0.o
                0x00000000000001fc                NMI_Handler
                0x0000000000000200                MemManage_Handler
                0x0000000000000202                BusFault_Handler
                0x0000000000000204                UsageFault_Handler
                0x0000000000000206                SecureFault_Handler
                0x0000000000000208                SVC_Handler
                0x000000000000020a                DebugMon_Handler
                0x000000000000020c                PendSV_Handler
                0x000000000000020e                SysTick_Handler
                0x0000000000000210                IntDefaultHandler
                0x0000000000000210                USB0_DriverIRQHandler
                0x0000000000000210                CASER_DriverIRQHandler
                0x0000000000000210                MRT0_DriverIRQHandler
                0x0000000000000210                UTICK0_DriverIRQHandler
                0x0000000000000210                Reserved41_DriverIRQHandler
                0x0000000000000210                PIN_INT4_DriverIRQHandler
                0x0000000000000210                PIN_INT5_DriverIRQHandler
                0x0000000000000210                SEC_GPIO_INT0_IRQ0_DriverIRQHandler
                0x0000000000000210                CTIMER4_DriverIRQHandler
                0x0000000000000210                GINT1_DriverIRQHandler
                0x0000000000000210                PIN_INT7_DriverIRQHandler
                0x0000000000000210                Reserved55_DriverIRQHandler
                0x0000000000000210                HASHCRYPT_DriverIRQHandler
                0x0000000000000210                USB0_NEEDCLK_DriverIRQHandler
                0x0000000000000210                CTIMER0_DriverIRQHandler
                0x0000000000000210                CTIMER1_DriverIRQHandler
                0x0000000000000210                PIN_INT6_DriverIRQHandler
                0x0000000000000210                PQ_DriverIRQHandler
                0x0000000000000210                MAILBOX_DriverIRQHandler
                0x0000000000000210                PIN_INT1_DriverIRQHandler
                0x0000000000000210                CTIMER3_DriverIRQHandler
                0x0000000000000210                Reserved61_DriverIRQHandler
                0x0000000000000210                SEC_GPIO_INT0_IRQ1_DriverIRQHandler
                0x0000000000000210                PUF_DriverIRQHandler
                0x0000000000000210                RTC_DriverIRQHandler
                0x0000000000000210                USB1_DriverIRQHandler
                0x0000000000000210                Reserved60_DriverIRQHandler
                0x0000000000000210                ADC0_DriverIRQHandler
                0x0000000000000210                USB1_NEEDCLK_DriverIRQHandler
                0x0000000000000210                Reserved59_DriverIRQHandler
                0x0000000000000210                SDIO_DriverIRQHandler
                0x0000000000000210                GINT0_DriverIRQHandler
                0x0000000000000210                USB1_PHY_DriverIRQHandler
                0x0000000000000210                ACMP_DriverIRQHandler
                0x0000000000000210                Reserved57_DriverIRQHandler
                0x0000000000000210                Reserved46_DriverIRQHandler
                0x0000000000000210                WDT_BOD_DriverIRQHandler
                0x0000000000000210                SCT0_DriverIRQHandler
                0x0000000000000210                PLU_DriverIRQHandler
                0x0000000000000210                OS_EVENT_DriverIRQHandler
                0x0000000000000210                SEC_HYPERVISOR_CALL_DriverIRQHandler
                0x0000000000000210                Reserved39_DriverIRQHandler
                0x0000000000000210                Reserved42_DriverIRQHandler
                0x0000000000000210                SEC_VIO_DriverIRQHandler
                0x0000000000000210                PIN_INT3_DriverIRQHandler
                0x0000000000000210                PIN_INT2_DriverIRQHandler
                0x0000000000000210                Reserved56_DriverIRQHandler
                0x0000000000000210                PIN_INT0_DriverIRQHandler
                0x0000000000000210                CTIMER2_DriverIRQHandler
 *(SORT_BY_ALIGNMENT(.text*))
 *fill*         0x0000000000000212        0x2 ff
 .text.__assertion_failed
                0x0000000000000214       0x18 ./utilities/fsl_assert.o
                0x0000000000000214                __assertion_failed
 .text.__NVIC_EnableIRQ
                0x000000000000022c       0x3c ./source/i2s_dma_transfer.o
 .text.__NVIC_ClearPendingIRQ
                0x0000000000000268       0x3c ./source/i2s_dma_transfer.o
 .text.DMA_EnableChannel
                0x00000000000002a4       0x58 ./source/i2s_dma_transfer.o
 .text.DMA_SetChannelPriority
                0x00000000000002fc       0x4c ./source/i2s_dma_transfer.o
 .text.POWER_SetBodVbatLevel
                0x0000000000000348       0x58 ./source/i2s_dma_transfer.o
 .text.BOARD_InitSysctrl
                0x00000000000003a0       0x5c ./source/i2s_dma_transfer.o
                0x00000000000003a0                BOARD_InitSysctrl
 .text.StartSoundPlayback
                0x00000000000003fc       0x68 ./source/i2s_dma_transfer.o
 .text.main     0x0000000000000464      0x208 ./source/i2s_dma_transfer.o
                0x0000000000000464                main
 .text.POWER_EnablePD
                0x000000000000066c       0x20 ./drivers/fsl_clock.o
 .text.POWER_DisablePD
                0x000000000000068c       0x20 ./drivers/fsl_clock.o
 .text.CLOCK_AttachClk
                0x00000000000006ac       0x98 ./drivers/fsl_clock.o
                0x00000000000006ac                CLOCK_AttachClk
 .text.CLOCK_SetClkDiv
                0x0000000000000744       0x80 ./drivers/fsl_clock.o
                0x0000000000000744                CLOCK_SetClkDiv
 .text.CLOCK_SetupFROClocking
                0x00000000000007c4       0x80 ./drivers/fsl_clock.o
                0x00000000000007c4                CLOCK_SetupFROClocking
 .text.CLOCK_SetFLASHAccessCyclesForFreq
                0x0000000000000844      0x148 ./drivers/fsl_clock.o
                0x0000000000000844                CLOCK_SetFLASHAccessCyclesForFreq
 .text.CLOCK_GetFro1MFreq
                0x000000000000098c       0x28 ./drivers/fsl_clock.o
                0x000000000000098c                CLOCK_GetFro1MFreq
 .text.CLOCK_GetExtClkFreq
                0x00000000000009b4       0x2c ./drivers/fsl_clock.o
                0x00000000000009b4                CLOCK_GetExtClkFreq
 .text.CLOCK_GetPll0OutFreq
                0x00000000000009e0       0x18 ./drivers/fsl_clock.o
                0x00000000000009e0                CLOCK_GetPll0OutFreq
 .text.CLOCK_GetOsc32KFreq
                0x00000000000009f8       0x58 ./drivers/fsl_clock.o
                0x00000000000009f8                CLOCK_GetOsc32KFreq
 .text.CLOCK_GetPLL0InClockRate
                0x0000000000000a50       0x64 ./drivers/fsl_clock.o
                0x0000000000000a50                CLOCK_GetPLL0InClockRate
 .text.CLOCK_SetPLL0Freq
                0x0000000000000ab4      0x12c ./drivers/fsl_clock.o
                0x0000000000000ab4                CLOCK_SetPLL0Freq
 .text.SDK_DelayAtLeastUs
                0x0000000000000be0       0x90 ./drivers/fsl_common.o
                0x0000000000000be0                SDK_DelayAtLeastUs
 .text.__NVIC_EnableIRQ
                0x0000000000000c70       0x3c ./drivers/fsl_dma.o
 .text.DMA_EnableChannelInterrupts
                0x0000000000000cac       0x58 ./drivers/fsl_dma.o
 .text.DMA_EnableChannel
                0x0000000000000d04       0x58 ./drivers/fsl_dma.o
 .text.DMA_DisableChannel
                0x0000000000000d5c       0x58 ./drivers/fsl_dma.o
 .text.DMA_GetInstance
                0x0000000000000db4       0x4c ./drivers/fsl_dma.o
 .text.DMA_Init
                0x0000000000000e00       0x68 ./drivers/fsl_dma.o
                0x0000000000000e00                DMA_Init
 .text.DMA_SetupDescriptor
                0x0000000000000e68      0x124 ./drivers/fsl_dma.o
                0x0000000000000e68                DMA_SetupDescriptor
 .text.DMA_AbortTransfer
                0x0000000000000f8c       0xa8 ./drivers/fsl_dma.o
                0x0000000000000f8c                DMA_AbortTransfer
 .text.DMA_CreateHandle
                0x0000000000001034       0x88 ./drivers/fsl_dma.o
                0x0000000000001034                DMA_CreateHandle
 .text.DMA_SetCallback
                0x00000000000010bc       0x30 ./drivers/fsl_dma.o
                0x00000000000010bc                DMA_SetCallback
 .text.DMA_SubmitChannelTransferParameter
                0x00000000000010ec       0x84 ./drivers/fsl_dma.o
                0x00000000000010ec                DMA_SubmitChannelTransferParameter
 .text.DMA_StartTransfer
                0x0000000000001170       0x80 ./drivers/fsl_dma.o
                0x0000000000001170                DMA_StartTransfer
 .text.DMA_IRQHandle
                0x00000000000011f0      0x168 ./drivers/fsl_dma.o
                0x00000000000011f0                DMA_IRQHandle
 .text.DMA0_DriverIRQHandler
                0x0000000000001358       0x14 ./drivers/fsl_dma.o
                0x0000000000001358                DMA0_DriverIRQHandler
 .text.DMA1_DriverIRQHandler
                0x000000000000136c       0x14 ./drivers/fsl_dma.o
                0x000000000000136c                DMA1_DriverIRQHandler
 .text.FLEXCOMM_GetInstance
                0x0000000000001380       0x50 ./drivers/fsl_flexcomm.o
                0x0000000000001380                FLEXCOMM_GetInstance
 .text.FLEXCOMM_Init
                0x00000000000013d0       0x50 ./drivers/fsl_flexcomm.o
                0x00000000000013d0                FLEXCOMM_Init
 .text.FLEXCOMM0_DriverIRQHandler
                0x0000000000001420       0x38 ./drivers/fsl_flexcomm.o
                0x0000000000001420                FLEXCOMM0_DriverIRQHandler
 .text.FLEXCOMM1_DriverIRQHandler
                0x0000000000001458       0x38 ./drivers/fsl_flexcomm.o
                0x0000000000001458                FLEXCOMM1_DriverIRQHandler
 .text.FLEXCOMM2_DriverIRQHandler
                0x0000000000001490       0x38 ./drivers/fsl_flexcomm.o
                0x0000000000001490                FLEXCOMM2_DriverIRQHandler
 .text.FLEXCOMM3_DriverIRQHandler
                0x00000000000014c8       0x38 ./drivers/fsl_flexcomm.o
                0x00000000000014c8                FLEXCOMM3_DriverIRQHandler
 .text.FLEXCOMM4_DriverIRQHandler
                0x0000000000001500       0x38 ./drivers/fsl_flexcomm.o
                0x0000000000001500                FLEXCOMM4_DriverIRQHandler
 .text.FLEXCOMM5_DriverIRQHandler
                0x0000000000001538       0x38 ./drivers/fsl_flexcomm.o
                0x0000000000001538                FLEXCOMM5_DriverIRQHandler
 .text.FLEXCOMM6_DriverIRQHandler
                0x0000000000001570       0x38 ./drivers/fsl_flexcomm.o
                0x0000000000001570                FLEXCOMM6_DriverIRQHandler
 .text.FLEXCOMM7_DriverIRQHandler
                0x00000000000015a8       0x38 ./drivers/fsl_flexcomm.o
                0x00000000000015a8                FLEXCOMM7_DriverIRQHandler
 .text.FLEXCOMM8_DriverIRQHandler
                0x00000000000015e0       0x38 ./drivers/fsl_flexcomm.o
                0x00000000000015e0                FLEXCOMM8_DriverIRQHandler
 .text.I2C_MasterGetDefaultConfig
                0x0000000000001618       0x30 ./drivers/fsl_i2c.o
                0x0000000000001618                I2C_MasterGetDefaultConfig
 .text.I2C_MasterSetBaudRate
                0x0000000000001648      0x13c ./drivers/fsl_i2c.o
                0x0000000000001648                I2C_MasterSetBaudRate
 .text.I2C_MasterWriteBlocking
                0x0000000000001784      0x10c ./drivers/fsl_i2c.o
                0x0000000000001784                I2C_MasterWriteBlocking
 .text.I2C_MasterReadBlocking
                0x0000000000001890       0xf0 ./drivers/fsl_i2c.o
                0x0000000000001890                I2C_MasterReadBlocking
 .text.I2C_MasterTransferBlocking
                0x0000000000001980      0x168 ./drivers/fsl_i2c.o
                0x0000000000001980                I2C_MasterTransferBlocking
 .text.I2S_Config
                0x0000000000001ae8       0xf0 ./drivers/fsl_i2s.o
 .text.DMA_EnableChannelInterrupts
                0x0000000000001bd8       0x58 ./drivers/fsl_i2s_dma.o
 .text.DMA_DisableChannelInterrupts
                0x0000000000001c30       0x58 ./drivers/fsl_i2s_dma.o
 .text.DMA_EnableChannelPeriphRq
                0x0000000000001c88       0x40 ./drivers/fsl_i2s_dma.o
 .text.I2S_EnqueueUserBuffer
                0x0000000000001cc8      0x134 ./drivers/fsl_i2s_dma.o
 .text.I2S_GetInstance
                0x0000000000001dfc       0x44 ./drivers/fsl_i2s_dma.o
 .text.I2S_TxTransferCreateHandleDMA
                0x0000000000001e40       0xd0 ./drivers/fsl_i2s_dma.o
                0x0000000000001e40                I2S_TxTransferCreateHandleDMA
 .text.I2S_TransferAbortDMA
                0x0000000000001f10      0x110 ./drivers/fsl_i2s_dma.o
                0x0000000000001f10                I2S_TransferAbortDMA
 .text.I2S_GetTransferBytes
                0x0000000000002020       0x64 ./drivers/fsl_i2s_dma.o
 .text.I2S_StartTransferDMA
                0x0000000000002084      0x244 ./drivers/fsl_i2s_dma.o
 .text.I2S_AddTransferDMA
                0x00000000000022c8      0x22c ./drivers/fsl_i2s_dma.o
 .text.RESET_SetPeripheralReset
                0x00000000000024f4       0x5c ./drivers/fsl_reset.o
                0x00000000000024f4                RESET_SetPeripheralReset
 .text.RESET_ClearPeripheralReset
                0x0000000000002550       0x60 ./drivers/fsl_reset.o
                0x0000000000002550                RESET_ClearPeripheralReset
 .text.SYSCTL_GetInstance
                0x00000000000025b0       0x40 ./drivers/fsl_sysctl.o
 .text.SystemInit
                0x00000000000025f0       0x64 ./device/system_LPC55S69_cm33_core0.o
                0x00000000000025f0                SystemInit
 .text.HAL_I2cGetStatus
                0x0000000000002654       0xa8 ./component/i2c/fsl_adapter_flexcomm_i2c.o
 .text.HAL_I2cMasterInit
                0x00000000000026fc       0x78 ./component/i2c/fsl_adapter_flexcomm_i2c.o
                0x00000000000026fc                HAL_I2cMasterInit
 .text.HAL_I2cMasterTransferBlocking
                0x0000000000002774       0x94 ./component/i2c/fsl_adapter_flexcomm_i2c.o
                0x0000000000002774                HAL_I2cMasterTransferBlocking
 .text.HAL_CODEC_Init
                0x0000000000002808       0x4c ./codec/fsl_codec_adapter.o
                0x0000000000002808                HAL_CODEC_Init
 .text.HAL_CODEC_SetVolume
                0x0000000000002854       0x90 ./codec/fsl_codec_adapter.o
                0x0000000000002854                HAL_CODEC_SetVolume
 .text.CODEC_Init
                0x00000000000028e4       0x38 ./codec/fsl_codec_common.o
                0x00000000000028e4                CODEC_Init
 .text.CODEC_SetVolume
                0x000000000000291c       0x70 ./codec/fsl_codec_common.o
                0x000000000000291c                CODEC_SetVolume
 .text.WM8904_WriteRegister
                0x000000000000298c       0x6c ./codec/fsl_wm8904.o
                0x000000000000298c                WM8904_WriteRegister
 .text.WM8904_ReadRegister
                0x00000000000029f8       0x78 ./codec/fsl_wm8904.o
                0x00000000000029f8                WM8904_ReadRegister
 .text.WM8904_Init
                0x0000000000002a70      0x380 ./codec/fsl_wm8904.o
                0x0000000000002a70                WM8904_Init
 .text.WM8904_SeMasterClock
                0x0000000000002df0      0x3f0 ./codec/fsl_wm8904.o
                0x0000000000002df0                WM8904_SeMasterClock
 .text.WM8904_SetFLLConfig
                0x00000000000031e0      0x238 ./codec/fsl_wm8904.o
                0x00000000000031e0                WM8904_SetFLLConfig
 .text.WM8904_CheckAudioFormat
                0x0000000000003418      0x1a8 ./codec/fsl_wm8904.o
                0x0000000000003418                WM8904_CheckAudioFormat
 .text.WM8904_SetChannelVolume
                0x00000000000035c0       0xb4 ./codec/fsl_wm8904.o
                0x00000000000035c0                WM8904_SetChannelVolume
 .text.WM8904_SetRecord
                0x0000000000003674       0xd0 ./codec/fsl_wm8904.o
                0x0000000000003674                WM8904_SetRecord
 .text.BOARD_InitDebugConsole
                0x0000000000003744       0x38 ./board/board.o
                0x0000000000003744                BOARD_InitDebugConsole
 .text.POWER_DisablePD
                0x000000000000377c       0x20 ./board/clock_config.o
 .text.BOARD_BootClockFROHF96M
                0x000000000000379c       0x58 ./board/clock_config.o
                0x000000000000379c                BOARD_BootClockFROHF96M
 .text.BOARD_InitPins
                0x00000000000037f4       0xe0 ./board/pin_mux.o
                0x00000000000037f4                BOARD_InitPins
 .text.lowpower_set_system_voltage
                0x00000000000038d4       0xa0 /Users/charles/Documents/MCUXpressoIDE_11.3.0/workspace/lpcxpresso55s69_i2s_dma_transfer/LPC55S69/mcuxpresso/libpower_hardabi.a(fsl_power_lib.o)
 .text.lowpower_set_voltage_for_process
                0x0000000000003974       0x84 /Users/charles/Documents/MCUXpressoIDE_11.3.0/workspace/lpcxpresso55s69_i2s_dma_transfer/LPC55S69/mcuxpresso/libpower_hardabi.a(fsl_power_lib.o)
 .text.POWER_SetVoltageForFreq
                0x00000000000039f8       0x84 /Users/charles/Documents/MCUXpressoIDE_11.3.0/workspace/lpcxpresso55s69_i2s_dma_transfer/LPC55S69/mcuxpresso/libpower_hardabi.a(fsl_power_lib.o)
                0x00000000000039f8                POWER_SetVoltageForFreq
 .text.malloc   0x0000000000003a7c       0xc8 /Applications/MCUXpressoIDE_11.3.0_5222/ide/plugins/com.nxp.mcuxpresso.tools.macosx_11.3.0.202011031536/tools/bin/../lib/gcc/arm-none-eabi/9.3.1/../../../../arm-none-eabi/lib/thumb/v8-m.main+fp/hard/libcr_c.a(alloc.o)
                0x0000000000003a7c                malloc
 .text._Csys_alloc
                0x0000000000003b44       0x20 /Applications/MCUXpressoIDE_11.3.0_5222/ide/plugins/com.nxp.mcuxpresso.tools.macosx_11.3.0.202011031536/tools/bin/../lib/gcc/arm-none-eabi/9.3.1/../../../../arm-none-eabi/lib/thumb/v8-m.main+fp/hard/libcr_c.a(alloc.o)
                0x0000000000003b44                _Csys_alloc
 .text._initio  0x0000000000003b64       0x78 /Applications/MCUXpressoIDE_11.3.0_5222/ide/plugins/com.nxp.mcuxpresso.tools.macosx_11.3.0.202011031536/tools/bin/../lib/gcc/arm-none-eabi/9.3.1/../../../../arm-none-eabi/lib/thumb/v8-m.main+fp/hard/libcr_c.a(initio.o)
                0x0000000000003b64                _initio
 .text.__vfprintf
                0x0000000000003bdc      0xcdc /Applications/MCUXpressoIDE_11.3.0_5222/ide/plugins/com.nxp.mcuxpresso.tools.macosx_11.3.0.202011031536/tools/bin/../lib/gcc/arm-none-eabi/9.3.1/../../../../arm-none-eabi/lib/thumb/v8-m.main+fp/hard/libcr_c.a(printf.o)
                0x0000000000003bdc                __vfprintf
 .text._vsnprintf
                0x00000000000048b8       0x68 /Applications/MCUXpressoIDE_11.3.0_5222/ide/plugins/com.nxp.mcuxpresso.tools.macosx_11.3.0.202011031536/tools/bin/../lib/gcc/arm-none-eabi/9.3.1/../../../../arm-none-eabi/lib/thumb/v8-m.main+fp/hard/libcr_c.a(printf.o)
                0x00000000000048b8                _vsnprintf
 .text._printf  0x0000000000004920       0x54 /Applications/MCUXpressoIDE_11.3.0_5222/ide/plugins/com.nxp.mcuxpresso.tools.macosx_11.3.0.202011031536/tools/bin/../lib/gcc/arm-none-eabi/9.3.1/../../../../arm-none-eabi/lib/thumb/v8-m.main+fp/hard/libcr_c.a(printf.o)
                0x0000000000004920                _printf
 .text._sbrk    0x0000000000004974       0x3c /Applications/MCUXpressoIDE_11.3.0_5222/ide/plugins/com.nxp.mcuxpresso.tools.macosx_11.3.0.202011031536/tools/bin/../lib/gcc/arm-none-eabi/9.3.1/../../../../arm-none-eabi/lib/thumb/v8-m.main+fp/hard/libcr_c.a(_cr_sbrk.o)
                0x0000000000004974                _sbrk
 .text._Cwritebuf
                0x00000000000049b0       0x6c /Applications/MCUXpressoIDE_11.3.0_5222/ide/plugins/com.nxp.mcuxpresso.tools.macosx_11.3.0.202011031536/tools/bin/../lib/gcc/arm-none-eabi/9.3.1/../../../../arm-none-eabi/lib/thumb/v8-m.main+fp/hard/libcr_c.a(_writebuf.o)
                0x00000000000049b0                _Cwritebuf
 .text.fflush   0x0000000000004a1c       0x44 /Applications/MCUXpressoIDE_11.3.0_5222/ide/plugins/com.nxp.mcuxpresso.tools.macosx_11.3.0.202011031536/tools/bin/../lib/gcc/arm-none-eabi/9.3.1/../../../../arm-none-eabi/lib/thumb/v8-m.main+fp/hard/libcr_c.a(fflush.o)
                0x0000000000004a1c                fflush
 .text.fseek    0x0000000000004a60      0x100 /Applications/MCUXpressoIDE_11.3.0_5222/ide/plugins/com.nxp.mcuxpresso.tools.macosx_11.3.0.202011031536/tools/bin/../lib/gcc/arm-none-eabi/9.3.1/../../../../arm-none-eabi/lib/thumb/v8-m.main+fp/hard/libcr_c.a(fseek.o)
                0x0000000000004a60                fseek
 .text.ftell    0x0000000000004b60       0x44 /Applications/MCUXpressoIDE_11.3.0_5222/ide/plugins/com.nxp.mcuxpresso.tools.macosx_11.3.0.202011031536/tools/bin/../lib/gcc/arm-none-eabi/9.3.1/../../../../arm-none-eabi/lib/thumb/v8-m.main+fp/hard/libcr_c.a(ftell.o)
                0x0000000000004b60                ftell
 .text.__check_heap_overflow
                0x0000000000004ba4       0x18 /Applications/MCUXpressoIDE_11.3.0_5222/ide/plugins/com.nxp.mcuxpresso.tools.macosx_11.3.0.202011031536/tools/bin/../lib/gcc/arm-none-eabi/9.3.1/../../../../arm-none-eabi/lib/thumb/v8-m.main+fp/hard/libcr_c.a(_cr_check_heap.o)
                0x0000000000004ba4                __check_heap_overflow
 .text.__sys_appexit
                0x0000000000004bbc        0xc /Applications/MCUXpressoIDE_11.3.0_5222/ide/plugins/com.nxp.mcuxpresso.tools.macosx_11.3.0.202011031536/tools/bin/../lib/gcc/arm-none-eabi/9.3.1/../../../../arm-none-eabi/lib/thumb/v8-m.main+fp/hard/libcr_semihost_nf.a(__sys_appexit.o)
                0x0000000000004bbc                __exit
                0x0000000000004bbc                __sys_appexit
 .text.WDT_BOD_IRQHandler
                0x0000000000004bc8        0x8 ./startup/startup_lpc55s69_cm33_core0.o
                0x0000000000004bc8                WDT_BOD_IRQHandler
 .text.DMA0_IRQHandler
                0x0000000000004bd0        0x8 ./startup/startup_lpc55s69_cm33_core0.o
                0x0000000000004bd0                DMA0_IRQHandler
 .text.GINT0_IRQHandler
                0x0000000000004bd8        0x8 ./startup/startup_lpc55s69_cm33_core0.o
                0x0000000000004bd8                GINT0_IRQHandler
 .text.GINT1_IRQHandler
                0x0000000000004be0        0x8 ./startup/startup_lpc55s69_cm33_core0.o
                0x0000000000004be0                GINT1_IRQHandler
 .text.PIN_INT0_IRQHandler
                0x0000000000004be8        0x8 ./startup/startup_lpc55s69_cm33_core0.o
                0x0000000000004be8                PIN_INT0_IRQHandler
 .text.PIN_INT1_IRQHandler
                0x0000000000004bf0        0x8 ./startup/startup_lpc55s69_cm33_core0.o
                0x0000000000004bf0                PIN_INT1_IRQHandler
 .text.PIN_INT2_IRQHandler
                0x0000000000004bf8        0x8 ./startup/startup_lpc55s69_cm33_core0.o
                0x0000000000004bf8                PIN_INT2_IRQHandler
 .text.PIN_INT3_IRQHandler
                0x0000000000004c00        0x8 ./startup/startup_lpc55s69_cm33_core0.o
                0x0000000000004c00                PIN_INT3_IRQHandler
 .text.UTICK0_IRQHandler
                0x0000000000004c08        0x8 ./startup/startup_lpc55s69_cm33_core0.o
                0x0000000000004c08                UTICK0_IRQHandler
 .text.MRT0_IRQHandler
                0x0000000000004c10        0x8 ./startup/startup_lpc55s69_cm33_core0.o
                0x0000000000004c10                MRT0_IRQHandler
 .text.CTIMER0_IRQHandler
                0x0000000000004c18        0x8 ./startup/startup_lpc55s69_cm33_core0.o
                0x0000000000004c18                CTIMER0_IRQHandler
 .text.CTIMER1_IRQHandler
                0x0000000000004c20        0x8 ./startup/startup_lpc55s69_cm33_core0.o
                0x0000000000004c20                CTIMER1_IRQHandler
 .text.SCT0_IRQHandler
                0x0000000000004c28        0x8 ./startup/startup_lpc55s69_cm33_core0.o
                0x0000000000004c28                SCT0_IRQHandler
 .text.CTIMER3_IRQHandler
                0x0000000000004c30        0x8 ./startup/startup_lpc55s69_cm33_core0.o
                0x0000000000004c30                CTIMER3_IRQHandler
 .text.FLEXCOMM0_IRQHandler
                0x0000000000004c38        0x8 ./startup/startup_lpc55s69_cm33_core0.o
                0x0000000000004c38                FLEXCOMM0_IRQHandler
 .text.FLEXCOMM1_IRQHandler
                0x0000000000004c40        0x8 ./startup/startup_lpc55s69_cm33_core0.o
                0x0000000000004c40                FLEXCOMM1_IRQHandler
 .text.FLEXCOMM2_IRQHandler
                0x0000000000004c48        0x8 ./startup/startup_lpc55s69_cm33_core0.o
                0x0000000000004c48                FLEXCOMM2_IRQHandler
 .text.FLEXCOMM3_IRQHandler
                0x0000000000004c50        0x8 ./startup/startup_lpc55s69_cm33_core0.o
                0x0000000000004c50                FLEXCOMM3_IRQHandler
 .text.FLEXCOMM4_IRQHandler
                0x0000000000004c58        0x8 ./startup/startup_lpc55s69_cm33_core0.o
                0x0000000000004c58                FLEXCOMM4_IRQHandler
 .text.FLEXCOMM5_IRQHandler
                0x0000000000004c60        0x8 ./startup/startup_lpc55s69_cm33_core0.o
                0x0000000000004c60                FLEXCOMM5_IRQHandler
 .text.FLEXCOMM6_IRQHandler
                0x0000000000004c68        0x8 ./startup/startup_lpc55s69_cm33_core0.o
                0x0000000000004c68                FLEXCOMM6_IRQHandler
 .text.FLEXCOMM7_IRQHandler
                0x0000000000004c70        0x8 ./startup/startup_lpc55s69_cm33_core0.o
                0x0000000000004c70                FLEXCOMM7_IRQHandler
 .text.ADC0_IRQHandler
                0x0000000000004c78        0x8 ./startup/startup_lpc55s69_cm33_core0.o
                0x0000000000004c78                ADC0_IRQHandler
 .text.Reserved39_IRQHandler
                0x0000000000004c80        0x8 ./startup/startup_lpc55s69_cm33_core0.o
                0x0000000000004c80                Reserved39_IRQHandler
 .text.ACMP_IRQHandler
                0x0000000000004c88        0x8 ./startup/startup_lpc55s69_cm33_core0.o
                0x0000000000004c88                ACMP_IRQHandler
 .text.Reserved41_IRQHandler
                0x0000000000004c90        0x8 ./startup/startup_lpc55s69_cm33_core0.o
                0x0000000000004c90                Reserved41_IRQHandler
 .text.Reserved42_IRQHandler
                0x0000000000004c98        0x8 ./startup/startup_lpc55s69_cm33_core0.o
                0x0000000000004c98                Reserved42_IRQHandler
 .text.USB0_NEEDCLK_IRQHandler
                0x0000000000004ca0        0x8 ./startup/startup_lpc55s69_cm33_core0.o
                0x0000000000004ca0                USB0_NEEDCLK_IRQHandler
 .text.USB0_IRQHandler
                0x0000000000004ca8        0x8 ./startup/startup_lpc55s69_cm33_core0.o
                0x0000000000004ca8                USB0_IRQHandler
 .text.RTC_IRQHandler
                0x0000000000004cb0        0x8 ./startup/startup_lpc55s69_cm33_core0.o
                0x0000000000004cb0                RTC_IRQHandler
 .text.Reserved46_IRQHandler
                0x0000000000004cb8        0x8 ./startup/startup_lpc55s69_cm33_core0.o
                0x0000000000004cb8                Reserved46_IRQHandler
 .text.MAILBOX_IRQHandler
                0x0000000000004cc0        0x8 ./startup/startup_lpc55s69_cm33_core0.o
                0x0000000000004cc0                MAILBOX_IRQHandler
 .text.PIN_INT4_IRQHandler
                0x0000000000004cc8        0x8 ./startup/startup_lpc55s69_cm33_core0.o
                0x0000000000004cc8                PIN_INT4_IRQHandler
 .text.PIN_INT5_IRQHandler
                0x0000000000004cd0        0x8 ./startup/startup_lpc55s69_cm33_core0.o
                0x0000000000004cd0                PIN_INT5_IRQHandler
 .text.PIN_INT6_IRQHandler
                0x0000000000004cd8        0x8 ./startup/startup_lpc55s69_cm33_core0.o
                0x0000000000004cd8                PIN_INT6_IRQHandler
 .text.PIN_INT7_IRQHandler
                0x0000000000004ce0        0x8 ./startup/startup_lpc55s69_cm33_core0.o
                0x0000000000004ce0                PIN_INT7_IRQHandler
 .text.CTIMER2_IRQHandler
                0x0000000000004ce8        0x8 ./startup/startup_lpc55s69_cm33_core0.o
                0x0000000000004ce8                CTIMER2_IRQHandler
 .text.CTIMER4_IRQHandler
                0x0000000000004cf0        0x8 ./startup/startup_lpc55s69_cm33_core0.o
                0x0000000000004cf0                CTIMER4_IRQHandler
 .text.OS_EVENT_IRQHandler
                0x0000000000004cf8        0x8 ./startup/startup_lpc55s69_cm33_core0.o
                0x0000000000004cf8                OS_EVENT_IRQHandler
 .text.Reserved55_IRQHandler
                0x0000000000004d00        0x8 ./startup/startup_lpc55s69_cm33_core0.o
                0x0000000000004d00                Reserved55_IRQHandler
 .text.Reserved56_IRQHandler
                0x0000000000004d08        0x8 ./startup/startup_lpc55s69_cm33_core0.o
                0x0000000000004d08                Reserved56_IRQHandler
 .text.Reserved57_IRQHandler
                0x0000000000004d10        0x8 ./startup/startup_lpc55s69_cm33_core0.o
                0x0000000000004d10                Reserved57_IRQHandler
 .text.SDIO_IRQHandler
                0x0000000000004d18        0x8 ./startup/startup_lpc55s69_cm33_core0.o
                0x0000000000004d18                SDIO_IRQHandler
 .text.Reserved59_IRQHandler
                0x0000000000004d20        0x8 ./startup/startup_lpc55s69_cm33_core0.o
                0x0000000000004d20                Reserved59_IRQHandler
 .text.Reserved60_IRQHandler
                0x0000000000004d28        0x8 ./startup/startup_lpc55s69_cm33_core0.o
                0x0000000000004d28                Reserved60_IRQHandler
 .text.Reserved61_IRQHandler
                0x0000000000004d30        0x8 ./startup/startup_lpc55s69_cm33_core0.o
                0x0000000000004d30                Reserved61_IRQHandler
 .text.USB1_PHY_IRQHandler
                0x0000000000004d38        0x8 ./startup/startup_lpc55s69_cm33_core0.o
                0x0000000000004d38                USB1_PHY_IRQHandler
 .text.USB1_IRQHandler
                0x0000000000004d40        0x8 ./startup/startup_lpc55s69_cm33_core0.o
                0x0000000000004d40                USB1_IRQHandler
 .text.USB1_NEEDCLK_IRQHandler
                0x0000000000004d48        0x8 ./startup/startup_lpc55s69_cm33_core0.o
                0x0000000000004d48                USB1_NEEDCLK_IRQHandler
 .text.SEC_HYPERVISOR_CALL_IRQHandler
                0x0000000000004d50        0x8 ./startup/startup_lpc55s69_cm33_core0.o
                0x0000000000004d50                SEC_HYPERVISOR_CALL_IRQHandler
 .text.SEC_GPIO_INT0_IRQ0_IRQHandler
                0x0000000000004d58        0x8 ./startup/startup_lpc55s69_cm33_core0.o
                0x0000000000004d58                SEC_GPIO_INT0_IRQ0_IRQHandler
 .text.SEC_GPIO_INT0_IRQ1_IRQHandler
                0x0000000000004d60        0x8 ./startup/startup_lpc55s69_cm33_core0.o
                0x0000000000004d60                SEC_GPIO_INT0_IRQ1_IRQHandler
 .text.PLU_IRQHandler
                0x0000000000004d68        0x8 ./startup/startup_lpc55s69_cm33_core0.o
                0x0000000000004d68                PLU_IRQHandler
 .text.SEC_VIO_IRQHandler
                0x0000000000004d70        0x8 ./startup/startup_lpc55s69_cm33_core0.o
                0x0000000000004d70                SEC_VIO_IRQHandler
 .text.HASHCRYPT_IRQHandler
                0x0000000000004d78        0x8 ./startup/startup_lpc55s69_cm33_core0.o
                0x0000000000004d78                HASHCRYPT_IRQHandler
 .text.CASER_IRQHandler
                0x0000000000004d80        0x8 ./startup/startup_lpc55s69_cm33_core0.o
                0x0000000000004d80                CASER_IRQHandler
 .text.PUF_IRQHandler
                0x0000000000004d88        0x8 ./startup/startup_lpc55s69_cm33_core0.o
                0x0000000000004d88                PUF_IRQHandler
 .text.PQ_IRQHandler
                0x0000000000004d90        0x8 ./startup/startup_lpc55s69_cm33_core0.o
                0x0000000000004d90                PQ_IRQHandler
 .text.DMA1_IRQHandler
                0x0000000000004d98        0x8 ./startup/startup_lpc55s69_cm33_core0.o
                0x0000000000004d98                DMA1_IRQHandler
 .text.FLEXCOMM8_IRQHandler
                0x0000000000004da0        0x8 ./startup/startup_lpc55s69_cm33_core0.o
                0x0000000000004da0                FLEXCOMM8_IRQHandler
 .text.CLOCK_EnableClock
                0x0000000000004da8       0x30 ./source/i2s_dma_transfer.o
 .text.EnableIRQ
                0x0000000000004dd8       0x32 ./source/i2s_dma_transfer.o
 .text.TxCallback
                0x0000000000004e0a       0x1a ./source/i2s_dma_transfer.o
 .text.HardFault_Handler
                0x0000000000004e24       0x2c ./source/semihost_hardfault.o
                0x0000000000004e24                HardFault_Handler
 .text.CLOCK_IsPLL0Locked
                0x0000000000004e50       0x24 ./drivers/fsl_clock.o
 .text.findPll0PreDiv
                0x0000000000004e74       0x3e ./drivers/fsl_clock.o
 .text.DelayLoop
                0x0000000000004eb2       0x20 ./drivers/fsl_common.o
 .text.CLOCK_EnableClock
                0x0000000000004ed2       0x30 ./drivers/fsl_dma.o
 .text.EnableIRQ
                0x0000000000004f02       0x32 ./drivers/fsl_dma.o
 .text.DMA_GetVirtualStartChannel
                0x0000000000004f34       0x40 ./drivers/fsl_dma.o
 .text.CLOCK_EnableClock
                0x0000000000004f74       0x30 ./drivers/fsl_flexcomm.o
 .text.FLEXCOMM_PeripheralIsPresent
                0x0000000000004fa4       0x64 ./drivers/fsl_flexcomm.o
 .text.FLEXCOMM_SetPeriph
                0x0000000000005008       0x74 ./drivers/fsl_flexcomm.o
 .text.I2C_MasterEnable
                0x000000000000507c       0x44 ./drivers/fsl_i2c.o
 .text.I2C_GetStatusFlags
                0x00000000000050c0       0x1a ./drivers/fsl_i2c.o
 .text.I2C_MasterClearStatusFlags
                0x00000000000050da       0x22 ./drivers/fsl_i2c.o
 .text.I2C_MasterRepeatedStart
                0x00000000000050fc       0x26 ./drivers/fsl_i2c.o
 .text.I2C_MasterInit
                0x0000000000005122       0x36 ./drivers/fsl_i2c.o
                0x0000000000005122                I2C_MasterInit
 .text.I2C_PendingStatusWait
                0x0000000000005158       0x2c ./drivers/fsl_i2c.o
 .text.I2C_MasterStart
                0x0000000000005184       0x4c ./drivers/fsl_i2c.o
                0x0000000000005184                I2C_MasterStart
 .text.I2C_MasterStop
                0x00000000000051d0       0x32 ./drivers/fsl_i2c.o
                0x00000000000051d0                I2C_MasterStop
 .text.I2C_MasterCheckStartResponse
                0x0000000000005202       0x36 ./drivers/fsl_i2c.o
 .text.I2S_TxInit
                0x0000000000005238       0x82 ./drivers/fsl_i2s.o
                0x0000000000005238                I2S_TxInit
 .text.I2S_TxGetDefaultConfig
                0x00000000000052ba       0x68 ./drivers/fsl_i2s.o
                0x00000000000052ba                I2S_TxGetDefaultConfig
 .text.I2S_Enable
                0x0000000000005322       0x24 ./drivers/fsl_i2s_dma.o
 .text.I2S_Disable
                0x0000000000005346       0x24 ./drivers/fsl_i2s_dma.o
 .text.I2S_DisableDMAInterrupts
                0x000000000000536a       0x24 ./drivers/fsl_i2s_dma.o
 .text.I2S_EnableDMAInterrupts
                0x000000000000538e       0x2c ./drivers/fsl_i2s_dma.o
 .text.I2S_TxTransferSendDMA
                0x00000000000053ba       0x74 ./drivers/fsl_i2s_dma.o
                0x00000000000053ba                I2S_TxTransferSendDMA
 .text.I2S_TxEnableDMA
                0x000000000000542e       0x50 ./drivers/fsl_i2s_dma.o
 .text.I2S_RxEnableDMA
                0x000000000000547e       0x50 ./drivers/fsl_i2s_dma.o
 .text.I2S_DMACallback
                0x00000000000054ce      0x148 ./drivers/fsl_i2s_dma.o
                0x00000000000054ce                I2S_DMACallback
 .text.RESET_PeripheralReset
                0x0000000000005616       0x1c ./drivers/fsl_reset.o
                0x0000000000005616                RESET_PeripheralReset
 .text.CLOCK_EnableClock
                0x0000000000005632       0x30 ./drivers/fsl_sysctl.o
 .text.SYSCTL_UpdateRegister
                0x0000000000005662       0x36 ./drivers/fsl_sysctl.o
 .text.SYSCTL_Init
                0x0000000000005698       0x20 ./drivers/fsl_sysctl.o
                0x0000000000005698                SYSCTL_Init
 .text.SYSCTL_SetShareSet
                0x00000000000056b8       0x58 ./drivers/fsl_sysctl.o
                0x00000000000056b8                SYSCTL_SetShareSet
 .text.SYSCTL_SetShareSignalSrc
                0x0000000000005710       0x70 ./drivers/fsl_sysctl.o
                0x0000000000005710                SYSCTL_SetShareSignalSrc
 .text.SystemInitHook
                0x0000000000005780        0xe ./device/system_LPC55S69_cm33_core0.o
                0x0000000000005780                SystemInitHook
 .text.CODEC_I2C_Init
                0x000000000000578e       0x36 ./codec/fsl_codec_i2c.o
                0x000000000000578e                CODEC_I2C_Init
 .text.CODEC_I2C_Send
                0x00000000000057c4       0x4e ./codec/fsl_codec_i2c.o
                0x00000000000057c4                CODEC_I2C_Send
 .text.CODEC_I2C_Receive
                0x0000000000005812       0x4e ./codec/fsl_codec_i2c.o
                0x0000000000005812                CODEC_I2C_Receive
 .text.WM8904_UpdateFormat
                0x0000000000005860       0xaa ./codec/fsl_wm8904.o
 .text.WM8904_WaitOnWriteSequencer
                0x000000000000590a       0x36 ./codec/fsl_wm8904.o
 .text.WM8904_ModifyRegister
                0x0000000000005940       0x66 ./codec/fsl_wm8904.o
                0x0000000000005940                WM8904_ModifyRegister
 .text.WM8904_SetProtocol
                0x00000000000059a6       0x24 ./codec/fsl_wm8904.o
                0x00000000000059a6                WM8904_SetProtocol
 .text.WM8904_SetChannelMute
                0x00000000000059ca       0x9a ./codec/fsl_wm8904.o
                0x00000000000059ca                WM8904_SetChannelMute
 .text.WM8904_SetRecordChannel
                0x0000000000005a64      0x18a ./codec/fsl_wm8904.o
                0x0000000000005a64                WM8904_SetRecordChannel
 .text.WM8904_SetPlay
                0x0000000000005bee       0x44 ./codec/fsl_wm8904.o
                0x0000000000005bee                WM8904_SetPlay
 .text.DbgConsole_Init
                0x0000000000005c32       0x20 ./board/board.o
 .text.CLOCK_EnableClock
                0x0000000000005c52       0x30 ./board/pin_mux.o
 .text.IOCON_PinMuxSet
                0x0000000000005c82       0x2e ./board/pin_mux.o
 .text.__main   0x0000000000005cb0        0xe /Applications/MCUXpressoIDE_11.3.0_5222/ide/plugins/com.nxp.mcuxpresso.tools.macosx_11.3.0.202011031536/tools/bin/../lib/gcc/arm-none-eabi/9.3.1/../../../../arm-none-eabi/lib/thumb/v8-m.main+fp/hard/libcr_semihost_nf.a(_cr__main.o)
                0x0000000000005cb0                __main
                0x0000000000005cb0                __CR_SEMIHOST
 .text.memset   0x0000000000005cbe        0x4 /Applications/MCUXpressoIDE_11.3.0_5222/ide/plugins/com.nxp.mcuxpresso.tools.macosx_11.3.0.202011031536/tools/bin/../lib/gcc/arm-none-eabi/9.3.1/../../../../arm-none-eabi/lib/thumb/v8-m.main+fp/hard/libcr_c.a(memset.o)
                0x0000000000005cbe                memset
 .text.free     0x0000000000005cc2       0x30 /Applications/MCUXpressoIDE_11.3.0_5222/ide/plugins/com.nxp.mcuxpresso.tools.macosx_11.3.0.202011031536/tools/bin/../lib/gcc/arm-none-eabi/9.3.1/../../../../arm-none-eabi/lib/thumb/v8-m.main+fp/hard/libcr_c.a(alloc.o)
                0x0000000000005cc2                free
 .text.no_fp_display
                0x0000000000005cf2        0x4 /Applications/MCUXpressoIDE_11.3.0_5222/ide/plugins/com.nxp.mcuxpresso.tools.macosx_11.3.0.202011031536/tools/bin/../lib/gcc/arm-none-eabi/9.3.1/../../../../arm-none-eabi/lib/thumb/v8-m.main+fp/hard/libcr_c.a(printf.o)
 .text.setvbuf  0x0000000000005cf6       0x3e /Applications/MCUXpressoIDE_11.3.0_5222/ide/plugins/com.nxp.mcuxpresso.tools.macosx_11.3.0.202011031536/tools/bin/../lib/gcc/arm-none-eabi/9.3.1/../../../../arm-none-eabi/lib/thumb/v8-m.main+fp/hard/libcr_c.a(setvbuf.o)
                0x0000000000005cf6                setvbuf
 .text.strlen   0x0000000000005d34       0x4c /Applications/MCUXpressoIDE_11.3.0_5222/ide/plugins/com.nxp.mcuxpresso.tools.macosx_11.3.0.202011031536/tools/bin/../lib/gcc/arm-none-eabi/9.3.1/../../../../arm-none-eabi/lib/thumb/v8-m.main+fp/hard/libcr_c.a(strlen.o)
                0x0000000000005d34                strlen
 .text._deferredlazyseek
                0x0000000000005d80       0x40 /Applications/MCUXpressoIDE_11.3.0_5222/ide/plugins/com.nxp.mcuxpresso.tools.macosx_11.3.0.202011031536/tools/bin/../lib/gcc/arm-none-eabi/9.3.1/../../../../arm-none-eabi/lib/thumb/v8-m.main+fp/hard/libcr_c.a(_deferredlazyseek.o)
                0x0000000000005d80                _deferredlazyseek
 .text.__flsbuf
                0x0000000000005dc0      0x140 /Applications/MCUXpressoIDE_11.3.0_5222/ide/plugins/com.nxp.mcuxpresso.tools.macosx_11.3.0.202011031536/tools/bin/../lib/gcc/arm-none-eabi/9.3.1/../../../../arm-none-eabi/lib/thumb/v8-m.main+fp/hard/libcr_c.a(_deferredlazyseek.o)
                0x0000000000005dc0                __flsbuf
 .text._fdopen  0x0000000000005f00       0x68 /Applications/MCUXpressoIDE_11.3.0_5222/ide/plugins/com.nxp.mcuxpresso.tools.macosx_11.3.0.202011031536/tools/bin/../lib/gcc/arm-none-eabi/9.3.1/../../../../arm-none-eabi/lib/thumb/v8-m.main+fp/hard/libcr_c.a(_fdopen.o)
                0x0000000000005f00                _fdopen
 .text._fflush  0x0000000000005f68       0x52 /Applications/MCUXpressoIDE_11.3.0_5222/ide/plugins/com.nxp.mcuxpresso.tools.macosx_11.3.0.202011031536/tools/bin/../lib/gcc/arm-none-eabi/9.3.1/../../../../arm-none-eabi/lib/thumb/v8-m.main+fp/hard/libcr_c.a(_fflush.o)
                0x0000000000005f68                _fflush
 .text.fclose   0x0000000000005fba       0x58 /Applications/MCUXpressoIDE_11.3.0_5222/ide/plugins/com.nxp.mcuxpresso.tools.macosx_11.3.0.202011031536/tools/bin/../lib/gcc/arm-none-eabi/9.3.1/../../../../arm-none-eabi/lib/thumb/v8-m.main+fp/hard/libcr_c.a(fclose.o)
                0x0000000000005fba                fclose
 .text.remove   0x0000000000006012       0x14 /Applications/MCUXpressoIDE_11.3.0_5222/ide/plugins/com.nxp.mcuxpresso.tools.macosx_11.3.0.202011031536/tools/bin/../lib/gcc/arm-none-eabi/9.3.1/../../../../arm-none-eabi/lib/thumb/v8-m.main+fp/hard/libcr_c.a(remove.o)
                0x0000000000006012                remove
 .text._do_fflush
                0x0000000000006026       0x40 /Applications/MCUXpressoIDE_11.3.0_5222/ide/plugins/com.nxp.mcuxpresso.tools.macosx_11.3.0.202011031536/tools/bin/../lib/gcc/arm-none-eabi/9.3.1/../../../../arm-none-eabi/lib/thumb/v8-m.main+fp/hard/libcr_c.a(_do_fflush.o)
                0x0000000000006026                _do_fflush
 .text.__aeabi_division_uldivmod
                0x0000000000006066      0x174 /Applications/MCUXpressoIDE_11.3.0_5222/ide/plugins/com.nxp.mcuxpresso.tools.macosx_11.3.0.202011031536/tools/bin/../lib/gcc/arm-none-eabi/9.3.1/thumb/v8-m.main+fp/hard/libcr_eabihelpers.a(division_64.o)
                0x0000000000006066                __aeabi_uldivmod
                0x000000000000606a                __bhs_ldivmod1
 .text.__aeabi_division_idiv0
                0x00000000000061da        0x2 /Applications/MCUXpressoIDE_11.3.0_5222/ide/plugins/com.nxp.mcuxpresso.tools.macosx_11.3.0.202011031536/tools/bin/../lib/gcc/arm-none-eabi/9.3.1/thumb/v8-m.main+fp/hard/libcr_eabihelpers.a(division_idiv0.o)
                0x00000000000061da                __aeabi_idiv0
 .text.__aeabi_memset_lowlevel
                0x00000000000061dc       0x32 /Applications/MCUXpressoIDE_11.3.0_5222/ide/plugins/com.nxp.mcuxpresso.tools.macosx_11.3.0.202011031536/tools/bin/../lib/gcc/arm-none-eabi/9.3.1/thumb/v8-m.main+fp/hard/libcr_eabihelpers.a(memcpy.o)
                0x00000000000061dc                __aeabi_lowlevel_memset
 .text.__sys_close
                0x000000000000620e        0xc /Applications/MCUXpressoIDE_11.3.0_5222/ide/plugins/com.nxp.mcuxpresso.tools.macosx_11.3.0.202011031536/tools/bin/../lib/gcc/arm-none-eabi/9.3.1/../../../../arm-none-eabi/lib/thumb/v8-m.main+fp/hard/libcr_semihost_nf.a(__sys_close.o)
                0x000000000000620e                __sys_close
 .text.__sys_flen
                0x000000000000621a        0xc /Applications/MCUXpressoIDE_11.3.0_5222/ide/plugins/com.nxp.mcuxpresso.tools.macosx_11.3.0.202011031536/tools/bin/../lib/gcc/arm-none-eabi/9.3.1/../../../../arm-none-eabi/lib/thumb/v8-m.main+fp/hard/libcr_semihost_nf.a(__sys_flen.o)
                0x000000000000621a                __sys_flen
 .text.__sys_istty
                0x0000000000006226        0xc /Applications/MCUXpressoIDE_11.3.0_5222/ide/plugins/com.nxp.mcuxpresso.tools.macosx_11.3.0.202011031536/tools/bin/../lib/gcc/arm-none-eabi/9.3.1/../../../../arm-none-eabi/lib/thumb/v8-m.main+fp/hard/libcr_semihost_nf.a(__sys_istty.o)
                0x0000000000006226                __sys_istty
 .text.__sys_remove
                0x0000000000006232        0xc /Applications/MCUXpressoIDE_11.3.0_5222/ide/plugins/com.nxp.mcuxpresso.tools.macosx_11.3.0.202011031536/tools/bin/../lib/gcc/arm-none-eabi/9.3.1/../../../../arm-none-eabi/lib/thumb/v8-m.main+fp/hard/libcr_semihost_nf.a(__sys_remove.o)
                0x0000000000006232                __sys_remove
 .text.__sys_seek
                0x000000000000623e        0xc /Applications/MCUXpressoIDE_11.3.0_5222/ide/plugins/com.nxp.mcuxpresso.tools.macosx_11.3.0.202011031536/tools/bin/../lib/gcc/arm-none-eabi/9.3.1/../../../../arm-none-eabi/lib/thumb/v8-m.main+fp/hard/libcr_semihost_nf.a(__sys_seek.o)
                0x000000000000623e                __sys_seek
 .text.__sys_tmpnam
                0x000000000000624a        0xc /Applications/MCUXpressoIDE_11.3.0_5222/ide/plugins/com.nxp.mcuxpresso.tools.macosx_11.3.0.202011031536/tools/bin/../lib/gcc/arm-none-eabi/9.3.1/../../../../arm-none-eabi/lib/thumb/v8-m.main+fp/hard/libcr_semihost_nf.a(__sys_tmpnam.o)
                0x000000000000624a                __sys_tmpnam
 .text.__sys_write
                0x0000000000006256        0xc /Applications/MCUXpressoIDE_11.3.0_5222/ide/plugins/com.nxp.mcuxpresso.tools.macosx_11.3.0.202011031536/tools/bin/../lib/gcc/arm-none-eabi/9.3.1/../../../../arm-none-eabi/lib/thumb/v8-m.main+fp/hard/libcr_semihost_nf.a(__sys_write.o)
                0x0000000000006256                __sys_write
 *(SORT_BY_ALIGNMENT(.rodata) SORT_BY_ALIGNMENT(.rodata.*) SORT_BY_ALIGNMENT(.constdata) SORT_BY_ALIGNMENT(.constdata.*))
 *fill*         0x0000000000006262        0x2 ff
 .rodata.__assertion_failed.str1.4
                0x0000000000006264       0x14 ./utilities/fsl_assert.o
 .rodata.DMA_EnableChannel.str1.4
                0x0000000000006278       0xaf ./source/i2s_dma_transfer.o
 *fill*         0x0000000000006327        0x1 ff
 .rodata.DMA_SetChannelPriority.str1.4
                0x0000000000006328       0xaf ./source/i2s_dma_transfer.o
 *fill*         0x00000000000063d7        0x1 ff
 .rodata.StartSoundPlayback.str1.4
                0x00000000000063d8       0x3f ./source/i2s_dma_transfer.o
 *fill*         0x0000000000006417        0x1 ff
 .rodata.main.str1.4
                0x0000000000006418       0x84 ./source/i2s_dma_transfer.o
 .rodata.SDK_DelayAtLeastUs.str1.4
                0x000000000000649c       0x50 ./drivers/fsl_common.o
 .rodata.DMA_EnableChannelInterrupts.str1.4
                0x00000000000064ec       0x4f ./drivers/fsl_dma.o
 *fill*         0x000000000000653b        0x1 ff
 .rodata.DMA_EnableChannel.str1.4
                0x000000000000653c       0x4f ./drivers/fsl_dma.o
 *fill*         0x000000000000658b        0x1 ff
 .rodata.DMA_DisableChannel.str1.4
                0x000000000000658c       0x4f ./drivers/fsl_dma.o
 *fill*         0x00000000000065db        0x1 ff
 .rodata.s_dmaBases
                0x00000000000065dc        0x8 ./drivers/fsl_dma.o
 .rodata.s_dmaClockName
                0x00000000000065e4        0x4 ./drivers/fsl_dma.o
 .rodata.s_dmaResets
                0x00000000000065e8        0x8 ./drivers/fsl_dma.o
 .rodata.s_dmaIRQNumber
                0x00000000000065f0        0x2 ./drivers/fsl_dma.o
 *fill*         0x00000000000065f2        0x2 ff
 .rodata.DMA_GetInstance.str1.4
                0x00000000000065f4       0x32 ./drivers/fsl_dma.o
 *fill*         0x0000000000006626        0x2 ff
 .rodata.DMA_SetupDescriptor.str1.4
                0x0000000000006628       0x7a ./drivers/fsl_dma.o
 *fill*         0x00000000000066a2        0x2 ff
 .rodata.DMA_AbortTransfer.str1.4
                0x00000000000066a4       0x20 ./drivers/fsl_dma.o
 .rodata.DMA_CreateHandle.str1.4
                0x00000000000066c4       0x65 ./drivers/fsl_dma.o
 *fill*         0x0000000000006729        0x3 ff
 .rodata.DMA_SetCallback.str1.4
                0x000000000000672c       0x20 ./drivers/fsl_dma.o
 .rodata.DMA_SubmitChannelTransferParameter.str1.4
                0x000000000000674c       0xa2 ./drivers/fsl_dma.o
 *fill*         0x00000000000067ee        0x2 ff
 .rodata.DMA_StartTransfer.str1.4
                0x00000000000067f0       0x77 ./drivers/fsl_dma.o
 *fill*         0x0000000000006867        0x1 ff
 .rodata.s_flexcommBaseAddrs
                0x0000000000006868       0x24 ./drivers/fsl_flexcomm.o
 .rodata.s_flexcommClocks
                0x000000000000688c       0x12 ./drivers/fsl_flexcomm.o
 *fill*         0x000000000000689e        0x2 ff
 .rodata.s_flexcommResets
                0x00000000000068a0       0x24 ./drivers/fsl_flexcomm.o
 .rodata.FLEXCOMM_GetInstance.str1.4
                0x00000000000068c4       0x43 ./drivers/fsl_flexcomm.o
 *fill*         0x0000000000006907        0x1 ff
 .rodata.FLEXCOMM0_DriverIRQHandler.str1.4
                0x0000000000006908       0x2e ./drivers/fsl_flexcomm.o
 *fill*         0x0000000000006936        0x2 ff
 .rodata.FLEXCOMM1_DriverIRQHandler.str1.4
                0x0000000000006938       0x2e ./drivers/fsl_flexcomm.o
 *fill*         0x0000000000006966        0x2 ff
 .rodata.FLEXCOMM2_DriverIRQHandler.str1.4
                0x0000000000006968       0x2e ./drivers/fsl_flexcomm.o
 *fill*         0x0000000000006996        0x2 ff
 .rodata.FLEXCOMM3_DriverIRQHandler.str1.4
                0x0000000000006998       0x2e ./drivers/fsl_flexcomm.o
 *fill*         0x00000000000069c6        0x2 ff
 .rodata.FLEXCOMM4_DriverIRQHandler.str1.4
                0x00000000000069c8       0x2e ./drivers/fsl_flexcomm.o
 *fill*         0x00000000000069f6        0x2 ff
 .rodata.FLEXCOMM5_DriverIRQHandler.str1.4
                0x00000000000069f8       0x2e ./drivers/fsl_flexcomm.o
 *fill*         0x0000000000006a26        0x2 ff
 .rodata.FLEXCOMM6_DriverIRQHandler.str1.4
                0x0000000000006a28       0x2e ./drivers/fsl_flexcomm.o
 *fill*         0x0000000000006a56        0x2 ff
 .rodata.FLEXCOMM7_DriverIRQHandler.str1.4
                0x0000000000006a58       0x2e ./drivers/fsl_flexcomm.o
 *fill*         0x0000000000006a86        0x2 ff
 .rodata.FLEXCOMM8_DriverIRQHandler.str1.4
                0x0000000000006a88       0x2e ./drivers/fsl_flexcomm.o
 *fill*         0x0000000000006ab6        0x2 ff
 .rodata.I2C_MasterWriteBlocking.str1.4
                0x0000000000006ab8       0x20 ./drivers/fsl_i2c.o
 .rodata.I2C_MasterReadBlocking.str1.4
                0x0000000000006ad8       0x20 ./drivers/fsl_i2c.o
 .rodata.I2C_MasterTransferBlocking.str1.4
                0x0000000000006af8       0x1e ./drivers/fsl_i2c.o
 *fill*         0x0000000000006b16        0x2 ff
 .rodata.I2S_Config.str1.4
                0x0000000000006b18       0x20 ./drivers/fsl_i2s.o
 .rodata.DMA_EnableChannelInterrupts.str1.4
                0x0000000000006b38       0x4f ./drivers/fsl_i2s_dma.o
 .rodata.DMA_DisableChannelInterrupts.str1.4
                0x0000000000006b38       0x4f ./drivers/fsl_i2s_dma.o
 *fill*         0x0000000000006b87        0x1 ff
 .rodata.DMA_EnableChannelPeriphRq.str1.4
                0x0000000000006b88       0x4f ./drivers/fsl_i2s_dma.o
 *fill*         0x0000000000006bd7        0x1 ff
 .rodata.s_I2sBaseAddrs
                0x0000000000006bd8       0x20 ./drivers/fsl_i2s_dma.o
 .rodata.I2S_EnqueueUserBuffer.str1.4
                0x0000000000006bf8       0xc4 ./drivers/fsl_i2s_dma.o
 .rodata.I2S_GetInstance.str1.4
                0x0000000000006cbc       0x1b ./drivers/fsl_i2s_dma.o
 *fill*         0x0000000000006cd7        0x1 ff
 .rodata.I2S_TxTransferCreateHandleDMA.str1.4
                0x0000000000006cd8       0x4b ./drivers/fsl_i2s_dma.o
 *fill*         0x0000000000006d23        0x1 ff
 .rodata.I2S_TransferAbortDMA.str1.4
                0x0000000000006d24       0x53 ./drivers/fsl_i2s_dma.o
 *fill*         0x0000000000006d77        0x1 ff
 .rodata.I2S_GetTransferBytes.str1.4
                0x0000000000006d78       0x26 ./drivers/fsl_i2s_dma.o
 *fill*         0x0000000000006d9e        0x2 ff
 .rodata.RESET_SetPeripheralReset.str1.4
                0x0000000000006da0       0x1f ./drivers/fsl_reset.o
 *fill*         0x0000000000006dbf        0x1 ff
 .rodata.RESET_ClearPeripheralReset.str1.4
                0x0000000000006dc0       0x1f ./drivers/fsl_reset.o
 *fill*         0x0000000000006ddf        0x1 ff
 .rodata.SYSCTL_GetInstance.str1.4
                0x0000000000006de0       0x37 ./drivers/fsl_sysctl.o
 *fill*         0x0000000000006e17        0x1 ff
 .rodata.s_i2cBases
                0x0000000000006e18       0x20 ./component/i2c/fsl_adapter_flexcomm_i2c.o
 .rodata.HAL_I2cMasterInit.str1.4
                0x0000000000006e38       0x55 ./component/i2c/fsl_adapter_flexcomm_i2c.o
 *fill*         0x0000000000006e8d        0x3 ff
 .rodata.HAL_I2cMasterTransferBlocking.str1.4
                0x0000000000006e90       0x53 ./component/i2c/fsl_adapter_flexcomm_i2c.o
 *fill*         0x0000000000006ee3        0x1 ff
 .rodata.s_wm8904_capability
                0x0000000000006ee4        0xc ./codec/fsl_codec_adapter.o
 .rodata.HAL_CODEC_Init.str1.4
                0x0000000000006ef0       0x3f ./codec/fsl_codec_adapter.o
 *fill*         0x0000000000006f2f        0x1 ff
 .rodata.HAL_CODEC_SetVolume.str1.4
                0x0000000000006f30       0x68 ./codec/fsl_codec_adapter.o
 .rodata.CODEC_Init.str1.4
                0x0000000000006f98       0x3e ./codec/fsl_codec_common.o
 *fill*         0x0000000000006fd6        0x2 ff
 .rodata.CODEC_SetVolume.str1.4
                0x0000000000006fd8       0xc2 ./codec/fsl_codec_common.o
 *fill*         0x000000000000709a        0x2 ff
 .rodata.WM8904_WriteRegister.str1.4
                0x000000000000709c       0x63 ./codec/fsl_wm8904.o
 *fill*         0x00000000000070ff        0x1 ff
 .rodata.WM8904_ReadRegister.str1.4
                0x0000000000007100       0x63 ./codec/fsl_wm8904.o
 *fill*         0x0000000000007163        0x1 ff
 .rodata.WM8904_Init.str1.4
                0x0000000000007164       0x4d ./codec/fsl_wm8904.o
 *fill*         0x00000000000071b1        0x3 ff
 .rodata.WM8904_SetFLLConfig.str1.4
                0x00000000000071b4       0x47 ./codec/fsl_wm8904.o
 *fill*         0x00000000000071fb        0x1 ff
 .rodata.WM8904_CheckAudioFormat.str1.4
                0x00000000000071fc       0x39 ./codec/fsl_wm8904.o
 *fill*         0x0000000000007235        0x3 ff
 .rodata.WM8904_SetChannelVolume.str1.4
                0x0000000000007238       0x47 ./codec/fsl_wm8904.o
 *fill*         0x000000000000727f        0x1 ff
 .rodata.__num_Ciob_streams
                0x0000000000007280        0x4 /Applications/MCUXpressoIDE_11.3.0_5222/ide/plugins/com.nxp.mcuxpresso.tools.macosx_11.3.0.202011031536/tools/bin/../lib/gcc/arm-none-eabi/9.3.1/../../../../arm-none-eabi/lib/thumb/v8-m.main+fp/hard/libcr_semihost_nf.a(__ciob.o)
                0x0000000000007280                __num_Ciob_streams
 .rodata._Csys_alloc.str1.1
                0x0000000000007284       0x18 /Applications/MCUXpressoIDE_11.3.0_5222/ide/plugins/com.nxp.mcuxpresso.tools.macosx_11.3.0.202011031536/tools/bin/../lib/gcc/arm-none-eabi/9.3.1/../../../../arm-none-eabi/lib/thumb/v8-m.main+fp/hard/libcr_c.a(alloc.o)
 .rodata._initio.str1.1
                0x000000000000729c        0x4 /Applications/MCUXpressoIDE_11.3.0_5222/ide/plugins/com.nxp.mcuxpresso.tools.macosx_11.3.0.202011031536/tools/bin/../lib/gcc/arm-none-eabi/9.3.1/../../../../arm-none-eabi/lib/thumb/v8-m.main+fp/hard/libcr_c.a(initio.o)
 .rodata.__vfprintf.str1.1
                0x00000000000072a0       0x37 /Applications/MCUXpressoIDE_11.3.0_5222/ide/plugins/com.nxp.mcuxpresso.tools.macosx_11.3.0.202011031536/tools/bin/../lib/gcc/arm-none-eabi/9.3.1/../../../../arm-none-eabi/lib/thumb/v8-m.main+fp/hard/libcr_c.a(printf.o)
                                         0x38 (size before relaxing)
                0x00000000000072d8                . = ALIGN (0x4)
 *fill*         0x00000000000072d7        0x1 ff

.glue_7         0x00000000000072d8        0x0
 .glue_7        0x00000000000072d8        0x0 linker stubs

.glue_7t        0x00000000000072d8        0x0
 .glue_7t       0x00000000000072d8        0x0 linker stubs

.vfp11_veneer   0x00000000000072d8        0x0
 .vfp11_veneer  0x00000000000072d8        0x0 linker stubs

.v4_bx          0x00000000000072d8        0x0
 .v4_bx         0x00000000000072d8        0x0 linker stubs

.iplt           0x00000000000072d8        0x0
 .iplt          0x00000000000072d8        0x0 ./utilities/fsl_assert.o

.rel.dyn        0x00000000000072d8        0x0
 .rel.iplt      0x00000000000072d8        0x0 ./utilities/fsl_assert.o

.ARM.extab
 *(SORT_BY_ALIGNMENT(.ARM.extab*) SORT_BY_ALIGNMENT(.gnu.linkonce.armextab.*))

.ARM.exidx      0x00000000000072d8        0x0
                0x00000000000072d8                __exidx_start = .
 *(SORT_BY_ALIGNMENT(.ARM.exidx*) SORT_BY_ALIGNMENT(.gnu.linkonce.armexidx.*))
                0x00000000000072d8                __exidx_end = .
                0x00000000000072d8                _etext = .

.m_usb_data
 *(SORT_BY_ALIGNMENT(m_usb_global))

.data_RAM2      0x0000000020040000        0x0 load address 0x00000000000072d8
 FILL mask 0xff
                [!provide]                        PROVIDE (__start_data_RAM2 = .)
                [!provide]                        PROVIDE (__start_data_SRAM4 = .)
 *(SORT_BY_ALIGNMENT(.ramfunc.$RAM2))
 *(SORT_BY_ALIGNMENT(.ramfunc.$SRAM4))
 *(SORT_BY_ALIGNMENT(.data.$RAM2))
 *(SORT_BY_ALIGNMENT(.data.$SRAM4))
 *(SORT_BY_ALIGNMENT(.data.$RAM2.*))
 *(SORT_BY_ALIGNMENT(.data.$SRAM4.*))
                0x0000000020040000                . = ALIGN (0x4)
                [!provide]                        PROVIDE (__end_data_RAM2 = .)
                [!provide]                        PROVIDE (__end_data_SRAM4 = .)

.data_RAM3      0x0000000004000000        0x0 load address 0x00000000000072d8
 FILL mask 0xff
                [!provide]                        PROVIDE (__start_data_RAM3 = .)
                [!provide]                        PROVIDE (__start_data_SRAMX = .)
 *(SORT_BY_ALIGNMENT(.ramfunc.$RAM3))
 *(SORT_BY_ALIGNMENT(.ramfunc.$SRAMX))
 *(SORT_BY_ALIGNMENT(.data.$RAM3))
 *(SORT_BY_ALIGNMENT(.data.$SRAMX))
 *(SORT_BY_ALIGNMENT(.data.$RAM3.*))
 *(SORT_BY_ALIGNMENT(.data.$SRAMX.*))
                0x0000000004000000                . = ALIGN (0x4)
                [!provide]                        PROVIDE (__end_data_RAM3 = .)
                [!provide]                        PROVIDE (__end_data_SRAMX = .)

.data_RAM4      0x0000000040100000        0x0 load address 0x00000000000072d8
 FILL mask 0xff
                [!provide]                        PROVIDE (__start_data_RAM4 = .)
                [!provide]                        PROVIDE (__start_data_USB_RAM = .)
 *(SORT_BY_ALIGNMENT(.ramfunc.$RAM4))
 *(SORT_BY_ALIGNMENT(.ramfunc.$USB_RAM))
 *(SORT_BY_ALIGNMENT(.data.$RAM4))
 *(SORT_BY_ALIGNMENT(.data.$USB_RAM))
 *(SORT_BY_ALIGNMENT(.data.$RAM4.*))
 *(SORT_BY_ALIGNMENT(.data.$USB_RAM.*))
                0x0000000040100000                . = ALIGN (0x4)
                [!provide]                        PROVIDE (__end_data_RAM4 = .)
                [!provide]                        PROVIDE (__end_data_USB_RAM = .)

.uninit_RESERVED
                0x0000000020000000        0x0
                0x0000000020000000                _start_uninit_RESERVED = .
 *(SORT_BY_ALIGNMENT(.bss.$RESERVED*))
                0x0000000020000000                . = ALIGN (0x4)
                0x0000000020000000                _end_uninit_RESERVED = .

.data           0x0000000020000000     0xea9c load address 0x00000000000072d8
 FILL mask 0xff
                0x0000000020000000                _data = .
                [!provide]                        PROVIDE (__start_data_RAM = .)
                [!provide]                        PROVIDE (__start_data_SRAM = .)
 *(SORT_BY_ALIGNMENT(vtable))
 *(SORT_BY_ALIGNMENT(.ramfunc*))
 *(SORT_BY_ALIGNMENT(CodeQuickAccess))
 *(SORT_BY_ALIGNMENT(DataQuickAccess))
 *(SORT_BY_ALIGNMENT(RamFunction))
 *(SORT_BY_ALIGNMENT(.data*))
 .data.data     0x0000000020000000     0xea60 ./source/i2s_dma_transfer.o
                0x0000000020000000                data
 .data.wm8904Config
                0x000000002000ea60       0x24 ./source/i2s_dma_transfer.o
                0x000000002000ea60                wm8904Config
 .data.boardCodecConfig
                0x000000002000ea84        0x8 ./source/i2s_dma_transfer.o
                0x000000002000ea84                boardCodecConfig
 .data.s_Ext_Clk_Freq
                0x000000002000ea8c        0x4 ./drivers/fsl_clock.o
 .data.s_dma_descriptor_table
                0x000000002000ea90        0x8 ./drivers/fsl_dma.o
 .data.SystemCoreClock
                0x000000002000ea98        0x4 ./device/system_LPC55S69_cm33_core0.o
                0x000000002000ea98                SystemCoreClock
                0x000000002000ea9c                . = ALIGN (0x4)
                0x000000002000ea9c                _edata = .
                [!provide]                        PROVIDE (__end_data_RAM = .)
                [!provide]                        PROVIDE (__end_data_SRAM = .)

.igot.plt       0x000000002000ea9c        0x0 load address 0x0000000000015d74
 .igot.plt      0x000000002000ea9c        0x0 ./utilities/fsl_assert.o

.bss_RAM2       0x0000000020040000        0x0
                [!provide]                        PROVIDE (__start_bss_RAM2 = .)
                [!provide]                        PROVIDE (__start_bss_SRAM4 = .)
 *(SORT_BY_ALIGNMENT(.bss.$RAM2))
 *(SORT_BY_ALIGNMENT(.bss.$SRAM4))
 *(SORT_BY_ALIGNMENT(.bss.$RAM2.*))
 *(SORT_BY_ALIGNMENT(.bss.$SRAM4.*))
                0x0000000020040000                . = ALIGN ((. != 0x0)?0x4:0x1)
                [!provide]                        PROVIDE (__end_bss_RAM2 = .)
                [!provide]                        PROVIDE (__end_bss_SRAM4 = .)

.bss_RAM3       0x0000000004000000        0x0
                [!provide]                        PROVIDE (__start_bss_RAM3 = .)
                [!provide]                        PROVIDE (__start_bss_SRAMX = .)
 *(SORT_BY_ALIGNMENT(.bss.$RAM3))
 *(SORT_BY_ALIGNMENT(.bss.$SRAMX))
 *(SORT_BY_ALIGNMENT(.bss.$RAM3.*))
 *(SORT_BY_ALIGNMENT(.bss.$SRAMX.*))
                0x0000000004000000                . = ALIGN ((. != 0x0)?0x4:0x1)
                [!provide]                        PROVIDE (__end_bss_RAM3 = .)
                [!provide]                        PROVIDE (__end_bss_SRAMX = .)

.bss_RAM4       0x0000000040100000        0x0
                [!provide]                        PROVIDE (__start_bss_RAM4 = .)
                [!provide]                        PROVIDE (__start_bss_USB_RAM = .)
 *(SORT_BY_ALIGNMENT(.bss.$RAM4))
 *(SORT_BY_ALIGNMENT(.bss.$USB_RAM))
 *(SORT_BY_ALIGNMENT(.bss.$RAM4.*))
 *(SORT_BY_ALIGNMENT(.bss.$USB_RAM.*))
                0x0000000040100000                . = ALIGN ((. != 0x0)?0x4:0x1)
                [!provide]                        PROVIDE (__end_bss_RAM4 = .)
                [!provide]                        PROVIDE (__end_bss_USB_RAM = .)

.bss            0x000000002000ec00      0x8bc
                0x000000002000ec00                _bss = .
                [!provide]                        PROVIDE (__start_bss_RAM = .)
                [!provide]                        PROVIDE (__start_bss_SRAM = .)
 *(SORT_BY_ALIGNMENT(.bss*))
 .bss.s_dma_descriptor_table0
                0x000000002000ec00      0x170 ./drivers/fsl_dma.o
 *fill*         0x000000002000ed70       0x90 
 .bss.s_dma_descriptor_table1
                0x000000002000ee00      0x170 ./drivers/fsl_dma.o
 .bss.s_DmaDescriptors
                0x000000002000ef70      0x100 ./drivers/fsl_i2s_dma.o
 .bss.s_DmaTxHandle
                0x000000002000f070       0x10 ./source/i2s_dma_transfer.o
 .bss.s_TxConfig
                0x000000002000f080       0x12 ./source/i2s_dma_transfer.o
 *fill*         0x000000002000f092        0x2 
 .bss.s_TxHandle
                0x000000002000f094       0x38 ./source/i2s_dma_transfer.o
 .bss.s_TxTransfer
                0x000000002000f0cc        0x8 ./source/i2s_dma_transfer.o
 .bss.codecHandle
                0x000000002000f0d4       0x5c ./source/i2s_dma_transfer.o
                0x000000002000f0d4                codecHandle
 .bss.s_Pll0_Freq
                0x000000002000f130        0x4 ./drivers/fsl_clock.o
 .bss.s_DMAHandle
                0x000000002000f134       0xb8 ./drivers/fsl_dma.o
 .bss.s_flexcommIrqHandler
                0x000000002000f1ec       0x24 ./drivers/fsl_flexcomm.o
 .bss.s_flexcommHandle
                0x000000002000f210       0x24 ./drivers/fsl_flexcomm.o
 .bss.s_DummyBufferTx
                0x000000002000f234        0x4 ./drivers/fsl_i2s_dma.o
 .bss.s_DummyBufferRx
                0x000000002000f238        0x4 ./drivers/fsl_i2s_dma.o
 .bss.s_DmaPrivateHandle
                0x000000002000f23c      0x1c0 ./drivers/fsl_i2s_dma.o
 .bss.__end_of_heap
                0x000000002000f3fc        0x4 /Applications/MCUXpressoIDE_11.3.0_5222/ide/plugins/com.nxp.mcuxpresso.tools.macosx_11.3.0.202011031536/tools/bin/../lib/gcc/arm-none-eabi/9.3.1/../../../../arm-none-eabi/lib/thumb/v8-m.main+fp/hard/libcr_c.a(__init_alloc.o)
                0x000000002000f3fc                __end_of_heap
 .bss.__heaps   0x000000002000f400        0x4 /Applications/MCUXpressoIDE_11.3.0_5222/ide/plugins/com.nxp.mcuxpresso.tools.macosx_11.3.0.202011031536/tools/bin/../lib/gcc/arm-none-eabi/9.3.1/../../../../arm-none-eabi/lib/thumb/v8-m.main+fp/hard/libcr_c.a(__init_alloc.o)
                0x000000002000f400                __heaps
 .bss.errno     0x000000002000f404        0x4 /Applications/MCUXpressoIDE_11.3.0_5222/ide/plugins/com.nxp.mcuxpresso.tools.macosx_11.3.0.202011031536/tools/bin/../lib/gcc/arm-none-eabi/9.3.1/../../../../arm-none-eabi/lib/thumb/v8-m.main+fp/hard/libcr_c.a(errno.o)
                0x000000002000f404                errno
 .bss.__Ciob    0x000000002000f408       0xb4 /Applications/MCUXpressoIDE_11.3.0_5222/ide/plugins/com.nxp.mcuxpresso.tools.macosx_11.3.0.202011031536/tools/bin/../lib/gcc/arm-none-eabi/9.3.1/../../../../arm-none-eabi/lib/thumb/v8-m.main+fp/hard/libcr_semihost_nf.a(__ciob.o)
                0x000000002000f408                __Ciob
 *(SORT_BY_ALIGNMENT(COMMON))
                0x000000002000f4bc                . = ALIGN (0x4)
                0x000000002000f4bc                _ebss = .
                [!provide]                        PROVIDE (__end_bss_RAM = .)
                [!provide]                        PROVIDE (__end_bss_SRAM = .)
                [!provide]                        PROVIDE (end = .)

.noinit_RAM2    0x0000000020040000        0x0
                [!provide]                        PROVIDE (__start_noinit_RAM2 = .)
                [!provide]                        PROVIDE (__start_noinit_SRAM4 = .)
 *(SORT_BY_ALIGNMENT(.noinit.$RAM2))
 *(SORT_BY_ALIGNMENT(.noinit.$SRAM4))
 *(SORT_BY_ALIGNMENT(.noinit.$RAM2.*))
 *(SORT_BY_ALIGNMENT(.noinit.$SRAM4.*))
                0x0000000020040000                . = ALIGN (0x4)
                [!provide]                        PROVIDE (__end_noinit_RAM2 = .)
                [!provide]                        PROVIDE (__end_noinit_SRAM4 = .)

.noinit_RAM3    0x0000000004000000        0x0
                [!provide]                        PROVIDE (__start_noinit_RAM3 = .)
                [!provide]                        PROVIDE (__start_noinit_SRAMX = .)
 *(SORT_BY_ALIGNMENT(.noinit.$RAM3))
 *(SORT_BY_ALIGNMENT(.noinit.$SRAMX))
 *(SORT_BY_ALIGNMENT(.noinit.$RAM3.*))
 *(SORT_BY_ALIGNMENT(.noinit.$SRAMX.*))
                0x0000000004000000                . = ALIGN (0x4)
                [!provide]                        PROVIDE (__end_noinit_RAM3 = .)
                [!provide]                        PROVIDE (__end_noinit_SRAMX = .)

.noinit_RAM4    0x0000000040100000        0x0
                [!provide]                        PROVIDE (__start_noinit_RAM4 = .)
                [!provide]                        PROVIDE (__start_noinit_USB_RAM = .)
 *(SORT_BY_ALIGNMENT(.noinit.$RAM4))
 *(SORT_BY_ALIGNMENT(.noinit.$USB_RAM))
 *(SORT_BY_ALIGNMENT(.noinit.$RAM4.*))
 *(SORT_BY_ALIGNMENT(.noinit.$USB_RAM.*))
                0x0000000040100000                . = ALIGN (0x4)
                [!provide]                        PROVIDE (__end_noinit_RAM4 = .)
                [!provide]                        PROVIDE (__end_noinit_USB_RAM = .)

.noinit         0x000000002000f4bc        0x0
                0x000000002000f4bc                _noinit = .
                [!provide]                        PROVIDE (__start_noinit_RAM = .)
                [!provide]                        PROVIDE (__start_noinit_SRAM = .)
 *(SORT_BY_ALIGNMENT(.noinit*))
                0x000000002000f4bc                . = ALIGN (0x4)
                0x000000002000f4bc                _end_noinit = .
                [!provide]                        PROVIDE (__end_noinit_RAM = .)
                [!provide]                        PROVIDE (__end_noinit_SRAM = .)
                0x0000000000001000                _HeapSize = 0x1000

.heap           0x000000002000f4bc     0x1000
                0x000000002000f4bc                _pvHeapStart = .
                0x00000000200104bc                . = (. + _HeapSize)
 *fill*         0x000000002000f4bc     0x1000 
                0x00000000200104bc                . = ALIGN (0x4)
                0x00000000200104bc                _pvHeapLimit = .
                0x0000000000001000                _StackSize = 0x1000

.heap2stackfill
                0x00000000200104bc     0x1000
                0x00000000200114bc                . = (. + _StackSize)
 *fill*         0x00000000200104bc     0x1000 

.stack          0x000000002003f000        0x0
                0x000000002003f000                _vStackBase = .
                0x000000002003f000                . = ALIGN (0x4)
                0x0000000020040000                _vStackTop = (. + _StackSize)
                [!provide]                        PROVIDE (__valid_user_code_checksum = (0x0 - ((((((_vStackTop + (ResetISR + 0x1)) + (NMI_Handler + 0x1)) + (HardFault_Handler + 0x1)) + (DEFINED (MemManage_Handler)?MemManage_Handler:0x0 + 0x1)) + (DEFINED (BusFault_Handler)?BusFault_Handler:0x0 + 0x1)) + (DEFINED (UsageFault_Handler)?UsageFault_Handler:0x0 + 0x1))))
                0x0000000000000000                _image_start = LOADADDR (.text)
                0x0000000000015d74                _image_end = (LOADADDR (.data) + SIZEOF (.data))
                0x0000000000015d74                _image_size = (_image_end - _image_start)
OUTPUT(lpcxpresso55s69_i2s_dma_transfer.axf elf32-littlearm)
LOAD linker stubs

.debug_info     0x0000000000000000    0x1e488
 .debug_info    0x0000000000000000      0x229 ./utilities/fsl_assert.o
 .debug_info    0x0000000000000229      0x6fb ./startup/startup_lpc55s69_cm33_core0.o
 .debug_info    0x0000000000000924     0x3560 ./source/i2s_dma_transfer.o
 .debug_info    0x0000000000003e84       0x3c ./source/semihost_hardfault.o
 .debug_info    0x0000000000003ec0     0x31e8 ./drivers/fsl_clock.o
 .debug_info    0x00000000000070a8      0x2ac ./drivers/fsl_common.o
 .debug_info    0x0000000000007354     0x2a5c ./drivers/fsl_dma.o
 .debug_info    0x0000000000009db0     0x1a05 ./drivers/fsl_flexcomm.o
 .debug_info    0x000000000000b7b5     0x2122 ./drivers/fsl_i2c.o
 .debug_info    0x000000000000d8d7     0x14ac ./drivers/fsl_i2s.o
 .debug_info    0x000000000000ed83     0x1530 ./drivers/fsl_i2s_dma.o
 .debug_info    0x00000000000102b3      0xf17 ./drivers/fsl_reset.o
 .debug_info    0x00000000000111ca     0x15d4 ./drivers/fsl_sysctl.o
 .debug_info    0x000000000001279e     0x13b5 ./device/system_LPC55S69_cm33_core0.o
 .debug_info    0x0000000000013b53     0x1502 ./component/i2c/fsl_adapter_flexcomm_i2c.o
 .debug_info    0x0000000000015055      0xd2a ./codec/fsl_codec_adapter.o
 .debug_info    0x0000000000015d7f      0x63d ./codec/fsl_codec_common.o
 .debug_info    0x00000000000163bc      0x3d4 ./codec/fsl_codec_i2c.o
 .debug_info    0x0000000000016790     0x10ad ./codec/fsl_wm8904.o
 .debug_info    0x000000000001783d     0x1021 ./board/board.o
 .debug_info    0x000000000001885e     0x15ef ./board/clock_config.o
 .debug_info    0x0000000000019e4d     0x1036 ./board/pin_mux.o
 .debug_info    0x000000000001ae83     0x3605 /Users/charles/Documents/MCUXpressoIDE_11.3.0/workspace/lpcxpresso55s69_i2s_dma_transfer/LPC55S69/mcuxpresso/libpower_hardabi.a(fsl_power_lib.o)

.debug_abbrev   0x0000000000000000     0x34e1
 .debug_abbrev  0x0000000000000000       0xe2 ./utilities/fsl_assert.o
 .debug_abbrev  0x00000000000000e2      0x15a ./startup/startup_lpc55s69_cm33_core0.o
 .debug_abbrev  0x000000000000023c      0x386 ./source/i2s_dma_transfer.o
 .debug_abbrev  0x00000000000005c2       0x31 ./source/semihost_hardfault.o
 .debug_abbrev  0x00000000000005f3      0x38c ./drivers/fsl_clock.o
 .debug_abbrev  0x000000000000097f      0x191 ./drivers/fsl_common.o
 .debug_abbrev  0x0000000000000b10      0x39a ./drivers/fsl_dma.o
 .debug_abbrev  0x0000000000000eaa      0x2f0 ./drivers/fsl_flexcomm.o
 .debug_abbrev  0x000000000000119a      0x35c ./drivers/fsl_i2c.o
 .debug_abbrev  0x00000000000014f6      0x2e9 ./drivers/fsl_i2s.o
 .debug_abbrev  0x00000000000017df      0x33f ./drivers/fsl_i2s_dma.o
 .debug_abbrev  0x0000000000001b1e      0x195 ./drivers/fsl_reset.o
 .debug_abbrev  0x0000000000001cb3      0x22b ./drivers/fsl_sysctl.o
 .debug_abbrev  0x0000000000001ede      0x1fa ./device/system_LPC55S69_cm33_core0.o
 .debug_abbrev  0x00000000000020d8      0x24f ./component/i2c/fsl_adapter_flexcomm_i2c.o
 .debug_abbrev  0x0000000000002327      0x1e2 ./codec/fsl_codec_adapter.o
 .debug_abbrev  0x0000000000002509      0x178 ./codec/fsl_codec_common.o
 .debug_abbrev  0x0000000000002681      0x12a ./codec/fsl_codec_i2c.o
 .debug_abbrev  0x00000000000027ab      0x27a ./codec/fsl_wm8904.o
 .debug_abbrev  0x0000000000002a25      0x20b ./board/board.o
 .debug_abbrev  0x0000000000002c30      0x212 ./board/clock_config.o
 .debug_abbrev  0x0000000000002e42      0x20b ./board/pin_mux.o
 .debug_abbrev  0x000000000000304d      0x494 /Users/charles/Documents/MCUXpressoIDE_11.3.0/workspace/lpcxpresso55s69_i2s_dma_transfer/LPC55S69/mcuxpresso/libpower_hardabi.a(fsl_power_lib.o)

.debug_aranges  0x0000000000000000      0xff0
 .debug_aranges
                0x0000000000000000       0x20 ./utilities/fsl_assert.o
 .debug_aranges
                0x0000000000000020      0x268 ./startup/startup_lpc55s69_cm33_core0.o
 .debug_aranges
                0x0000000000000288       0x90 ./source/i2s_dma_transfer.o
 .debug_aranges
                0x0000000000000318       0x20 ./source/semihost_hardfault.o
 .debug_aranges
                0x0000000000000338      0x220 ./drivers/fsl_clock.o
 .debug_aranges
                0x0000000000000558       0x38 ./drivers/fsl_common.o
 .debug_aranges
                0x0000000000000590      0x138 ./drivers/fsl_dma.o
 .debug_aranges
                0x00000000000006c8       0x90 ./drivers/fsl_flexcomm.o
 .debug_aranges
                0x0000000000000758      0x198 ./drivers/fsl_i2c.o
 .debug_aranges
                0x00000000000008f0       0xf0 ./drivers/fsl_i2s.o
 .debug_aranges
                0x00000000000009e0       0xb8 ./drivers/fsl_i2s_dma.o
 .debug_aranges
                0x0000000000000a98       0x30 ./drivers/fsl_reset.o
 .debug_aranges
                0x0000000000000ac8       0x68 ./drivers/fsl_sysctl.o
 .debug_aranges
                0x0000000000000b30       0x88 ./device/system_LPC55S69_cm33_core0.o
 .debug_aranges
                0x0000000000000bb8       0xb8 ./component/i2c/fsl_adapter_flexcomm_i2c.o
 .debug_aranges
                0x0000000000000c70       0x68 ./codec/fsl_codec_adapter.o
 .debug_aranges
                0x0000000000000cd8       0x68 ./codec/fsl_codec_common.o
 .debug_aranges
                0x0000000000000d40       0x38 ./codec/fsl_codec_i2c.o
 .debug_aranges
                0x0000000000000d78       0xe0 ./codec/fsl_wm8904.o
 .debug_aranges
                0x0000000000000e58       0x78 ./board/board.o
 .debug_aranges
                0x0000000000000ed0       0x50 ./board/clock_config.o
 .debug_aranges
                0x0000000000000f20       0x38 ./board/pin_mux.o
 .debug_aranges
                0x0000000000000f58       0x98 /Users/charles/Documents/MCUXpressoIDE_11.3.0/workspace/lpcxpresso55s69_i2s_dma_transfer/LPC55S69/mcuxpresso/libpower_hardabi.a(fsl_power_lib.o)

.debug_ranges   0x0000000000000000     0x1030
 .debug_ranges  0x0000000000000000       0x10 ./utilities/fsl_assert.o
 .debug_ranges  0x0000000000000010      0x258 ./startup/startup_lpc55s69_cm33_core0.o
 .debug_ranges  0x0000000000000268       0x80 ./source/i2s_dma_transfer.o
 .debug_ranges  0x00000000000002e8       0x10 ./source/semihost_hardfault.o
 .debug_ranges  0x00000000000002f8      0x210 ./drivers/fsl_clock.o
 .debug_ranges  0x0000000000000508       0x28 ./drivers/fsl_common.o
 .debug_ranges  0x0000000000000530      0x128 ./drivers/fsl_dma.o
 .debug_ranges  0x0000000000000658       0x80 ./drivers/fsl_flexcomm.o
 .debug_ranges  0x00000000000006d8      0x1d0 ./drivers/fsl_i2c.o
 .debug_ranges  0x00000000000008a8       0xe0 ./drivers/fsl_i2s.o
 .debug_ranges  0x0000000000000988       0xa8 ./drivers/fsl_i2s_dma.o
 .debug_ranges  0x0000000000000a30       0x20 ./drivers/fsl_reset.o
 .debug_ranges  0x0000000000000a50       0x58 ./drivers/fsl_sysctl.o
 .debug_ranges  0x0000000000000aa8       0x78 ./device/system_LPC55S69_cm33_core0.o
 .debug_ranges  0x0000000000000b20       0xa8 ./component/i2c/fsl_adapter_flexcomm_i2c.o
 .debug_ranges  0x0000000000000bc8       0x58 ./codec/fsl_codec_adapter.o
 .debug_ranges  0x0000000000000c20       0x58 ./codec/fsl_codec_common.o
 .debug_ranges  0x0000000000000c78       0x28 ./codec/fsl_codec_i2c.o
 .debug_ranges  0x0000000000000ca0       0xd0 ./codec/fsl_wm8904.o
 .debug_ranges  0x0000000000000d70       0x68 ./board/board.o
 .debug_ranges  0x0000000000000dd8       0x40 ./board/clock_config.o
 .debug_ranges  0x0000000000000e18       0x28 ./board/pin_mux.o
 .debug_ranges  0x0000000000000e40      0x1f0 /Users/charles/Documents/MCUXpressoIDE_11.3.0/workspace/lpcxpresso55s69_i2s_dma_transfer/LPC55S69/mcuxpresso/libpower_hardabi.a(fsl_power_lib.o)

.debug_macro    0x0000000000000000    0x166d7
 .debug_macro   0x0000000000000000      0x14d ./utilities/fsl_assert.o
 .debug_macro   0x000000000000014d      0xaf0 ./utilities/fsl_assert.o
 .debug_macro   0x0000000000000c3d       0x10 ./utilities/fsl_assert.o
 .debug_macro   0x0000000000000c4d       0x1c ./utilities/fsl_assert.o
 .debug_macro   0x0000000000000c69       0x22 ./utilities/fsl_assert.o
 .debug_macro   0x0000000000000c8b      0x12e ./utilities/fsl_assert.o
 .debug_macro   0x0000000000000db9      0x5b3 ./utilities/fsl_assert.o
 .debug_macro   0x000000000000136c       0x22 ./utilities/fsl_assert.o
 .debug_macro   0x000000000000138e       0x10 ./utilities/fsl_assert.o
 .debug_macro   0x000000000000139e       0x46 ./utilities/fsl_assert.o
 .debug_macro   0x00000000000013e4       0x1c ./utilities/fsl_assert.o
 .debug_macro   0x0000000000001400       0x29 ./utilities/fsl_assert.o
 .debug_macro   0x0000000000001429      0x101 ./utilities/fsl_assert.o
 .debug_macro   0x000000000000152a     0x1336 ./utilities/fsl_assert.o
 .debug_macro   0x0000000000002860       0x5e ./utilities/fsl_assert.o
 .debug_macro   0x00000000000028be       0x2e ./utilities/fsl_assert.o
 .debug_macro   0x00000000000028ec    0x10bb3 ./utilities/fsl_assert.o
 .debug_macro   0x000000000001349f      0x3e1 ./utilities/fsl_assert.o
 .debug_macro   0x0000000000013880      0x10f ./utilities/fsl_assert.o
 .debug_macro   0x000000000001398f      0x2ca ./utilities/fsl_assert.o
 .debug_macro   0x0000000000013c59       0x16 ./utilities/fsl_assert.o
 .debug_macro   0x0000000000013c6f       0xd2 ./utilities/fsl_assert.o
 .debug_macro   0x0000000000013d41       0x1c ./utilities/fsl_assert.o
 .debug_macro   0x0000000000013d5d       0xd2 ./utilities/fsl_assert.o
 .debug_macro   0x0000000000013e2f       0x2e ./utilities/fsl_assert.o
 .debug_macro   0x0000000000013e5d       0x29 ./startup/startup_lpc55s69_cm33_core0.o
 .debug_macro   0x0000000000013e86      0x2b2 ./source/i2s_dma_transfer.o
 .debug_macro   0x0000000000014138       0x52 ./source/i2s_dma_transfer.o
 .debug_macro   0x000000000001418a       0x35 ./source/i2s_dma_transfer.o
 .debug_macro   0x00000000000141bf       0x10 ./source/i2s_dma_transfer.o
 .debug_macro   0x00000000000141cf       0xf6 ./source/i2s_dma_transfer.o
 .debug_macro   0x00000000000142c5      0x25c ./source/i2s_dma_transfer.o
 .debug_macro   0x0000000000014521       0x76 ./source/i2s_dma_transfer.o
 .debug_macro   0x0000000000014597       0x52 ./source/i2s_dma_transfer.o
 .debug_macro   0x00000000000145e9       0x10 ./source/i2s_dma_transfer.o
 .debug_macro   0x00000000000145f9       0x10 ./source/i2s_dma_transfer.o
 .debug_macro   0x0000000000014609       0x24 ./source/i2s_dma_transfer.o
 .debug_macro   0x000000000001462d      0x142 ./source/i2s_dma_transfer.o
 .debug_macro   0x000000000001476f       0x10 ./source/i2s_dma_transfer.o
 .debug_macro   0x000000000001477f       0x16 ./source/i2s_dma_transfer.o
 .debug_macro   0x0000000000014795       0x10 ./source/i2s_dma_transfer.o
 .debug_macro   0x00000000000147a5      0x304 ./source/i2s_dma_transfer.o
 .debug_macro   0x0000000000014aa9       0x11 ./source/semihost_hardfault.o
 .debug_macro   0x0000000000014aba      0x1db ./drivers/fsl_clock.o
 .debug_macro   0x0000000000014c95      0x2fe ./drivers/fsl_clock.o
 .debug_macro   0x0000000000014f93      0x138 ./drivers/fsl_common.o
 .debug_macro   0x00000000000150cb      0x141 ./drivers/fsl_dma.o
 .debug_macro   0x000000000001520c       0x70 ./drivers/fsl_dma.o
 .debug_macro   0x000000000001527c      0x13b ./drivers/fsl_flexcomm.o
 .debug_macro   0x00000000000153b7      0x149 ./drivers/fsl_i2c.o
 .debug_macro   0x0000000000015500       0x16 ./drivers/fsl_i2c.o
 .debug_macro   0x0000000000015516       0x1c ./drivers/fsl_i2c.o
 .debug_macro   0x0000000000015532       0x4c ./drivers/fsl_i2c.o
 .debug_macro   0x000000000001557e      0x174 ./drivers/fsl_i2s.o
 .debug_macro   0x00000000000156f2      0x16f ./drivers/fsl_i2s_dma.o
 .debug_macro   0x0000000000015861       0x16 ./drivers/fsl_i2s_dma.o
 .debug_macro   0x0000000000015877      0x132 ./drivers/fsl_reset.o
 .debug_macro   0x00000000000159a9      0x142 ./drivers/fsl_sysctl.o
 .debug_macro   0x0000000000015aeb       0xc1 ./device/system_LPC55S69_cm33_core0.o
 .debug_macro   0x0000000000015bac      0x13e ./component/i2c/fsl_adapter_flexcomm_i2c.o
 .debug_macro   0x0000000000015cea      0x191 ./codec/fsl_codec_adapter.o
 .debug_macro   0x0000000000015e7b       0x16 ./codec/fsl_codec_adapter.o
 .debug_macro   0x0000000000015e91      0x18b ./codec/fsl_codec_common.o
 .debug_macro   0x000000000001601c      0x145 ./codec/fsl_codec_i2c.o
 .debug_macro   0x0000000000016161      0x166 ./codec/fsl_wm8904.o
 .debug_macro   0x00000000000162c7      0x18a ./board/board.o
 .debug_macro   0x0000000000016451      0x148 ./board/clock_config.o
 .debug_macro   0x0000000000016599      0x13e ./board/pin_mux.o

.debug_line     0x0000000000000000     0xcf33
 .debug_line    0x0000000000000000      0x40b ./utilities/fsl_assert.o
 .debug_line    0x000000000000040b      0x6ab ./startup/startup_lpc55s69_cm33_core0.o
 .debug_line    0x0000000000000ab6      0xa2d ./source/i2s_dma_transfer.o
 .debug_line    0x00000000000014e3       0x59 ./source/semihost_hardfault.o
 .debug_line    0x000000000000153c     0x182a ./drivers/fsl_clock.o
 .debug_line    0x0000000000002d66      0x45c ./drivers/fsl_common.o
 .debug_line    0x00000000000031c2      0xe84 ./drivers/fsl_dma.o
 .debug_line    0x0000000000004046      0x642 ./drivers/fsl_flexcomm.o
 .debug_line    0x0000000000004688     0x12bd ./drivers/fsl_i2c.o
 .debug_line    0x0000000000005945      0xe1a ./drivers/fsl_i2s.o
 .debug_line    0x000000000000675f      0xb32 ./drivers/fsl_i2s_dma.o
 .debug_line    0x0000000000007291      0x414 ./drivers/fsl_reset.o
 .debug_line    0x00000000000076a5      0x541 ./drivers/fsl_sysctl.o
 .debug_line    0x0000000000007be6      0x6d6 ./device/system_LPC55S69_cm33_core0.o
 .debug_line    0x00000000000082bc      0x855 ./component/i2c/fsl_adapter_flexcomm_i2c.o
 .debug_line    0x0000000000008b11      0x690 ./codec/fsl_codec_adapter.o
 .debug_line    0x00000000000091a1      0x6d2 ./codec/fsl_codec_common.o
 .debug_line    0x0000000000009873      0x4d7 ./codec/fsl_codec_i2c.o
 .debug_line    0x0000000000009d4a      0xf55 ./codec/fsl_wm8904.o
 .debug_line    0x000000000000ac9f      0x5ed ./board/board.o
 .debug_line    0x000000000000b28c      0x57b ./board/clock_config.o
 .debug_line    0x000000000000b807      0x4b2 ./board/pin_mux.o
 .debug_line    0x000000000000bcb9     0x127a /Users/charles/Documents/MCUXpressoIDE_11.3.0/workspace/lpcxpresso55s69_i2s_dma_transfer/LPC55S69/mcuxpresso/libpower_hardabi.a(fsl_power_lib.o)

.debug_str      0x0000000000000000    0xbc317
 .debug_str     0x0000000000000000    0xac6ee ./utilities/fsl_assert.o
                                      0xac791 (size before relaxing)
 .debug_str     0x00000000000ac6ee      0x694 ./startup/startup_lpc55s69_cm33_core0.o
                                       0x3602 (size before relaxing)
 .debug_str     0x00000000000acd82     0x86f2 ./source/i2s_dma_transfer.o
                                      0xb506a (size before relaxing)
 .debug_str     0x00000000000b5474       0x1f ./source/semihost_hardfault.o
                                       0x2f30 (size before relaxing)
 .debug_str     0x00000000000b5493     0x13cd ./drivers/fsl_clock.o