Archive member included to satisfy reference by file (symbol)

/Users/charles/Documents/MCUXpressoIDE_11.3.0/workspace/lpcxpresso55s69_i2s_dma_transfer/LPC55S69/mcuxpresso/libpower_hardabi.a(fsl_power_lib.o)
                              ./drivers/fsl_clock.o (POWER_SetVoltageForFreq)
/Applications/MCUXpressoIDE_11.3.0_5222/ide/plugins/com.nxp.mcuxpresso.tools.macosx_11.3.0.202011031536/tools/bin/../lib/gcc/arm-none-eabi/9.3.1/../../../../arm-none-eabi/lib/thumb/v8-m.main+fp/hard/libcr_semihost_nf.a(_cr__main.o)
                              ./startup/startup_lpc55s69_cm33_core0.o (__main)
/Applications/MCUXpressoIDE_11.3.0_5222/ide/plugins/com.nxp.mcuxpresso.tools.macosx_11.3.0.202011031536/tools/bin/../lib/gcc/arm-none-eabi/9.3.1/../../../../arm-none-eabi/lib/thumb/v8-m.main+fp/hard/libcr_c.a(memset.o)
                              ./source/i2s_dma_transfer.o (memset)
/Applications/MCUXpressoIDE_11.3.0_5222/ide/plugins/com.nxp.mcuxpresso.tools.macosx_11.3.0.202011031536/tools/bin/../lib/gcc/arm-none-eabi/9.3.1/../../../../arm-none-eabi/lib/thumb/v8-m.main+fp/hard/libcr_c.a(alloc.o)
                              ./drivers/fsl_common.o (malloc)
/Applications/MCUXpressoIDE_11.3.0_5222/ide/plugins/com.nxp.mcuxpresso.tools.macosx_11.3.0.202011031536/tools/bin/../lib/gcc/arm-none-eabi/9.3.1/../../../../arm-none-eabi/lib/thumb/v8-m.main+fp/hard/libcr_c.a(initio.o)
                              /Applications/MCUXpressoIDE_11.3.0_5222/ide/plugins/com.nxp.mcuxpresso.tools.macosx_11.3.0.202011031536/tools/bin/../lib/gcc/arm-none-eabi/9.3.1/../../../../arm-none-eabi/lib/thumb/v8-m.main+fp/hard/libcr_semihost_nf.a(_cr__main.o) (_initio)
/Applications/MCUXpressoIDE_11.3.0_5222/ide/plugins/com.nxp.mcuxpresso.tools.macosx_11.3.0.202011031536/tools/bin/../lib/gcc/arm-none-eabi/9.3.1/../../../../arm-none-eabi/lib/thumb/v8-m.main+fp/hard/libcr_c.a(printf.o)
                              ./utilities/fsl_assert.o (_printf)
/Applications/MCUXpressoIDE_11.3.0_5222/ide/plugins/com.nxp.mcuxpresso.tools.macosx_11.3.0.202011031536/tools/bin/../lib/gcc/arm-none-eabi/9.3.1/../../../../arm-none-eabi/lib/thumb/v8-m.main+fp/hard/libcr_c.a(setvbuf.o)
                              /Applications/MCUXpressoIDE_11.3.0_5222/ide/plugins/com.nxp.mcuxpresso.tools.macosx_11.3.0.202011031536/tools/bin/../lib/gcc/arm-none-eabi/9.3.1/../../../../arm-none-eabi/lib/thumb/v8-m.main+fp/hard/libcr_c.a(initio.o) (setvbuf)
/Applications/MCUXpressoIDE_11.3.0_5222/ide/plugins/com.nxp.mcuxpresso.tools.macosx_11.3.0.202011031536/tools/bin/../lib/gcc/arm-none-eabi/9.3.1/../../../../arm-none-eabi/lib/thumb/v8-m.main+fp/hard/libcr_c.a(strlen.o)
                              /Applications/MCUXpressoIDE_11.3.0_5222/ide/plugins/com.nxp.mcuxpresso.tools.macosx_11.3.0.202011031536/tools/bin/../lib/gcc/arm-none-eabi/9.3.1/../../../../arm-none-eabi/lib/thumb/v8-m.main+fp/hard/libcr_c.a(printf.o) (strlen)
/Applications/MCUXpressoIDE_11.3.0_5222/ide/plugins/com.nxp.mcuxpresso.tools.macosx_11.3.0.202011031536/tools/bin/../lib/gcc/arm-none-eabi/9.3.1/../../../../arm-none-eabi/lib/thumb/v8-m.main+fp/hard/libcr_c.a(memcpy.o)
                              /Applications/MCUXpressoIDE_11.3.0_5222/ide/plugins/com.nxp.mcuxpresso.tools.macosx_11.3.0.202011031536/tools/bin/../lib/gcc/arm-none-eabi/9.3.1/../../../../arm-none-eabi/lib/thumb/v8-m.main+fp/hard/libcr_c.a(alloc.o) (memcpy)
/Applications/MCUXpressoIDE_11.3.0_5222/ide/plugins/com.nxp.mcuxpresso.tools.macosx_11.3.0.202011031536/tools/bin/../lib/gcc/arm-none-eabi/9.3.1/../../../../arm-none-eabi/lib/thumb/v8-m.main+fp/hard/libcr_c.a(__init_alloc.o)
                              /Applications/MCUXpressoIDE_11.3.0_5222/ide/plugins/com.nxp.mcuxpresso.tools.macosx_11.3.0.202011031536/tools/bin/../lib/gcc/arm-none-eabi/9.3.1/../../../../arm-none-eabi/lib/thumb/v8-m.main+fp/hard/libcr_c.a(alloc.o) (__heaps)
/Applications/MCUXpressoIDE_11.3.0_5222/ide/plugins/com.nxp.mcuxpresso.tools.macosx_11.3.0.202011031536/tools/bin/../lib/gcc/arm-none-eabi/9.3.1/../../../../arm-none-eabi/lib/thumb/v8-m.main+fp/hard/libcr_c.a(_cr_sbrk.o)
                              /Applications/MCUXpressoIDE_11.3.0_5222/ide/plugins/com.nxp.mcuxpresso.tools.macosx_11.3.0.202011031536/tools/bin/../lib/gcc/arm-none-eabi/9.3.1/../../../../arm-none-eabi/lib/thumb/v8-m.main+fp/hard/libcr_c.a(alloc.o) (_sbrk)
/Applications/MCUXpressoIDE_11.3.0_5222/ide/plugins/com.nxp.mcuxpresso.tools.macosx_11.3.0.202011031536/tools/bin/../lib/gcc/arm-none-eabi/9.3.1/../../../../arm-none-eabi/lib/thumb/v8-m.main+fp/hard/libcr_c.a(_deferredlazyseek.o)
                              /Applications/MCUXpressoIDE_11.3.0_5222/ide/plugins/com.nxp.mcuxpresso.tools.macosx_11.3.0.202011031536/tools/bin/../lib/gcc/arm-none-eabi/9.3.1/../../../../arm-none-eabi/lib/thumb/v8-m.main+fp/hard/libcr_c.a(printf.o) (__flsbuf)
[...]
Memory Configuration

Name             Origin             Length             Attributes
PROGRAM_FLASH    0x0000000000000000 0x0000000000098000 xr
SRAM             0x0000000020000000 0x0000000000040000 xrw
SRAM4            0x0000000020040000 0x0000000000004000 xrw
SRAMX            0x0000000004000000 0x0000000000008000 xrw
USB_RAM          0x0000000040100000 0x0000000000004000 xrw
*default*        0x0000000000000000 0xffffffffffffffff

Linker script and memory map

LOAD ./utilities/fsl_assert.o
LOAD ./utilities/fsl_debug_console.o
LOAD ./startup/boot_multicore_slave.o
LOAD ./startup/startup_lpc55s69_cm33_core0.o
LOAD ./source/i2s_dma_transfer.o
LOAD ./source/semihost_hardfault.o
LOAD ./drivers/fsl_clock.o
LOAD ./drivers/fsl_common.o
LOAD ./drivers/fsl_dma.o
LOAD ./drivers/fsl_flexcomm.o
LOAD ./drivers/fsl_gpio.o
LOAD ./drivers/fsl_i2c.o
LOAD ./drivers/fsl_i2s.o
LOAD ./drivers/fsl_i2s_dma.o
LOAD ./drivers/fsl_inputmux.o
LOAD ./drivers/fsl_reset.o
LOAD ./drivers/fsl_sysctl.o
LOAD ./drivers/fsl_usart.o
LOAD ./device/system_LPC55S69_cm33_core0.o
LOAD ./component/uart/fsl_adapter_usart.o
LOAD ./component/lists/fsl_component_generic_list.o
LOAD ./component/i2c/fsl_adapter_flexcomm_i2c.o
LOAD ./codec/fsl_codec_adapter.o
LOAD ./codec/fsl_codec_common.o
LOAD ./codec/fsl_codec_i2c.o
LOAD ./codec/fsl_wm8904.o
LOAD ./board/board.o
LOAD ./board/clock_config.o
LOAD ./board/pin_mux.o
LOAD ./LPC55S69/drivers/fsl_power.o
LOAD /Users/charles/Documents/MCUXpressoIDE_11.3.0/workspace/lpcxpresso55s69_i2s_dma_transfer/LPC55S69/mcuxpresso/libpower_hardabi.a
START GROUP
LOAD /Applications/MCUXpressoIDE_11.3.0_5222/ide/plugins/com.nxp.mcuxpresso.tools.macosx_11.3.0.202011031536/tools/bin/../lib/gcc/arm-none-eabi/9.3.1/../../../../arm-none-eabi/lib/thumb/v8-m.main+fp/hard/libcr_semihost_nf.a
LOAD /Applications/MCUXpressoIDE_11.3.0_5222/ide/plugins/com.nxp.mcuxpresso.tools.macosx_11.3.0.202011031536/tools/bin/../lib/gcc/arm-none-eabi/9.3.1/../../../../arm-none-eabi/lib/thumb/v8-m.main+fp/hard/libcr_c.a
LOAD /Applications/MCUXpressoIDE_11.3.0_5222/ide/plugins/com.nxp.mcuxpresso.tools.macosx_11.3.0.202011031536/tools/bin/../lib/gcc/arm-none-eabi/9.3.1/thumb/v8-m.main+fp/hard/libcr_eabihelpers.a
LOAD /Applications/MCUXpressoIDE_11.3.0_5222/ide/plugins/com.nxp.mcuxpresso.tools.macosx_11.3.0.202011031536/tools/bin/../lib/gcc/arm-none-eabi/9.3.1/thumb/v8-m.main+fp/hard/libgcc.a
END GROUP
                0x0000000000000000                __base_PROGRAM_FLASH = 0x0
                0x0000000000000000                __base_Flash = 0x0
                0x0000000000098000                __top_PROGRAM_FLASH = 0x98000
                0x0000000000098000                __top_Flash = 0x98000
                0x0000000020000000                __base_SRAM = 0x20000000
                0x0000000020000000                __base_RAM = 0x20000000
                0x0000000020040000                __top_SRAM = 0x20040000
                0x0000000020040000                __top_RAM = 0x20040000
                0x0000000020040000                __base_SRAM4 = 0x20040000
                0x0000000020040000                __base_RAM2 = 0x20040000
                0x0000000020044000                __top_SRAM4 = 0x20044000
                0x0000000020044000                __top_RAM2 = 0x20044000
                0x0000000004000000                __base_SRAMX = 0x4000000
                0x0000000004000000                __base_RAM3 = 0x4000000
                0x0000000004008000                __top_SRAMX = 0x4008000
                0x0000000004008000                __top_RAM3 = 0x4008000
                0x0000000040100000                __base_USB_RAM = 0x40100000
                0x0000000040100000                __base_RAM4 = 0x40100000
                0x0000000040104000                __top_USB_RAM = 0x40104000
                0x0000000040104000                __top_RAM4 = 0x40104000

.text           0x0000000000000000     0x7ee8
 FILL mask 0xff
                0x0000000000000000                __vectors_start__ = ABSOLUTE (.)
 *(SORT_BY_ALIGNMENT(.isr_vector))
 .isr_vector    0x0000000000000000      0x130 ./startup/startup_lpc55s69_cm33_core0.o
                0x0000000000000000                __Vectors
                0x0000000000000000                g_pfnVectors
                0x0000000000000130                . = ALIGN (0x4)
                0x0000000000000130                __section_table_start = .
                0x0000000000000130                __data_section_table = .
                0x0000000000000130        0x4 LONG 0x7ee8 LOADADDR (.data)
                0x0000000000000134        0x4 LONG 0x20000000 ADDR (.data)
                0x0000000000000138        0x4 LONG 0x24 SIZEOF (.data)
                0x000000000000013c        0x4 LONG 0x7ee8 LOADADDR (.data_RAM2)
                0x0000000000000140        0x4 LONG 0x20040000 ADDR (.data_RAM2)
                0x0000000000000144        0x4 LONG 0x0 SIZEOF (.data_RAM2)
                0x0000000000000148        0x4 LONG 0x7ee8 LOADADDR (.data_RAM3)
                0x000000000000014c        0x4 LONG 0x4000000 ADDR (.data_RAM3)
                0x0000000000000150        0x4 LONG 0x0 SIZEOF (.data_RAM3)
                0x0000000000000154        0x4 LONG 0x7ee8 LOADADDR (.data_RAM4)
                0x0000000000000158        0x4 LONG 0x40100000 ADDR (.data_RAM4)
                0x000000000000015c        0x4 LONG 0x0 SIZEOF (.data_RAM4)
                0x0000000000000160                __data_section_table_end = .
                0x0000000000000160                __bss_section_table = .
                0x0000000000000160        0x4 LONG 0x20000200 ADDR (.bss)
                0x0000000000000164        0x4 LONG 0x28cc SIZEOF (.bss)
                0x0000000000000168        0x4 LONG 0x20040000 ADDR (.bss_RAM2)
                0x000000000000016c        0x4 LONG 0x0 SIZEOF (.bss_RAM2)
                0x0000000000000170        0x4 LONG 0x4000000 ADDR (.bss_RAM3)
                0x0000000000000174        0x4 LONG 0x0 SIZEOF (.bss_RAM3)
                0x0000000000000178        0x4 LONG 0x40100000 ADDR (.bss_RAM4)
                0x000000000000017c        0x4 LONG 0x0 SIZEOF (.bss_RAM4)
                0x0000000000000180                __bss_section_table_end = .
                0x0000000000000180                __section_table_end = .
 *(SORT_BY_ALIGNMENT(.after_vectors*))
 .after_vectors.reset
                0x0000000000000180       0x4c ./startup/startup_lpc55s69_cm33_core0.o
                0x0000000000000180                ResetISR
 .after_vectors.init_data
                0x00000000000001cc       0x1e ./startup/startup_lpc55s69_cm33_core0.o
                0x00000000000001cc                data_init
 .after_vectors.init_bss
                0x00000000000001ea       0x12 ./startup/startup_lpc55s69_cm33_core0.o
                0x00000000000001ea                bss_init
 .after_vectors
                0x00000000000001fc       0x16 ./startup/startup_lpc55s69_cm33_core0.o
                0x00000000000001fc                NMI_Handler
                0x0000000000000200                MemManage_Handler
                0x0000000000000202                BusFault_Handler
                0x0000000000000204                UsageFault_Handler
                0x0000000000000206                SecureFault_Handler
                0x0000000000000208                SVC_Handler
                0x000000000000020a                DebugMon_Handler
                0x000000000000020c                PendSV_Handler
                0x000000000000020e                SysTick_Handler
                0x0000000000000210                IntDefaultHandler
                0x0000000000000210                USB0_DriverIRQHandler
                0x0000000000000210                CASER_DriverIRQHandler
                0x0000000000000210                MRT0_DriverIRQHandler
                0x0000000000000210                UTICK0_DriverIRQHandler
                0x0000000000000210                Reserved41_DriverIRQHandler
                0x0000000000000210                PIN_INT4_DriverIRQHandler
                0x0000000000000210                PIN_INT5_DriverIRQHandler
                0x0000000000000210                SEC_GPIO_INT0_IRQ0_DriverIRQHandler
                0x0000000000000210                CTIMER4_DriverIRQHandler
                0x0000000000000210                GINT1_DriverIRQHandler
                0x0000000000000210                PIN_INT7_DriverIRQHandler
                0x0000000000000210                Reserved55_DriverIRQHandler
                0x0000000000000210                HASHCRYPT_DriverIRQHandler
                0x0000000000000210                USB0_NEEDCLK_DriverIRQHandler
                0x0000000000000210                CTIMER0_DriverIRQHandler
                0x0000000000000210                CTIMER1_DriverIRQHandler
                0x0000000000000210                PIN_INT6_DriverIRQHandler
                0x0000000000000210                PQ_DriverIRQHandler
                0x0000000000000210                MAILBOX_DriverIRQHandler
                0x0000000000000210                PIN_INT1_DriverIRQHandler
                0x0000000000000210                CTIMER3_DriverIRQHandler
                0x0000000000000210                Reserved61_DriverIRQHandler
                0x0000000000000210                SEC_GPIO_INT0_IRQ1_DriverIRQHandler
                0x0000000000000210                PUF_DriverIRQHandler
                0x0000000000000210                RTC_DriverIRQHandler
                0x0000000000000210                USB1_DriverIRQHandler
                0x0000000000000210                Reserved60_DriverIRQHandler
                0x0000000000000210                ADC0_DriverIRQHandler
                0x0000000000000210                USB1_NEEDCLK_DriverIRQHandler
                0x0000000000000210                Reserved59_DriverIRQHandler
                0x0000000000000210                SDIO_DriverIRQHandler
                0x0000000000000210                GINT0_DriverIRQHandler
                0x0000000000000210                USB1_PHY_DriverIRQHandler
                0x0000000000000210                ACMP_DriverIRQHandler
                0x0000000000000210                Reserved57_DriverIRQHandler
                0x0000000000000210                Reserved46_DriverIRQHandler
                0x0000000000000210                WDT_BOD_DriverIRQHandler
                0x0000000000000210                SCT0_DriverIRQHandler
                0x0000000000000210                PLU_DriverIRQHandler
                0x0000000000000210                OS_EVENT_DriverIRQHandler
                0x0000000000000210                SEC_HYPERVISOR_CALL_DriverIRQHandler
                0x0000000000000210                Reserved39_DriverIRQHandler
                0x0000000000000210                Reserved42_DriverIRQHandler
                0x0000000000000210                SEC_VIO_DriverIRQHandler
                0x0000000000000210                PIN_INT3_DriverIRQHandler
                0x0000000000000210                PIN_INT2_DriverIRQHandler
                0x0000000000000210                Reserved56_DriverIRQHandler
                0x0000000000000210                PIN_INT0_DriverIRQHandler
                0x0000000000000210                CTIMER2_DriverIRQHandler
 *(SORT_BY_ALIGNMENT(.text*))
 *fill*         0x0000000000000212        0x2 ff
 .text.__assertion_failed
                0x0000000000000214       0x18 ./utilities/fsl_assert.o
                0x0000000000000214                __assertion_failed
 .text.__NVIC_EnableIRQ
                0x000000000000022c       0x3c ./source/i2s_dma_transfer.o
 .text.__NVIC_DisableIRQ
                0x0000000000000268       0x48 ./source/i2s_dma_transfer.o
 .text.__NVIC_ClearPendingIRQ
                0x00000000000002b0       0x3c ./source/i2s_dma_transfer.o
 .text.DMA_EnableChannel
                0x00000000000002ec       0x58 ./source/i2s_dma_transfer.o
 .text.DMA_SetChannelPriority
                0x0000000000000344       0x4c ./source/i2s_dma_transfer.o
 .text.POWER_SetBodVbatLevel
                0x0000000000000390       0x58 ./source/i2s_dma_transfer.o
 .text.get_i2s_div
                0x00000000000003e8       0x58 ./source/i2s_dma_transfer.o
                0x00000000000003e8                get_i2s_div
 .text.get_audio_characteristics
                0x0000000000000440      0x1b4 ./source/i2s_dma_transfer.o
                0x0000000000000440                get_audio_characteristics
 .text.send_buffer_size
                0x00000000000005f4       0x1c ./source/i2s_dma_transfer.o
                0x00000000000005f4                send_buffer_size
 .text.baud_check
                0x0000000000000610       0x4c ./source/i2s_dma_transfer.o
                0x0000000000000610                baud_check
 .text.refill_rx_buf
                0x000000000000065c       0x6c ./source/i2s_dma_transfer.o
 .text.stream_tx_buf
                0x00000000000006c8       0x50 ./source/i2s_dma_transfer.o
 .text.I2S_TxCallback
                0x0000000000000718       0x2c ./source/i2s_dma_transfer.o
                0x0000000000000718                I2S_TxCallback
 .text.swap_buffers
                0x0000000000000744       0x44 ./source/i2s_dma_transfer.o
 .text.StartPlayback
                0x0000000000000788       0x1c ./source/i2s_dma_transfer.o
                0x0000000000000788                StartPlayback
 .text.init_UART
                0x00000000000007a4       0xa4 ./source/i2s_dma_transfer.o
                0x00000000000007a4                init_UART
 .text.setup    0x0000000000000848      0x164 ./source/i2s_dma_transfer.o
                0x0000000000000848                setup
 .text.init_CODEC
                0x00000000000009ac      0x11c ./source/i2s_dma_transfer.o
                0x00000000000009ac                init_CODEC
 .text.BOARD_InitSysctrl
                0x0000000000000ac8       0x5c ./source/i2s_dma_transfer.o
                0x0000000000000ac8                BOARD_InitSysctrl
 .text.StartTrack
                0x0000000000000b24       0x1c ./source/i2s_dma_transfer.o
                0x0000000000000b24                StartTrack
 .text.POWER_EnablePD
                0x0000000000000b40       0x20 ./drivers/fsl_clock.o
 .text.POWER_DisablePD
                0x0000000000000b60       0x20 ./drivers/fsl_clock.o
 .text.CLOCK_AttachClk
                0x0000000000000b80       0x98 ./drivers/fsl_clock.o
                0x0000000000000b80                CLOCK_AttachClk
 .text.CLOCK_SetClkDiv
                0x0000000000000c18       0x80 ./drivers/fsl_clock.o
                0x0000000000000c18                CLOCK_SetClkDiv
 .text.CLOCK_SetupFROClocking
                0x0000000000000c98       0x80 ./drivers/fsl_clock.o
                0x0000000000000c98                CLOCK_SetupFROClocking
 .text.CLOCK_SetFLASHAccessCyclesForFreq
                0x0000000000000d18      0x148 ./drivers/fsl_clock.o
                0x0000000000000d18                CLOCK_SetFLASHAccessCyclesForFreq
 .text.CLOCK_GetFro1MFreq
                0x0000000000000e60       0x28 ./drivers/fsl_clock.o
                0x0000000000000e60                CLOCK_GetFro1MFreq
 .text.CLOCK_GetExtClkFreq
                0x0000000000000e88       0x2c ./drivers/fsl_clock.o
                0x0000000000000e88                CLOCK_GetExtClkFreq
 .text.CLOCK_GetOsc32KFreq
                0x0000000000000eb4       0x58 ./drivers/fsl_clock.o
                0x0000000000000eb4                CLOCK_GetOsc32KFreq
 .text.CLOCK_GetPLL0InClockRate
                0x0000000000000f0c       0x64 ./drivers/fsl_clock.o
                0x0000000000000f0c                CLOCK_GetPLL0InClockRate
 .text.CLOCK_SetPLL0Freq
                0x0000000000000f70      0x12c ./drivers/fsl_clock.o
                0x0000000000000f70                CLOCK_SetPLL0Freq
 .text.SDK_DelayAtLeastUs
                0x000000000000109c       0x90 ./drivers/fsl_common.o
                0x000000000000109c                SDK_DelayAtLeastUs
 .text.__NVIC_EnableIRQ
                0x000000000000112c       0x3c ./drivers/fsl_dma.o
 .text.DMA_EnableChannelInterrupts
                0x0000000000001168       0x58 ./drivers/fsl_dma.o
 .text.DMA_EnableChannel
                0x00000000000011c0       0x58 ./drivers/fsl_dma.o
 .text.DMA_DisableChannel
                0x0000000000001218       0x58 ./drivers/fsl_dma.o
 .text.DMA_GetInstance
                0x0000000000001270       0x4c ./drivers/fsl_dma.o
 .text.DMA_Init
                0x00000000000012bc       0x68 ./drivers/fsl_dma.o
                0x00000000000012bc                DMA_Init
 .text.DMA_SetupDescriptor
                0x0000000000001324      0x124 ./drivers/fsl_dma.o
                0x0000000000001324                DMA_SetupDescriptor
 .text.DMA_AbortTransfer
                0x0000000000001448       0xa8 ./drivers/fsl_dma.o
                0x0000000000001448                DMA_AbortTransfer
 .text.DMA_CreateHandle
                0x00000000000014f0       0x88 ./drivers/fsl_dma.o
                0x00000000000014f0                DMA_CreateHandle
 .text.DMA_SetCallback
                0x0000000000001578       0x30 ./drivers/fsl_dma.o
                0x0000000000001578                DMA_SetCallback
 .text.DMA_SubmitChannelTransferParameter
                0x00000000000015a8       0x84 ./drivers/fsl_dma.o
                0x00000000000015a8                DMA_SubmitChannelTransferParameter
 .text.DMA_StartTransfer
                0x000000000000162c       0x80 ./drivers/fsl_dma.o
                0x000000000000162c                DMA_StartTransfer
 .text.DMA_IRQHandle
                0x00000000000016ac      0x168 ./drivers/fsl_dma.o
                0x00000000000016ac                DMA_IRQHandle
 .text.DMA0_DriverIRQHandler
                0x0000000000001814       0x14 ./drivers/fsl_dma.o
                0x0000000000001814                DMA0_DriverIRQHandler
 .text.DMA1_DriverIRQHandler
                0x0000000000001828       0x14 ./drivers/fsl_dma.o
                0x0000000000001828                DMA1_DriverIRQHandler
 .text.FLEXCOMM_GetInstance
                0x000000000000183c       0x50 ./drivers/fsl_flexcomm.o
                0x000000000000183c                FLEXCOMM_GetInstance
 .text.FLEXCOMM_Init
                0x000000000000188c       0x50 ./drivers/fsl_flexcomm.o
                0x000000000000188c                FLEXCOMM_Init
 .text.FLEXCOMM0_DriverIRQHandler
                0x00000000000018dc       0x38 ./drivers/fsl_flexcomm.o
                0x00000000000018dc                FLEXCOMM0_DriverIRQHandler
 .text.FLEXCOMM1_DriverIRQHandler
                0x0000000000001914       0x38 ./drivers/fsl_flexcomm.o
                0x0000000000001914                FLEXCOMM1_DriverIRQHandler
 .text.FLEXCOMM2_DriverIRQHandler
                0x000000000000194c       0x38 ./drivers/fsl_flexcomm.o
                0x000000000000194c                FLEXCOMM2_DriverIRQHandler
 .text.FLEXCOMM3_DriverIRQHandler
                0x0000000000001984       0x38 ./drivers/fsl_flexcomm.o
                0x0000000000001984                FLEXCOMM3_DriverIRQHandler
 .text.FLEXCOMM4_DriverIRQHandler
                0x00000000000019bc       0x38 ./drivers/fsl_flexcomm.o
                0x00000000000019bc                FLEXCOMM4_DriverIRQHandler
 .text.FLEXCOMM5_DriverIRQHandler
                0x00000000000019f4       0x38 ./drivers/fsl_flexcomm.o
                0x00000000000019f4                FLEXCOMM5_DriverIRQHandler
 .text.FLEXCOMM6_DriverIRQHandler
                0x0000000000001a2c       0x38 ./drivers/fsl_flexcomm.o
                0x0000000000001a2c                FLEXCOMM6_DriverIRQHandler
 .text.FLEXCOMM7_DriverIRQHandler
                0x0000000000001a64       0x38 ./drivers/fsl_flexcomm.o
                0x0000000000001a64                FLEXCOMM7_DriverIRQHandler
 .text.FLEXCOMM8_DriverIRQHandler
                0x0000000000001a9c       0x38 ./drivers/fsl_flexcomm.o
                0x0000000000001a9c                FLEXCOMM8_DriverIRQHandler
 .text.I2C_MasterGetDefaultConfig
                0x0000000000001ad4       0x30 ./drivers/fsl_i2c.o
                0x0000000000001ad4                I2C_MasterGetDefaultConfig
 .text.I2C_MasterSetBaudRate
                0x0000000000001b04      0x13c ./drivers/fsl_i2c.o
                0x0000000000001b04                I2C_MasterSetBaudRate
 .text.I2C_MasterWriteBlocking
                0x0000000000001c40      0x10c ./drivers/fsl_i2c.o
                0x0000000000001c40                I2C_MasterWriteBlocking
 .text.I2C_MasterReadBlocking
                0x0000000000001d4c       0xf0 ./drivers/fsl_i2c.o
                0x0000000000001d4c                I2C_MasterReadBlocking
 .text.I2C_MasterTransferBlocking
                0x0000000000001e3c      0x168 ./drivers/fsl_i2c.o
                0x0000000000001e3c                I2C_MasterTransferBlocking
 .text.I2S_Config
                0x0000000000001fa4       0xf0 ./drivers/fsl_i2s.o
 .text.DMA_EnableChannelInterrupts
                0x0000000000002094       0x58 ./drivers/fsl_i2s_dma.o
 .text.DMA_DisableChannelInterrupts
                0x00000000000020ec       0x58 ./drivers/fsl_i2s_dma.o
 .text.DMA_EnableChannelPeriphRq
                0x0000000000002144       0x40 ./drivers/fsl_i2s_dma.o
 .text.I2S_EnqueueUserBuffer
                0x0000000000002184      0x134 ./drivers/fsl_i2s_dma.o
 .text.I2S_GetInstance
                0x00000000000022b8       0x44 ./drivers/fsl_i2s_dma.o
 .text.I2S_TxTransferCreateHandleDMA
                0x00000000000022fc       0xd0 ./drivers/fsl_i2s_dma.o
                0x00000000000022fc                I2S_TxTransferCreateHandleDMA
 .text.I2S_TransferAbortDMA
                0x00000000000023cc      0x110 ./drivers/fsl_i2s_dma.o
                0x00000000000023cc                I2S_TransferAbortDMA
 .text.I2S_GetTransferBytes
                0x00000000000024dc       0x64 ./drivers/fsl_i2s_dma.o
 .text.I2S_StartTransferDMA
                0x0000000000002540      0x244 ./drivers/fsl_i2s_dma.o
 .text.I2S_AddTransferDMA
                0x0000000000002784      0x22c ./drivers/fsl_i2s_dma.o
 .text.RESET_SetPeripheralReset
                0x00000000000029b0       0x5c ./drivers/fsl_reset.o
                0x00000000000029b0                RESET_SetPeripheralReset
 .text.RESET_ClearPeripheralReset
                0x0000000000002a0c       0x60 ./drivers/fsl_reset.o
                0x0000000000002a0c                RESET_ClearPeripheralReset
 .text.SYSCTL_GetInstance
                0x0000000000002a6c       0x40 ./drivers/fsl_sysctl.o
 .text.USART_Init
                0x0000000000002aac      0x1cc ./drivers/fsl_usart.o
                0x0000000000002aac                USART_Init
 .text.USART_SetBaudRate
                0x0000000000002c78      0x174 ./drivers/fsl_usart.o
                0x0000000000002c78                USART_SetBaudRate
 .text.USART_WriteBlocking
                0x0000000000002dec       0x8c ./drivers/fsl_usart.o
                0x0000000000002dec                USART_WriteBlocking
 .text.USART_ReadBlocking
                0x0000000000002e78      0x104 ./drivers/fsl_usart.o
                0x0000000000002e78                USART_ReadBlocking
 .text.SystemInit
                0x0000000000002f7c       0x64 ./device/system_LPC55S69_cm33_core0.o
                0x0000000000002f7c                SystemInit
 .text.HAL_I2cGetStatus
                0x0000000000002fe0       0xa8 ./component/i2c/fsl_adapter_flexcomm_i2c.o
 .text.HAL_I2cMasterInit
                0x0000000000003088       0x78 ./component/i2c/fsl_adapter_flexcomm_i2c.o
                0x0000000000003088                HAL_I2cMasterInit
 .text.HAL_I2cMasterTransferBlocking
                0x0000000000003100       0x94 ./component/i2c/fsl_adapter_flexcomm_i2c.o
                0x0000000000003100                HAL_I2cMasterTransferBlocking
 .text.HAL_CODEC_Init
                0x0000000000003194       0x4c ./codec/fsl_codec_adapter.o
                0x0000000000003194                HAL_CODEC_Init
 .text.HAL_CODEC_SetVolume
                0x00000000000031e0       0x90 ./codec/fsl_codec_adapter.o
                0x00000000000031e0                HAL_CODEC_SetVolume
 .text.CODEC_Init
                0x0000000000003270       0x38 ./codec/fsl_codec_common.o
                0x0000000000003270                CODEC_Init
 .text.CODEC_SetVolume
                0x00000000000032a8       0x70 ./codec/fsl_codec_common.o
                0x00000000000032a8                CODEC_SetVolume
 .text.WM8904_WriteRegister
                0x0000000000003318       0x6c ./codec/fsl_wm8904.o
                0x0000000000003318                WM8904_WriteRegister
 .text.WM8904_ReadRegister
                0x0000000000003384       0x78 ./codec/fsl_wm8904.o
                0x0000000000003384                WM8904_ReadRegister
 .text.WM8904_Init
                0x00000000000033fc      0x380 ./codec/fsl_wm8904.o
                0x00000000000033fc                WM8904_Init
 .text.WM8904_SeMasterClock
                0x000000000000377c      0x3f0 ./codec/fsl_wm8904.o
                0x000000000000377c                WM8904_SeMasterClock
 .text.WM8904_SetFLLConfig
                0x0000000000003b6c      0x238 ./codec/fsl_wm8904.o
                0x0000000000003b6c                WM8904_SetFLLConfig
 .text.WM8904_CheckAudioFormat
                0x0000000000003da4      0x1a8 ./codec/fsl_wm8904.o
                0x0000000000003da4                WM8904_CheckAudioFormat
 .text.WM8904_SetChannelVolume
                0x0000000000003f4c       0xb4 ./codec/fsl_wm8904.o
                0x0000000000003f4c                WM8904_SetChannelVolume
 .text.WM8904_SetRecord
                0x0000000000004000       0xd0 ./codec/fsl_wm8904.o
                0x0000000000004000                WM8904_SetRecord
 .text.BOARD_InitDebugConsole
                0x00000000000040d0       0x38 ./board/board.o
                0x00000000000040d0                BOARD_InitDebugConsole
 .text.POWER_DisablePD
                0x0000000000004108       0x20 ./board/clock_config.o
 .text.BOARD_BootClockFROHF96M
                0x0000000000004128       0x58 ./board/clock_config.o
                0x0000000000004128                BOARD_BootClockFROHF96M
 .text.BOARD_InitPins
                0x0000000000004180       0xe0 ./board/pin_mux.o
                0x0000000000004180                BOARD_InitPins
 .text.lowpower_set_system_voltage
                0x0000000000004260       0xa0 /Users/charles/Documents/MCUXpressoIDE_11.3.0/workspace/lpcxpresso55s69_i2s_dma_transfer/LPC55S69/mcuxpresso/libpower_hardabi.a(fsl_power_lib.o)
 .text.lowpower_set_voltage_for_process
                0x0000000000004300       0x84 /Users/charles/Documents/MCUXpressoIDE_11.3.0/workspace/lpcxpresso55s69_i2s_dma_transfer/LPC55S69/mcuxpresso/libpower_hardabi.a(fsl_power_lib.o)
 .text.POWER_SetVoltageForFreq
                0x0000000000004384       0x84 /Users/charles/Documents/MCUXpressoIDE_11.3.0/workspace/lpcxpresso55s69_i2s_dma_transfer/LPC55S69/mcuxpresso/libpower_hardabi.a(fsl_power_lib.o)
                0x0000000000004384                POWER_SetVoltageForFreq
 .text.malloc   0x0000000000004408       0xc8 /Applications/MCUXpressoIDE_11.3.0_5222/ide/plugins/com.nxp.mcuxpresso.tools.macosx_11.3.0.202011031536/tools/bin/../lib/gcc/arm-none-eabi/9.3.1/../../../../arm-none-eabi/lib/thumb/v8-m.main+fp/hard/libcr_c.a(alloc.o)
                0x0000000000004408                malloc
 .text._Csys_alloc
                0x00000000000044d0       0x20 /Applications/MCUXpressoIDE_11.3.0_5222/ide/plugins/com.nxp.mcuxpresso.tools.macosx_11.3.0.202011031536/tools/bin/../lib/gcc/arm-none-eabi/9.3.1/../../../../arm-none-eabi/lib/thumb/v8-m.main+fp/hard/libcr_c.a(alloc.o)
                0x00000000000044d0                _Csys_alloc
 .text._initio  0x00000000000044f0       0x78 /Applications/MCUXpressoIDE_11.3.0_5222/ide/plugins/com.nxp.mcuxpresso.tools.macosx_11.3.0.202011031536/tools/bin/../lib/gcc/arm-none-eabi/9.3.1/../../../../arm-none-eabi/lib/thumb/v8-m.main+fp/hard/libcr_c.a(initio.o)
                0x00000000000044f0                _initio
 .text.__vfprintf
                0x0000000000004568      0xcdc /Applications/MCUXpressoIDE_11.3.0_5222/ide/plugins/com.nxp.mcuxpresso.tools.macosx_11.3.0.202011031536/tools/bin/../lib/gcc/arm-none-eabi/9.3.1/../../../../arm-none-eabi/lib/thumb/v8-m.main+fp/hard/libcr_c.a(printf.o)
                0x0000000000004568                __vfprintf
 .text._vsnprintf
                0x0000000000005244       0x68 /Applications/MCUXpressoIDE_11.3.0_5222/ide/plugins/com.nxp.mcuxpresso.tools.macosx_11.3.0.202011031536/tools/bin/../lib/gcc/arm-none-eabi/9.3.1/../../../../arm-none-eabi/lib/thumb/v8-m.main+fp/hard/libcr_c.a(printf.o)
                0x0000000000005244                _vsnprintf
 .text._printf  0x00000000000052ac       0x54 /Applications/MCUXpressoIDE_11.3.0_5222/ide/plugins/com.nxp.mcuxpresso.tools.macosx_11.3.0.202011031536/tools/bin/../lib/gcc/arm-none-eabi/9.3.1/../../../../arm-none-eabi/lib/thumb/v8-m.main+fp/hard/libcr_c.a(printf.o)
                0x00000000000052ac                _printf
 .text._sbrk    0x0000000000005300       0x3c /Applications/MCUXpressoIDE_11.3.0_5222/ide/plugins/com.nxp.mcuxpresso.tools.macosx_11.3.0.202011031536/tools/bin/../lib/gcc/arm-none-eabi/9.3.1/../../../../arm-none-eabi/lib/thumb/v8-m.main+fp/hard/libcr_c.a(_cr_sbrk.o)
                0x0000000000005300                _sbrk
 .text._Cwritebuf
                0x000000000000533c       0x6c /Applications/MCUXpressoIDE_11.3.0_5222/ide/plugins/com.nxp.mcuxpresso.tools.macosx_11.3.0.202011031536/tools/bin/../lib/gcc/arm-none-eabi/9.3.1/../../../../arm-none-eabi/lib/thumb/v8-m.main+fp/hard/libcr_c.a(_writebuf.o)
                0x000000000000533c                _Cwritebuf
 .text.fflush   0x00000000000053a8       0x44 /Applications/MCUXpressoIDE_11.3.0_5222/ide/plugins/com.nxp.mcuxpresso.tools.macosx_11.3.0.202011031536/tools/bin/../lib/gcc/arm-none-eabi/9.3.1/../../../../arm-none-eabi/lib/thumb/v8-m.main+fp/hard/libcr_c.a(fflush.o)
                0x00000000000053a8                fflush
 .text.fseek    0x00000000000053ec      0x100 /Applications/MCUXpressoIDE_11.3.0_5222/ide/plugins/com.nxp.mcuxpresso.tools.macosx_11.3.0.202011031536/tools/bin/../lib/gcc/arm-none-eabi/9.3.1/../../../../arm-none-eabi/lib/thumb/v8-m.main+fp/hard/libcr_c.a(fseek.o)
                0x00000000000053ec                fseek
 .text.ftell    0x00000000000054ec       0x44 /Applications/MCUXpressoIDE_11.3.0_5222/ide/plugins/com.nxp.mcuxpresso.tools.macosx_11.3.0.202011031536/tools/bin/../lib/gcc/arm-none-eabi/9.3.1/../../../../arm-none-eabi/lib/thumb/v8-m.main+fp/hard/libcr_c.a(ftell.o)
                0x00000000000054ec                ftell
 .text.__check_heap_overflow
                0x0000000000005530       0x18 /Applications/MCUXpressoIDE_11.3.0_5222/ide/plugins/com.nxp.mcuxpresso.tools.macosx_11.3.0.202011031536/tools/bin/../lib/gcc/arm-none-eabi/9.3.1/../../../../arm-none-eabi/lib/thumb/v8-m.main+fp/hard/libcr_c.a(_cr_check_heap.o)
                0x0000000000005530                __check_heap_overflow
 .text.__sys_appexit
                0x0000000000005548        0xc /Applications/MCUXpressoIDE_11.3.0_5222/ide/plugins/com.nxp.mcuxpresso.tools.macosx_11.3.0.202011031536/tools/bin/../lib/gcc/arm-none-eabi/9.3.1/../../../../arm-none-eabi/lib/thumb/v8-m.main+fp/hard/libcr_semihost_nf.a(__sys_appexit.o)
                0x0000000000005548                __exit
                0x0000000000005548                __sys_appexit
 .text.WDT_BOD_IRQHandler
                0x0000000000005554        0x8 ./startup/startup_lpc55s69_cm33_core0.o
                0x0000000000005554                WDT_BOD_IRQHandler
 .text.DMA0_IRQHandler
                0x000000000000555c        0x8 ./startup/startup_lpc55s69_cm33_core0.o
                0x000000000000555c                DMA0_IRQHandler
 .text.GINT0_IRQHandler
                0x0000000000005564        0x8 ./startup/startup_lpc55s69_cm33_core0.o
                0x0000000000005564                GINT0_IRQHandler
 .text.GINT1_IRQHandler
                0x000000000000556c        0x8 ./startup/startup_lpc55s69_cm33_core0.o
                0x000000000000556c                GINT1_IRQHandler
 .text.PIN_INT0_IRQHandler
                0x0000000000005574        0x8 ./startup/startup_lpc55s69_cm33_core0.o
                0x0000000000005574                PIN_INT0_IRQHandler
 .text.PIN_INT1_IRQHandler
                0x000000000000557c        0x8 ./startup/startup_lpc55s69_cm33_core0.o
                0x000000000000557c                PIN_INT1_IRQHandler
 .text.PIN_INT2_IRQHandler
                0x0000000000005584        0x8 ./startup/startup_lpc55s69_cm33_core0.o
                0x0000000000005584                PIN_INT2_IRQHandler
 .text.PIN_INT3_IRQHandler
                0x000000000000558c        0x8 ./startup/startup_lpc55s69_cm33_core0.o
                0x000000000000558c                PIN_INT3_IRQHandler
 .text.UTICK0_IRQHandler
                0x0000000000005594        0x8 ./startup/startup_lpc55s69_cm33_core0.o
                0x0000000000005594                UTICK0_IRQHandler
 .text.MRT0_IRQHandler
                0x000000000000559c        0x8 ./startup/startup_lpc55s69_cm33_core0.o
                0x000000000000559c                MRT0_IRQHandler
 .text.CTIMER0_IRQHandler
                0x00000000000055a4        0x8 ./startup/startup_lpc55s69_cm33_core0.o
                0x00000000000055a4                CTIMER0_IRQHandler
 .text.CTIMER1_IRQHandler
                0x00000000000055ac        0x8 ./startup/startup_lpc55s69_cm33_core0.o
                0x00000000000055ac                CTIMER1_IRQHandler
 .text.SCT0_IRQHandler
                0x00000000000055b4        0x8 ./startup/startup_lpc55s69_cm33_core0.o
                0x00000000000055b4                SCT0_IRQHandler
 .text.CTIMER3_IRQHandler
                0x00000000000055bc        0x8 ./startup/startup_lpc55s69_cm33_core0.o
                0x00000000000055bc                CTIMER3_IRQHandler
 .text.FLEXCOMM0_IRQHandler
                0x00000000000055c4        0x8 ./startup/startup_lpc55s69_cm33_core0.o
                0x00000000000055c4                FLEXCOMM0_IRQHandler
 .text.FLEXCOMM1_IRQHandler
                0x00000000000055cc        0x8 ./startup/startup_lpc55s69_cm33_core0.o
                0x00000000000055cc                FLEXCOMM1_IRQHandler
 .text.FLEXCOMM2_IRQHandler
                0x00000000000055d4        0x8 ./startup/startup_lpc55s69_cm33_core0.o
                0x00000000000055d4                FLEXCOMM2_IRQHandler
 .text.FLEXCOMM3_IRQHandler
                0x00000000000055dc        0x8 ./startup/startup_lpc55s69_cm33_core0.o
                0x00000000000055dc                FLEXCOMM3_IRQHandler
 .text.FLEXCOMM4_IRQHandler
                0x00000000000055e4        0x8 ./startup/startup_lpc55s69_cm33_core0.o
                0x00000000000055e4                FLEXCOMM4_IRQHandler
 .text.FLEXCOMM5_IRQHandler
                0x00000000000055ec        0x8 ./startup/startup_lpc55s69_cm33_core0.o
                0x00000000000055ec                FLEXCOMM5_IRQHandler
 .text.FLEXCOMM6_IRQHandler
                0x00000000000055f4        0x8 ./startup/startup_lpc55s69_cm33_core0.o
                0x00000000000055f4                FLEXCOMM6_IRQHandler
 .text.FLEXCOMM7_IRQHandler
                0x00000000000055fc        0x8 ./startup/startup_lpc55s69_cm33_core0.o
                0x00000000000055fc                FLEXCOMM7_IRQHandler
 .text.ADC0_IRQHandler
                0x0000000000005604        0x8 ./startup/startup_lpc55s69_cm33_core0.o
                0x0000000000005604                ADC0_IRQHandler
 .text.Reserved39_IRQHandler
                0x000000000000560c        0x8 ./startup/startup_lpc55s69_cm33_core0.o
                0x000000000000560c                Reserved39_IRQHandler
 .text.ACMP_IRQHandler
                0x0000000000005614        0x8 ./startup/startup_lpc55s69_cm33_core0.o
                0x0000000000005614                ACMP_IRQHandler
 .text.Reserved41_IRQHandler
                0x000000000000561c        0x8 ./startup/startup_lpc55s69_cm33_core0.o
                0x000000000000561c                Reserved41_IRQHandler
 .text.Reserved42_IRQHandler
                0x0000000000005624        0x8 ./startup/startup_lpc55s69_cm33_core0.o
                0x0000000000005624                Reserved42_IRQHandler
 .text.USB0_NEEDCLK_IRQHandler
                0x000000000000562c        0x8 ./startup/startup_lpc55s69_cm33_core0.o
                0x000000000000562c                USB0_NEEDCLK_IRQHandler
 .text.USB0_IRQHandler
                0x0000000000005634        0x8 ./startup/startup_lpc55s69_cm33_core0.o
                0x0000000000005634                USB0_IRQHandler
 .text.RTC_IRQHandler
                0x000000000000563c        0x8 ./startup/startup_lpc55s69_cm33_core0.o
                0x000000000000563c                RTC_IRQHandler
 .text.Reserved46_IRQHandler
                0x0000000000005644        0x8 ./startup/startup_lpc55s69_cm33_core0.o
                0x0000000000005644                Reserved46_IRQHandler
 .text.MAILBOX_IRQHandler
                0x000000000000564c        0x8 ./startup/startup_lpc55s69_cm33_core0.o
                0x000000000000564c                MAILBOX_IRQHandler
 .text.PIN_INT4_IRQHandler
                0x0000000000005654        0x8 ./startup/startup_lpc55s69_cm33_core0.o
                0x0000000000005654                PIN_INT4_IRQHandler
 .text.PIN_INT5_IRQHandler
                0x000000000000565c        0x8 ./startup/startup_lpc55s69_cm33_core0.o
                0x000000000000565c                PIN_INT5_IRQHandler
 .text.PIN_INT6_IRQHandler
                0x0000000000005664        0x8 ./startup/startup_lpc55s69_cm33_core0.o
                0x0000000000005664                PIN_INT6_IRQHandler
 .text.PIN_INT7_IRQHandler
                0x000000000000566c        0x8 ./startup/startup_lpc55s69_cm33_core0.o
                0x000000000000566c                PIN_INT7_IRQHandler
 .text.CTIMER2_IRQHandler
                0x0000000000005674        0x8 ./startup/startup_lpc55s69_cm33_core0.o
                0x0000000000005674                CTIMER2_IRQHandler
 .text.CTIMER4_IRQHandler
                0x000000000000567c        0x8 ./startup/startup_lpc55s69_cm33_core0.o
                0x000000000000567c                CTIMER4_IRQHandler
 .text.OS_EVENT_IRQHandler
                0x0000000000005684        0x8 ./startup/startup_lpc55s69_cm33_core0.o
                0x0000000000005684                OS_EVENT_IRQHandler
 .text.Reserved55_IRQHandler
                0x000000000000568c        0x8 ./startup/startup_lpc55s69_cm33_core0.o
                0x000000000000568c                Reserved55_IRQHandler
 .text.Reserved56_IRQHandler
                0x0000000000005694        0x8 ./startup/startup_lpc55s69_cm33_core0.o
                0x0000000000005694                Reserved56_IRQHandler
 .text.Reserved57_IRQHandler
                0x000000000000569c        0x8 ./startup/startup_lpc55s69_cm33_core0.o
                0x000000000000569c                Reserved57_IRQHandler
 .text.SDIO_IRQHandler
                0x00000000000056a4        0x8 ./startup/startup_lpc55s69_cm33_core0.o
                0x00000000000056a4                SDIO_IRQHandler
 .text.Reserved59_IRQHandler
                0x00000000000056ac        0x8 ./startup/startup_lpc55s69_cm33_core0.o
                0x00000000000056ac                Reserved59_IRQHandler
 .text.Reserved60_IRQHandler
                0x00000000000056b4        0x8 ./startup/startup_lpc55s69_cm33_core0.o
                0x00000000000056b4                Reserved60_IRQHandler
 .text.Reserved61_IRQHandler
                0x00000000000056bc        0x8 ./startup/startup_lpc55s69_cm33_core0.o
                0x00000000000056bc                Reserved61_IRQHandler
 .text.USB1_PHY_IRQHandler
                0x00000000000056c4        0x8 ./startup/startup_lpc55s69_cm33_core0.o
                0x00000000000056c4                USB1_PHY_IRQHandler
 .text.USB1_IRQHandler
                0x00000000000056cc        0x8 ./startup/startup_lpc55s69_cm33_core0.o
                0x00000000000056cc                USB1_IRQHandler
 .text.USB1_NEEDCLK_IRQHandler
                0x00000000000056d4        0x8 ./startup/startup_lpc55s69_cm33_core0.o
                0x00000000000056d4                USB1_NEEDCLK_IRQHandler
 .text.SEC_HYPERVISOR_CALL_IRQHandler
                0x00000000000056dc        0x8 ./startup/startup_lpc55s69_cm33_core0.o
                0x00000000000056dc                SEC_HYPERVISOR_CALL_IRQHandler
 .text.SEC_GPIO_INT0_IRQ0_IRQHandler
                0x00000000000056e4        0x8 ./startup/startup_lpc55s69_cm33_core0.o
                0x00000000000056e4                SEC_GPIO_INT0_IRQ0_IRQHandler
 .text.SEC_GPIO_INT0_IRQ1_IRQHandler
                0x00000000000056ec        0x8 ./startup/startup_lpc55s69_cm33_core0.o
                0x00000000000056ec                SEC_GPIO_INT0_IRQ1_IRQHandler
 .text.PLU_IRQHandler
                0x00000000000056f4        0x8 ./startup/startup_lpc55s69_cm33_core0.o
                0x00000000000056f4                PLU_IRQHandler
 .text.SEC_VIO_IRQHandler
                0x00000000000056fc        0x8 ./startup/startup_lpc55s69_cm33_core0.o
                0x00000000000056fc                SEC_VIO_IRQHandler
 .text.HASHCRYPT_IRQHandler
                0x0000000000005704        0x8 ./startup/startup_lpc55s69_cm33_core0.o
                0x0000000000005704                HASHCRYPT_IRQHandler
 .text.CASER_IRQHandler
                0x000000000000570c        0x8 ./startup/startup_lpc55s69_cm33_core0.o
                0x000000000000570c                CASER_IRQHandler
 .text.PUF_IRQHandler
                0x0000000000005714        0x8 ./startup/startup_lpc55s69_cm33_core0.o
                0x0000000000005714                PUF_IRQHandler
 .text.PQ_IRQHandler
                0x000000000000571c        0x8 ./startup/startup_lpc55s69_cm33_core0.o
                0x000000000000571c                PQ_IRQHandler
 .text.DMA1_IRQHandler
                0x0000000000005724        0x8 ./startup/startup_lpc55s69_cm33_core0.o
                0x0000000000005724                DMA1_IRQHandler
 .text.FLEXCOMM8_IRQHandler
                0x000000000000572c        0x8 ./startup/startup_lpc55s69_cm33_core0.o
                0x000000000000572c                FLEXCOMM8_IRQHandler
 .text.CLOCK_EnableClock
                0x0000000000005734       0x30 ./source/i2s_dma_transfer.o
 .text.EnableIRQ
                0x0000000000005764       0x32 ./source/i2s_dma_transfer.o
 .text.IOCON_PinMuxSet
                0x0000000000005796       0x2e ./source/i2s_dma_transfer.o
 .text.USART_WriteByte
                0x00000000000057c4       0x20 ./source/i2s_dma_transfer.o
 .text.main     0x00000000000057e4        0xe ./source/i2s_dma_transfer.o
                0x00000000000057e4                main
 .text.HardFault_Handler
                0x00000000000057f2       0x2c ./source/semihost_hardfault.o
                0x00000000000057f2                HardFault_Handler
 .text.CLOCK_IsPLL0Locked
                0x000000000000581e       0x24 ./drivers/fsl_clock.o
 .text.findPll0PreDiv
                0x0000000000005842       0x3e ./drivers/fsl_clock.o
 .text.DelayLoop
                0x0000000000005880       0x20 ./drivers/fsl_common.o
 .text.CLOCK_EnableClock
                0x00000000000058a0       0x30 ./drivers/fsl_dma.o
 .text.EnableIRQ
                0x00000000000058d0       0x32 ./drivers/fsl_dma.o
 .text.DMA_GetVirtualStartChannel
                0x0000000000005902       0x40 ./drivers/fsl_dma.o
 .text.CLOCK_EnableClock
                0x0000000000005942       0x30 ./drivers/fsl_flexcomm.o
 .text.FLEXCOMM_PeripheralIsPresent
                0x0000000000005972       0x64 ./drivers/fsl_flexcomm.o
 .text.FLEXCOMM_SetPeriph
                0x00000000000059d6       0x74 ./drivers/fsl_flexcomm.o
 .text.I2C_MasterEnable
                0x0000000000005a4a       0x44 ./drivers/fsl_i2c.o
 .text.I2C_GetStatusFlags
                0x0000000000005a8e       0x1a ./drivers/fsl_i2c.o
 .text.I2C_MasterClearStatusFlags
                0x0000000000005aa8       0x22 ./drivers/fsl_i2c.o
 .text.I2C_MasterRepeatedStart
                0x0000000000005aca       0x26 ./drivers/fsl_i2c.o
 .text.I2C_MasterInit
                0x0000000000005af0       0x36 ./drivers/fsl_i2c.o
                0x0000000000005af0                I2C_MasterInit
 .text.I2C_PendingStatusWait
                0x0000000000005b26       0x2c ./drivers/fsl_i2c.o
 .text.I2C_MasterStart
                0x0000000000005b52       0x4c ./drivers/fsl_i2c.o
                0x0000000000005b52                I2C_MasterStart
 .text.I2C_MasterStop
                0x0000000000005b9e       0x32 ./drivers/fsl_i2c.o
                0x0000000000005b9e                I2C_MasterStop
 .text.I2C_MasterCheckStartResponse
                0x0000000000005bd0       0x36 ./drivers/fsl_i2c.o
 .text.I2S_TxInit
                0x0000000000005c06       0x82 ./drivers/fsl_i2s.o
                0x0000000000005c06                I2S_TxInit
 .text.I2S_TxGetDefaultConfig
                0x0000000000005c88       0x68 ./drivers/fsl_i2s.o
                0x0000000000005c88                I2S_TxGetDefaultConfig
 .text.I2S_Enable
                0x0000000000005cf0       0x24 ./drivers/fsl_i2s_dma.o
 .text.I2S_Disable
                0x0000000000005d14       0x24 ./drivers/fsl_i2s_dma.o
 .text.I2S_DisableDMAInterrupts
                0x0000000000005d38       0x24 ./drivers/fsl_i2s_dma.o
 .text.I2S_EnableDMAInterrupts
                0x0000000000005d5c       0x2c ./drivers/fsl_i2s_dma.o
 .text.I2S_TxTransferSendDMA
                0x0000000000005d88       0x74 ./drivers/fsl_i2s_dma.o
                0x0000000000005d88                I2S_TxTransferSendDMA
 .text.I2S_TxEnableDMA
                0x0000000000005dfc       0x50 ./drivers/fsl_i2s_dma.o
 .text.I2S_RxEnableDMA
                0x0000000000005e4c       0x50 ./drivers/fsl_i2s_dma.o
 .text.I2S_DMACallback
                0x0000000000005e9c      0x148 ./drivers/fsl_i2s_dma.o
                0x0000000000005e9c                I2S_DMACallback
 .text.RESET_PeripheralReset
                0x0000000000005fe4       0x1c ./drivers/fsl_reset.o
                0x0000000000005fe4                RESET_PeripheralReset
 .text.CLOCK_EnableClock
                0x0000000000006000       0x30 ./drivers/fsl_sysctl.o
 .text.SYSCTL_UpdateRegister
                0x0000000000006030       0x36 ./drivers/fsl_sysctl.o
 .text.SYSCTL_Init
                0x0000000000006066       0x20 ./drivers/fsl_sysctl.o
                0x0000000000006066                SYSCTL_Init
 .text.SYSCTL_SetShareSet
                0x0000000000006086       0x58 ./drivers/fsl_sysctl.o
                0x0000000000006086                SYSCTL_SetShareSet
 .text.SYSCTL_SetShareSignalSrc
                0x00000000000060de       0x70 ./drivers/fsl_sysctl.o
                0x00000000000060de                SYSCTL_SetShareSignalSrc
 .text.USART_EnableContinuousSCLK
                0x000000000000614e       0x38 ./drivers/fsl_usart.o
 .text.SystemInitHook
                0x0000000000006186        0xe ./device/system_LPC55S69_cm33_core0.o
                0x0000000000006186                SystemInitHook
 .text.CODEC_I2C_Init
                0x0000000000006194       0x36 ./codec/fsl_codec_i2c.o
                0x0000000000006194                CODEC_I2C_Init
 .text.CODEC_I2C_Send
                0x00000000000061ca       0x4e ./codec/fsl_codec_i2c.o
                0x00000000000061ca                CODEC_I2C_Send
 .text.CODEC_I2C_Receive
                0x0000000000006218       0x4e ./codec/fsl_codec_i2c.o
                0x0000000000006218                CODEC_I2C_Receive
 .text.WM8904_UpdateFormat
                0x0000000000006266       0xaa ./codec/fsl_wm8904.o
 .text.WM8904_WaitOnWriteSequencer
                0x0000000000006310       0x36 ./codec/fsl_wm8904.o
 .text.WM8904_ModifyRegister
                0x0000000000006346       0x66 ./codec/fsl_wm8904.o
                0x0000000000006346                WM8904_ModifyRegister
 .text.WM8904_SetProtocol
                0x00000000000063ac       0x24 ./codec/fsl_wm8904.o
                0x00000000000063ac                WM8904_SetProtocol
 .text.WM8904_SetChannelMute
                0x00000000000063d0       0x9a ./codec/fsl_wm8904.o
                0x00000000000063d0                WM8904_SetChannelMute
 .text.WM8904_SetRecordChannel
                0x000000000000646a      0x18a ./codec/fsl_wm8904.o
                0x000000000000646a                WM8904_SetRecordChannel
 .text.WM8904_SetPlay
                0x00000000000065f4       0x44 ./codec/fsl_wm8904.o
                0x00000000000065f4                WM8904_SetPlay
 .text.DbgConsole_Init
                0x0000000000006638       0x20 ./board/board.o
 .text.CLOCK_EnableClock
                0x0000000000006658       0x30 ./board/pin_mux.o
 .text.IOCON_PinMuxSet
                0x0000000000006688       0x2e ./board/pin_mux.o
 .text.__main   0x00000000000066b6        0xe /Applications/MCUXpressoIDE_11.3.0_5222/ide/plugins/com.nxp.mcuxpresso.tools.macosx_11.3.0.202011031536/tools/bin/../lib/gcc/arm-none-eabi/9.3.1/../../../../arm-none-eabi/lib/thumb/v8-m.main+fp/hard/libcr_semihost_nf.a(_cr__main.o)
                0x00000000000066b6                __main
                0x00000000000066b6                __CR_SEMIHOST
 .text.memset   0x00000000000066c4        0x4 /Applications/MCUXpressoIDE_11.3.0_5222/ide/plugins/com.nxp.mcuxpresso.tools.macosx_11.3.0.202011031536/tools/bin/../lib/gcc/arm-none-eabi/9.3.1/../../../../arm-none-eabi/lib/thumb/v8-m.main+fp/hard/libcr_c.a(memset.o)
                0x00000000000066c4                memset
 .text.free     0x00000000000066c8       0x30 /Applications/MCUXpressoIDE_11.3.0_5222/ide/plugins/com.nxp.mcuxpresso.tools.macosx_11.3.0.202011031536/tools/bin/../lib/gcc/arm-none-eabi/9.3.1/../../../../arm-none-eabi/lib/thumb/v8-m.main+fp/hard/libcr_c.a(alloc.o)
                0x00000000000066c8                free
 .text.no_fp_display
                0x00000000000066f8        0x4 /Applications/MCUXpressoIDE_11.3.0_5222/ide/plugins/com.nxp.mcuxpresso.tools.macosx_11.3.0.202011031536/tools/bin/../lib/gcc/arm-none-eabi/9.3.1/../../../../arm-none-eabi/lib/thumb/v8-m.main+fp/hard/libcr_c.a(printf.o)
 .text.setvbuf  0x00000000000066fc       0x3e /Applications/MCUXpressoIDE_11.3.0_5222/ide/plugins/com.nxp.mcuxpresso.tools.macosx_11.3.0.202011031536/tools/bin/../lib/gcc/arm-none-eabi/9.3.1/../../../../arm-none-eabi/lib/thumb/v8-m.main+fp/hard/libcr_c.a(setvbuf.o)
                0x00000000000066fc                setvbuf
 .text.strlen   0x000000000000673a       0x4c /Applications/MCUXpressoIDE_11.3.0_5222/ide/plugins/com.nxp.mcuxpresso.tools.macosx_11.3.0.202011031536/tools/bin/../lib/gcc/arm-none-eabi/9.3.1/../../../../arm-none-eabi/lib/thumb/v8-m.main+fp/hard/libcr_c.a(strlen.o)
                0x000000000000673a                strlen
 .text._deferredlazyseek
                0x0000000000006786       0x40 /Applications/MCUXpressoIDE_11.3.0_5222/ide/plugins/com.nxp.mcuxpresso.tools.macosx_11.3.0.202011031536/tools/bin/../lib/gcc/arm-none-eabi/9.3.1/../../../../arm-none-eabi/lib/thumb/v8-m.main+fp/hard/libcr_c.a(_deferredlazyseek.o)
                0x0000000000006786                _deferredlazyseek
 .text.__flsbuf
                0x00000000000067c6      0x140 /Applications/MCUXpressoIDE_11.3.0_5222/ide/plugins/com.nxp.mcuxpresso.tools.macosx_11.3.0.202011031536/tools/bin/../lib/gcc/arm-none-eabi/9.3.1/../../../../arm-none-eabi/lib/thumb/v8-m.main+fp/hard/libcr_c.a(_deferredlazyseek.o)
                0x00000000000067c6                __flsbuf
 .text._fdopen  0x0000000000006906       0x68 /Applications/MCUXpressoIDE_11.3.0_5222/ide/plugins/com.nxp.mcuxpresso.tools.macosx_11.3.0.202011031536/tools/bin/../lib/gcc/arm-none-eabi/9.3.1/../../../../arm-none-eabi/lib/thumb/v8-m.main+fp/hard/libcr_c.a(_fdopen.o)
                0x0000000000006906                _fdopen
 .text._fflush  0x000000000000696e       0x52 /Applications/MCUXpressoIDE_11.3.0_5222/ide/plugins/com.nxp.mcuxpresso.tools.macosx_11.3.0.202011031536/tools/bin/../lib/gcc/arm-none-eabi/9.3.1/../../../../arm-none-eabi/lib/thumb/v8-m.main+fp/hard/libcr_c.a(_fflush.o)
                0x000000000000696e                _fflush
 .text.fclose   0x00000000000069c0       0x58 /Applications/MCUXpressoIDE_11.3.0_5222/ide/plugins/com.nxp.mcuxpresso.tools.macosx_11.3.0.202011031536/tools/bin/../lib/gcc/arm-none-eabi/9.3.1/../../../../arm-none-eabi/lib/thumb/v8-m.main+fp/hard/libcr_c.a(fclose.o)
                0x00000000000069c0                fclose
 .text.remove   0x0000000000006a18       0x14 /Applications/MCUXpressoIDE_11.3.0_5222/ide/plugins/com.nxp.mcuxpresso.tools.macosx_11.3.0.202011031536/tools/bin/../lib/gcc/arm-none-eabi/9.3.1/../../../../arm-none-eabi/lib/thumb/v8-m.main+fp/hard/libcr_c.a(remove.o)
                0x0000000000006a18                remove
 .text._do_fflush
                0x0000000000006a2c       0x40 /Applications/MCUXpressoIDE_11.3.0_5222/ide/plugins/com.nxp.mcuxpresso.tools.macosx_11.3.0.202011031536/tools/bin/../lib/gcc/arm-none-eabi/9.3.1/../../../../arm-none-eabi/lib/thumb/v8-m.main+fp/hard/libcr_c.a(_do_fflush.o)
                0x0000000000006a2c                _do_fflush
 .text.__aeabi_division_uldivmod
                0x0000000000006a6c      0x174 /Applications/MCUXpressoIDE_11.3.0_5222/ide/plugins/com.nxp.mcuxpresso.tools.macosx_11.3.0.202011031536/tools/bin/../lib/gcc/arm-none-eabi/9.3.1/thumb/v8-m.main+fp/hard/libcr_eabihelpers.a(division_64.o)
                0x0000000000006a6c                __aeabi_uldivmod
                0x0000000000006a70                __bhs_ldivmod1
 .text.__aeabi_division_idiv0
                0x0000000000006be0        0x2 /Applications/MCUXpressoIDE_11.3.0_5222/ide/plugins/com.nxp.mcuxpresso.tools.macosx_11.3.0.202011031536/tools/bin/../lib/gcc/arm-none-eabi/9.3.1/thumb/v8-m.main+fp/hard/libcr_eabihelpers.a(division_idiv0.o)
                0x0000000000006be0                __aeabi_idiv0
 .text.__aeabi_memset_lowlevel
                0x0000000000006be2       0x32 /Applications/MCUXpressoIDE_11.3.0_5222/ide/plugins/com.nxp.mcuxpresso.tools.macosx_11.3.0.202011031536/tools/bin/../lib/gcc/arm-none-eabi/9.3.1/thumb/v8-m.main+fp/hard/libcr_eabihelpers.a(memcpy.o)
                0x0000000000006be2                __aeabi_lowlevel_memset
 .text.__sys_close
                0x0000000000006c14        0xc /Applications/MCUXpressoIDE_11.3.0_5222/ide/plugins/com.nxp.mcuxpresso.tools.macosx_11.3.0.202011031536/tools/bin/../lib/gcc/arm-none-eabi/9.3.1/../../../../arm-none-eabi/lib/thumb/v8-m.main+fp/hard/libcr_semihost_nf.a(__sys_close.o)
                0x0000000000006c14                __sys_close
 .text.__sys_flen
                0x0000000000006c20        0xc /Applications/MCUXpressoIDE_11.3.0_5222/ide/plugins/com.nxp.mcuxpresso.tools.macosx_11.3.0.202011031536/tools/bin/../lib/gcc/arm-none-eabi/9.3.1/../../../../arm-none-eabi/lib/thumb/v8-m.main+fp/hard/libcr_semihost_nf.a(__sys_flen.o)
                0x0000000000006c20                __sys_flen
 .text.__sys_istty
                0x0000000000006c2c        0xc /Applications/MCUXpressoIDE_11.3.0_5222/ide/plugins/com.nxp.mcuxpresso.tools.macosx_11.3.0.202011031536/tools/bin/../lib/gcc/arm-none-eabi/9.3.1/../../../../arm-none-eabi/lib/thumb/v8-m.main+fp/hard/libcr_semihost_nf.a(__sys_istty.o)
                0x0000000000006c2c                __sys_istty
 .text.__sys_remove
                0x0000000000006c38        0xc /Applications/MCUXpressoIDE_11.3.0_5222/ide/plugins/com.nxp.mcuxpresso.tools.macosx_11.3.0.202011031536/tools/bin/../lib/gcc/arm-none-eabi/9.3.1/../../../../arm-none-eabi/lib/thumb/v8-m.main+fp/hard/libcr_semihost_nf.a(__sys_remove.o)
                0x0000000000006c38                __sys_remove
 .text.__sys_seek
                0x0000000000006c44        0xc /Applications/MCUXpressoIDE_11.3.0_5222/ide/plugins/com.nxp.mcuxpresso.tools.macosx_11.3.0.202011031536/tools/bin/../lib/gcc/arm-none-eabi/9.3.1/../../../../arm-none-eabi/lib/thumb/v8-m.main+fp/hard/libcr_semihost_nf.a(__sys_seek.o)
                0x0000000000006c44                __sys_seek
 .text.__sys_tmpnam
                0x0000000000006c50        0xc /Applications/MCUXpressoIDE_11.3.0_5222/ide/plugins/com.nxp.mcuxpresso.tools.macosx_11.3.0.202011031536/tools/bin/../lib/gcc/arm-none-eabi/9.3.1/../../../../arm-none-eabi/lib/thumb/v8-m.main+fp/hard/libcr_semihost_nf.a(__sys_tmpnam.o)
                0x0000000000006c50                __sys_tmpnam
 .text.__sys_write
                0x0000000000006c5c        0xc /Applications/MCUXpressoIDE_11.3.0_5222/ide/plugins/com.nxp.mcuxpresso.tools.macosx_11.3.0.202011031536/tools/bin/../lib/gcc/arm-none-eabi/9.3.1/../../../../arm-none-eabi/lib/thumb/v8-m.main+fp/hard/libcr_semihost_nf.a(__sys_write.o)
                0x0000000000006c5c                __sys_write
 *(SORT_BY_ALIGNMENT(.rodata) SORT_BY_ALIGNMENT(.rodata.*) SORT_BY_ALIGNMENT(.constdata) SORT_BY_ALIGNMENT(.constdata.*))
 .rodata.__assertion_failed.str1.4
                0x0000000000006c68       0x14 ./utilities/fsl_assert.o
 .rodata.DMA_EnableChannel.str1.4
                0x0000000000006c7c       0xaf ./source/i2s_dma_transfer.o
 *fill*         0x0000000000006d2b        0x1 ff
 .rodata.DMA_SetChannelPriority.str1.4
                0x0000000000006d2c       0xaf ./source/i2s_dma_transfer.o
 *fill*         0x0000000000006ddb        0x1 ff
 .rodata.get_i2s_div.str1.4
                0x0000000000006ddc        0xc ./source/i2s_dma_transfer.o
 .rodata.get_audio_characteristics.str1.4
                0x0000000000006de8       0xbd ./source/i2s_dma_transfer.o
 *fill*         0x0000000000006ea5        0x3 ff
 .rodata.baud_check.str1.4
                0x0000000000006ea8       0x58 ./source/i2s_dma_transfer.o
 .rodata        0x0000000000006f00       0x14 ./source/i2s_dma_transfer.o
 .rodata.init_CODEC.str1.4
                0x0000000000006f14       0x84 ./source/i2s_dma_transfer.o
 .rodata.SDK_DelayAtLeastUs.str1.4
                0x0000000000006f98       0x50 ./drivers/fsl_common.o
 .rodata.DMA_EnableChannelInterrupts.str1.4
                0x0000000000006fe8       0x4f ./drivers/fsl_dma.o
 *fill*         0x0000000000007037        0x1 ff
 .rodata.DMA_EnableChannel.str1.4
                0x0000000000007038       0x4f ./drivers/fsl_dma.o
 *fill*         0x0000000000007087        0x1 ff
 .rodata.DMA_DisableChannel.str1.4
                0x0000000000007088       0x4f ./drivers/fsl_dma.o
 *fill*         0x00000000000070d7        0x1 ff
 .rodata.s_dmaBases
                0x00000000000070d8        0x8 ./drivers/fsl_dma.o
 .rodata.s_dmaClockName
                0x00000000000070e0        0x4 ./drivers/fsl_dma.o
 .rodata.s_dmaResets
                0x00000000000070e4        0x8 ./drivers/fsl_dma.o
 .rodata.s_dmaIRQNumber
                0x00000000000070ec        0x2 ./drivers/fsl_dma.o
 *fill*         0x00000000000070ee        0x2 ff
 .rodata.DMA_GetInstance.str1.4
                0x00000000000070f0       0x32 ./drivers/fsl_dma.o
 *fill*         0x0000000000007122        0x2 ff
 .rodata.DMA_SetupDescriptor.str1.4
                0x0000000000007124       0x7a ./drivers/fsl_dma.o
 *fill*         0x000000000000719e        0x2 ff
 .rodata.DMA_AbortTransfer.str1.4
                0x00000000000071a0       0x20 ./drivers/fsl_dma.o
 .rodata.DMA_CreateHandle.str1.4
                0x00000000000071c0       0x65 ./drivers/fsl_dma.o
 *fill*         0x0000000000007225        0x3 ff
 .rodata.DMA_SetCallback.str1.4
                0x0000000000007228       0x20 ./drivers/fsl_dma.o
 .rodata.DMA_SubmitChannelTransferParameter.str1.4
                0x0000000000007248       0xa2 ./drivers/fsl_dma.o
 *fill*         0x00000000000072ea        0x2 ff
 .rodata.DMA_StartTransfer.str1.4
                0x00000000000072ec       0x77 ./drivers/fsl_dma.o
 *fill*         0x0000000000007363        0x1 ff
 .rodata.s_flexcommBaseAddrs
                0x0000000000007364       0x24 ./drivers/fsl_flexcomm.o
 .rodata.s_flexcommClocks
                0x0000000000007388       0x12 ./drivers/fsl_flexcomm.o
 *fill*         0x000000000000739a        0x2 ff
 .rodata.s_flexcommResets
                0x000000000000739c       0x24 ./drivers/fsl_flexcomm.o
 .rodata.FLEXCOMM_GetInstance.str1.4
                0x00000000000073c0       0x43 ./drivers/fsl_flexcomm.o
 *fill*         0x0000000000007403        0x1 ff
 .rodata.FLEXCOMM0_DriverIRQHandler.str1.4
                0x0000000000007404       0x2e ./drivers/fsl_flexcomm.o
 *fill*         0x0000000000007432        0x2 ff
 .rodata.FLEXCOMM1_DriverIRQHandler.str1.4
                0x0000000000007434       0x2e ./drivers/fsl_flexcomm.o
 *fill*         0x0000000000007462        0x2 ff
 .rodata.FLEXCOMM2_DriverIRQHandler.str1.4
                0x0000000000007464       0x2e ./drivers/fsl_flexcomm.o
 *fill*         0x0000000000007492        0x2 ff
 .rodata.FLEXCOMM3_DriverIRQHandler.str1.4
                0x0000000000007494       0x2e ./drivers/fsl_flexcomm.o
 *fill*         0x00000000000074c2        0x2 ff
 .rodata.FLEXCOMM4_DriverIRQHandler.str1.4
                0x00000000000074c4       0x2e ./drivers/fsl_flexcomm.o
 *fill*         0x00000000000074f2        0x2 ff
 .rodata.FLEXCOMM5_DriverIRQHandler.str1.4
                0x00000000000074f4       0x2e ./drivers/fsl_flexcomm.o
 *fill*         0x0000000000007522        0x2 ff
 .rodata.FLEXCOMM6_DriverIRQHandler.str1.4
                0x0000000000007524       0x2e ./drivers/fsl_flexcomm.o
 *fill*         0x0000000000007552        0x2 ff
 .rodata.FLEXCOMM7_DriverIRQHandler.str1.4
                0x0000000000007554       0x2e ./drivers/fsl_flexcomm.o
 *fill*         0x0000000000007582        0x2 ff
 .rodata.FLEXCOMM8_DriverIRQHandler.str1.4
                0x0000000000007584       0x2e ./drivers/fsl_flexcomm.o
 *fill*         0x00000000000075b2        0x2 ff
 .rodata.I2C_MasterWriteBlocking.str1.4
                0x00000000000075b4       0x20 ./drivers/fsl_i2c.o
 .rodata.I2C_MasterReadBlocking.str1.4
                0x00000000000075d4       0x20 ./drivers/fsl_i2c.o
 .rodata.I2C_MasterTransferBlocking.str1.4
                0x00000000000075f4       0x1e ./drivers/fsl_i2c.o
 *fill*         0x0000000000007612        0x2 ff
 .rodata.I2S_Config.str1.4
                0x0000000000007614       0x20 ./drivers/fsl_i2s.o
 .rodata.DMA_EnableChannelInterrupts.str1.4
                0x0000000000007634       0x4f ./drivers/fsl_i2s_dma.o
 .rodata.DMA_DisableChannelInterrupts.str1.4
                0x0000000000007634       0x4f ./drivers/fsl_i2s_dma.o
 *fill*         0x0000000000007683        0x1 ff
 .rodata.DMA_EnableChannelPeriphRq.str1.4
                0x0000000000007684       0x4f ./drivers/fsl_i2s_dma.o
 *fill*         0x00000000000076d3        0x1 ff
 .rodata.s_I2sBaseAddrs
                0x00000000000076d4       0x20 ./drivers/fsl_i2s_dma.o
 .rodata.I2S_EnqueueUserBuffer.str1.4
                0x00000000000076f4       0xc4 ./drivers/fsl_i2s_dma.o
 .rodata.I2S_GetInstance.str1.4
                0x00000000000077b8       0x1b ./drivers/fsl_i2s_dma.o
 *fill*         0x00000000000077d3        0x1 ff
 .rodata.I2S_TxTransferCreateHandleDMA.str1.4
                0x00000000000077d4       0x4b ./drivers/fsl_i2s_dma.o
 *fill*         0x000000000000781f        0x1 ff
 .rodata.I2S_TransferAbortDMA.str1.4
                0x0000000000007820       0x53 ./drivers/fsl_i2s_dma.o
 *fill*         0x0000000000007873        0x1 ff
 .rodata.I2S_GetTransferBytes.str1.4
                0x0000000000007874       0x26 ./drivers/fsl_i2s_dma.o
 *fill*         0x000000000000789a        0x2 ff
 .rodata.RESET_SetPeripheralReset.str1.4
                0x000000000000789c       0x1f ./drivers/fsl_reset.o
 *fill*         0x00000000000078bb        0x1 ff
 .rodata.RESET_ClearPeripheralReset.str1.4
                0x00000000000078bc       0x1f ./drivers/fsl_reset.o
 *fill*         0x00000000000078db        0x1 ff
 .rodata.SYSCTL_GetInstance.str1.4
                0x00000000000078dc       0x37 ./drivers/fsl_sysctl.o
 *fill*         0x0000000000007913        0x1 ff
 .rodata.USART_Init.str1.4
                0x0000000000007914       0x50 ./drivers/fsl_usart.o
 .rodata.USART_SetBaudRate.str1.4
                0x0000000000007964       0x54 ./drivers/fsl_usart.o
 .rodata.USART_WriteBlocking.str1.4
                0x00000000000079b8       0x37 ./drivers/fsl_usart.o
 *fill*         0x00000000000079ef        0x1 ff
 .rodata.USART_ReadBlocking.str1.4
                0x00000000000079f0       0x37 ./drivers/fsl_usart.o
 *fill*         0x0000000000007a27        0x1 ff
 .rodata.s_i2cBases
                0x0000000000007a28       0x20 ./component/i2c/fsl_adapter_flexcomm_i2c.o
 .rodata.HAL_I2cMasterInit.str1.4
                0x0000000000007a48       0x55 ./component/i2c/fsl_adapter_flexcomm_i2c.o
 *fill*         0x0000000000007a9d        0x3 ff
 .rodata.HAL_I2cMasterTransferBlocking.str1.4
                0x0000000000007aa0       0x53 ./component/i2c/fsl_adapter_flexcomm_i2c.o
 *fill*         0x0000000000007af3        0x1 ff
 .rodata.s_wm8904_capability
                0x0000000000007af4        0xc ./codec/fsl_codec_adapter.o
 .rodata.HAL_CODEC_Init.str1.4
                0x0000000000007b00       0x3f ./codec/fsl_codec_adapter.o
 *fill*         0x0000000000007b3f        0x1 ff
 .rodata.HAL_CODEC_SetVolume.str1.4
                0x0000000000007b40       0x68 ./codec/fsl_codec_adapter.o
 .rodata.CODEC_Init.str1.4
                0x0000000000007ba8       0x3e ./codec/fsl_codec_common.o
 *fill*         0x0000000000007be6        0x2 ff
 .rodata.CODEC_SetVolume.str1.4
                0x0000000000007be8       0xc2 ./codec/fsl_codec_common.o
 *fill*         0x0000000000007caa        0x2 ff
 .rodata.WM8904_WriteRegister.str1.4
                0x0000000000007cac       0x63 ./codec/fsl_wm8904.o
 *fill*         0x0000000000007d0f        0x1 ff
 .rodata.WM8904_ReadRegister.str1.4
                0x0000000000007d10       0x63 ./codec/fsl_wm8904.o
 *fill*         0x0000000000007d73        0x1 ff
 .rodata.WM8904_Init.str1.4
                0x0000000000007d74       0x4d ./codec/fsl_wm8904.o
 *fill*         0x0000000000007dc1        0x3 ff
 .rodata.WM8904_SetFLLConfig.str1.4
                0x0000000000007dc4       0x47 ./codec/fsl_wm8904.o
 *fill*         0x0000000000007e0b        0x1 ff
 .rodata.WM8904_CheckAudioFormat.str1.4
                0x0000000000007e0c       0x39 ./codec/fsl_wm8904.o
 *fill*         0x0000000000007e45        0x3 ff
 .rodata.WM8904_SetChannelVolume.str1.4
                0x0000000000007e48       0x47 ./codec/fsl_wm8904.o
 *fill*         0x0000000000007e8f        0x1 ff
 .rodata.__num_Ciob_streams
                0x0000000000007e90        0x4 /Applications/MCUXpressoIDE_11.3.0_5222/ide/plugins/com.nxp.mcuxpresso.tools.macosx_11.3.0.202011031536/tools/bin/../lib/gcc/arm-none-eabi/9.3.1/../../../../arm-none-eabi/lib/thumb/v8-m.main+fp/hard/libcr_semihost_nf.a(__ciob.o)
                0x0000000000007e90                __num_Ciob_streams
 .rodata._Csys_alloc.str1.1
                0x0000000000007e94       0x18 /Applications/MCUXpressoIDE_11.3.0_5222/ide/plugins/com.nxp.mcuxpresso.tools.macosx_11.3.0.202011031536/tools/bin/../lib/gcc/arm-none-eabi/9.3.1/../../../../arm-none-eabi/lib/thumb/v8-m.main+fp/hard/libcr_c.a(alloc.o)
 .rodata._initio.str1.1
                0x0000000000007eac        0x4 /Applications/MCUXpressoIDE_11.3.0_5222/ide/plugins/com.nxp.mcuxpresso.tools.macosx_11.3.0.202011031536/tools/bin/../lib/gcc/arm-none-eabi/9.3.1/../../../../arm-none-eabi/lib/thumb/v8-m.main+fp/hard/libcr_c.a(initio.o)
 .rodata.__vfprintf.str1.1
                0x0000000000007eb0       0x37 /Applications/MCUXpressoIDE_11.3.0_5222/ide/plugins/com.nxp.mcuxpresso.tools.macosx_11.3.0.202011031536/tools/bin/../lib/gcc/arm-none-eabi/9.3.1/../../../../arm-none-eabi/lib/thumb/v8-m.main+fp/hard/libcr_c.a(printf.o)
                                         0x38 (size before relaxing)
                0x0000000000007ee8                . = ALIGN (0x4)
 *fill*         0x0000000000007ee7        0x1 ff

.glue_7         0x0000000000007ee8        0x0
 .glue_7        0x0000000000007ee8        0x0 linker stubs

.glue_7t        0x0000000000007ee8        0x0
 .glue_7t       0x0000000000007ee8        0x0 linker stubs

.vfp11_veneer   0x0000000000007ee8        0x0
 .vfp11_veneer  0x0000000000007ee8        0x0 linker stubs

.v4_bx          0x0000000000007ee8        0x0
 .v4_bx         0x0000000000007ee8        0x0 linker stubs

.iplt           0x0000000000007ee8        0x0
 .iplt          0x0000000000007ee8        0x0 ./utilities/fsl_assert.o

.rel.dyn        0x0000000000007ee8        0x0
 .rel.iplt      0x0000000000007ee8        0x0 ./utilities/fsl_assert.o

.ARM.extab
 *(SORT_BY_ALIGNMENT(.ARM.extab*) SORT_BY_ALIGNMENT(.gnu.linkonce.armextab.*))

.ARM.exidx      0x0000000000007ee8        0x0
                0x0000000000007ee8                __exidx_start = .
 *(SORT_BY_ALIGNMENT(.ARM.exidx*) SORT_BY_ALIGNMENT(.gnu.linkonce.armexidx.*))
                0x0000000000007ee8                __exidx_end = .
                0x0000000000007ee8                _etext = .

.m_usb_data
 *(SORT_BY_ALIGNMENT(m_usb_global))

.data_RAM2      0x0000000020040000        0x0 load address 0x0000000000007ee8
 FILL mask 0xff
                [!provide]                        PROVIDE (__start_data_RAM2 = .)
                [!provide]                        PROVIDE (__start_data_SRAM4 = .)
 *(SORT_BY_ALIGNMENT(.ramfunc.$RAM2))
 *(SORT_BY_ALIGNMENT(.ramfunc.$SRAM4))
 *(SORT_BY_ALIGNMENT(.data.$RAM2))
 *(SORT_BY_ALIGNMENT(.data.$SRAM4))
 *(SORT_BY_ALIGNMENT(.data.$RAM2.*))
 *(SORT_BY_ALIGNMENT(.data.$SRAM4.*))
                0x0000000020040000                . = ALIGN (0x4)
                [!provide]                        PROVIDE (__end_data_RAM2 = .)
                [!provide]                        PROVIDE (__end_data_SRAM4 = .)

.data_RAM3      0x0000000004000000        0x0 load address 0x0000000000007ee8
 FILL mask 0xff
                [!provide]                        PROVIDE (__start_data_RAM3 = .)
                [!provide]                        PROVIDE (__start_data_SRAMX = .)
 *(SORT_BY_ALIGNMENT(.ramfunc.$RAM3))
 *(SORT_BY_ALIGNMENT(.ramfunc.$SRAMX))
 *(SORT_BY_ALIGNMENT(.data.$RAM3))
 *(SORT_BY_ALIGNMENT(.data.$SRAMX))
 *(SORT_BY_ALIGNMENT(.data.$RAM3.*))
 *(SORT_BY_ALIGNMENT(.data.$SRAMX.*))
                0x0000000004000000                . = ALIGN (0x4)
                [!provide]                        PROVIDE (__end_data_RAM3 = .)
                [!provide]                        PROVIDE (__end_data_SRAMX = .)

.data_RAM4      0x0000000040100000        0x0 load address 0x0000000000007ee8
 FILL mask 0xff
                [!provide]                        PROVIDE (__start_data_RAM4 = .)
                [!provide]                        PROVIDE (__start_data_USB_RAM = .)
 *(SORT_BY_ALIGNMENT(.ramfunc.$RAM4))
 *(SORT_BY_ALIGNMENT(.ramfunc.$USB_RAM))
 *(SORT_BY_ALIGNMENT(.data.$RAM4))
 *(SORT_BY_ALIGNMENT(.data.$USB_RAM))
 *(SORT_BY_ALIGNMENT(.data.$RAM4.*))
 *(SORT_BY_ALIGNMENT(.data.$USB_RAM.*))
                0x0000000040100000                . = ALIGN (0x4)
                [!provide]                        PROVIDE (__end_data_RAM4 = .)
                [!provide]                        PROVIDE (__end_data_USB_RAM = .)

.uninit_RESERVED
                0x0000000020000000        0x0
                0x0000000020000000                _start_uninit_RESERVED = .
 *(SORT_BY_ALIGNMENT(.bss.$RESERVED*))
                0x0000000020000000                . = ALIGN (0x4)
                0x0000000020000000                _end_uninit_RESERVED = .

.data           0x0000000020000000       0x24 load address 0x0000000000007ee8
 FILL mask 0xff
                0x0000000020000000                _data = .
                [!provide]                        PROVIDE (__start_data_RAM = .)
                [!provide]                        PROVIDE (__start_data_SRAM = .)
 *(SORT_BY_ALIGNMENT(vtable))
 *(SORT_BY_ALIGNMENT(.ramfunc*))
 *(SORT_BY_ALIGNMENT(CodeQuickAccess))
 *(SORT_BY_ALIGNMENT(DataQuickAccess))
 *(SORT_BY_ALIGNMENT(RamFunction))
 *(SORT_BY_ALIGNMENT(.data*))
 .data.rx_buf   0x0000000020000000        0x4 ./source/i2s_dma_transfer.o
                0x0000000020000000                rx_buf
 .data.tx_buf   0x0000000020000004        0x4 ./source/i2s_dma_transfer.o
                0x0000000020000004                tx_buf
 .data.g_UART_req_data
                0x0000000020000008        0x3 ./source/i2s_dma_transfer.o
 *fill*         0x000000002000000b        0x1 ff
 .data.g_UART_baud_check
                0x000000002000000c        0x4 ./source/i2s_dma_transfer.o
 .data.s_Ext_Clk_Freq
                0x0000000020000010        0x4 ./drivers/fsl_clock.o
 .data.s_dma_descriptor_table
                0x0000000020000014        0x8 ./drivers/fsl_dma.o
 .data.SystemCoreClock
                0x000000002000001c        0x4 ./device/system_LPC55S69_cm33_core0.o
                0x000000002000001c                SystemCoreClock
 .data.state    0x0000000020000020        0x1 ./source/i2s_dma_transfer.o
                0x0000000020000020                state
                0x0000000020000024                . = ALIGN (0x4)
 *fill*         0x0000000020000021        0x3 ff
                0x0000000020000024                _edata = .
                [!provide]                        PROVIDE (__end_data_RAM = .)
                [!provide]                        PROVIDE (__end_data_SRAM = .)

.igot.plt       0x0000000020000024        0x0 load address 0x0000000000007f0c
 .igot.plt      0x0000000020000024        0x0 ./utilities/fsl_assert.o

.bss_RAM2       0x0000000020040000        0x0
                [!provide]                        PROVIDE (__start_bss_RAM2 = .)
                [!provide]                        PROVIDE (__start_bss_SRAM4 = .)
 *(SORT_BY_ALIGNMENT(.bss.$RAM2))
 *(SORT_BY_ALIGNMENT(.bss.$SRAM4))
 *(SORT_BY_ALIGNMENT(.bss.$RAM2.*))
 *(SORT_BY_ALIGNMENT(.bss.$SRAM4.*))
                0x0000000020040000                . = ALIGN ((. != 0x0)?0x4:0x1)
                [!provide]                        PROVIDE (__end_bss_RAM2 = .)
                [!provide]                        PROVIDE (__end_bss_SRAM4 = .)

.bss_RAM3       0x0000000004000000        0x0
                [!provide]                        PROVIDE (__start_bss_RAM3 = .)
                [!provide]                        PROVIDE (__start_bss_SRAMX = .)
 *(SORT_BY_ALIGNMENT(.bss.$RAM3))
 *(SORT_BY_ALIGNMENT(.bss.$SRAMX))
 *(SORT_BY_ALIGNMENT(.bss.$RAM3.*))
 *(SORT_BY_ALIGNMENT(.bss.$SRAMX.*))
                0x0000000004000000                . = ALIGN ((. != 0x0)?0x4:0x1)
                [!provide]                        PROVIDE (__end_bss_RAM3 = .)
                [!provide]                        PROVIDE (__end_bss_SRAMX = .)

.bss_RAM4       0x0000000040100000        0x0
                [!provide]                        PROVIDE (__start_bss_RAM4 = .)
                [!provide]                        PROVIDE (__start_bss_USB_RAM = .)
 *(SORT_BY_ALIGNMENT(.bss.$RAM4))
 *(SORT_BY_ALIGNMENT(.bss.$USB_RAM))
 *(SORT_BY_ALIGNMENT(.bss.$RAM4.*))
 *(SORT_BY_ALIGNMENT(.bss.$USB_RAM.*))
                0x0000000040100000                . = ALIGN ((. != 0x0)?0x4:0x1)
                [!provide]                        PROVIDE (__end_bss_RAM4 = .)
                [!provide]                        PROVIDE (__end_bss_USB_RAM = .)

.bss            0x0000000020000200     0x28cc
                0x0000000020000200                _bss = .
                [!provide]                        PROVIDE (__start_bss_RAM = .)
                [!provide]                        PROVIDE (__start_bss_SRAM = .)
 *(SORT_BY_ALIGNMENT(.bss*))
 .bss.s_dma_descriptor_table0
                0x0000000020000200      0x170 ./drivers/fsl_dma.o
 *fill*         0x0000000020000370       0x90 
 .bss.s_dma_descriptor_table1
                0x0000000020000400      0x170 ./drivers/fsl_dma.o
 .bss.s_DmaDescriptors
                0x0000000020000570      0x100 ./drivers/fsl_i2s_dma.o
 .bss.audio     0x0000000020000670        0x3 ./source/i2s_dma_transfer.o
                0x0000000020000670                audio
 *fill*         0x0000000020000673        0x1 
 .bss.sampling_frequency_val
                0x0000000020000674        0x4 ./source/i2s_dma_transfer.o
                0x0000000020000674                sampling_frequency_val
 .bss.s_DmaTxHandle
                0x0000000020000678       0x10 ./source/i2s_dma_transfer.o
 .bss.s_TxConfig
                0x0000000020000688       0x12 ./source/i2s_dma_transfer.o
 *fill*         0x000000002000069a        0x2 
 .bss.s_TxHandle
                0x000000002000069c       0x38 ./source/i2s_dma_transfer.o
 .bss.s_TxTransfer
                0x00000000200006d4        0x8 ./source/i2s_dma_transfer.o
 .bss.codecHandle
                0x00000000200006dc       0x5c ./source/i2s_dma_transfer.o
                0x00000000200006dc                codecHandle
 .bss.g_data_buffer_A
                0x0000000020000738     0x1000 ./source/i2s_dma_transfer.o
                0x0000000020000738                g_data_buffer_A
 .bss.g_data_buffer_B
                0x0000000020001738     0x1000 ./source/i2s_dma_transfer.o
                0x0000000020001738                g_data_buffer_B
 .bss.rx_buf_ptr
                0x0000000020002738        0x4 ./source/i2s_dma_transfer.o
                0x0000000020002738                rx_buf_ptr
 .bss.s_Pll0_Freq
                0x000000002000273c        0x4 ./drivers/fsl_clock.o
 .bss.s_DMAHandle
                0x0000000020002740       0xb8 ./drivers/fsl_dma.o
 .bss.s_flexcommIrqHandler
                0x00000000200027f8       0x24 ./drivers/fsl_flexcomm.o
 .bss.s_flexcommHandle
                0x000000002000281c       0x24 ./drivers/fsl_flexcomm.o
 .bss.s_DummyBufferTx
                0x0000000020002840        0x4 ./drivers/fsl_i2s_dma.o
 .bss.s_DummyBufferRx
                0x0000000020002844        0x4 ./drivers/fsl_i2s_dma.o
 .bss.s_DmaPrivateHandle
                0x0000000020002848      0x1c0 ./drivers/fsl_i2s_dma.o
 .bss.__end_of_heap
                0x0000000020002a08        0x4 /Applications/MCUXpressoIDE_11.3.0_5222/ide/plugins/com.nxp.mcuxpresso.tools.macosx_11.3.0.202011031536/tools/bin/../lib/gcc/arm-none-eabi/9.3.1/../../../../arm-none-eabi/lib/thumb/v8-m.main+fp/hard/libcr_c.a(__init_alloc.o)
                0x0000000020002a08                __end_of_heap
 .bss.__heaps   0x0000000020002a0c        0x4 /Applications/MCUXpressoIDE_11.3.0_5222/ide/plugins/com.nxp.mcuxpresso.tools.macosx_11.3.0.202011031536/tools/bin/../lib/gcc/arm-none-eabi/9.3.1/../../../../arm-none-eabi/lib/thumb/v8-m.main+fp/hard/libcr_c.a(__init_alloc.o)
                0x0000000020002a0c                __heaps
 .bss.errno     0x0000000020002a10        0x4 /Applications/MCUXpressoIDE_11.3.0_5222/ide/plugins/com.nxp.mcuxpresso.tools.macosx_11.3.0.202011031536/tools/bin/../lib/gcc/arm-none-eabi/9.3.1/../../../../arm-none-eabi/lib/thumb/v8-m.main+fp/hard/libcr_c.a(errno.o)
                0x0000000020002a10                errno
 .bss.__Ciob    0x0000000020002a14       0xb4 /Applications/MCUXpressoIDE_11.3.0_5222/ide/plugins/com.nxp.mcuxpresso.tools.macosx_11.3.0.202011031536/tools/bin/../lib/gcc/arm-none-eabi/9.3.1/../../../../arm-none-eabi/lib/thumb/v8-m.main+fp/hard/libcr_semihost_nf.a(__ciob.o)
                0x0000000020002a14                __Ciob
 .bss.bit_depth_val
                0x0000000020002ac8        0x1 ./source/i2s_dma_transfer.o
                0x0000000020002ac8                bit_depth_val
 .bss.rx_buf_full
                0x0000000020002ac9        0x1 ./source/i2s_dma_transfer.o
 *(SORT_BY_ALIGNMENT(COMMON))
                0x0000000020002acc                . = ALIGN (0x4)
 *fill*         0x0000000020002aca        0x2 
                0x0000000020002acc                _ebss = .
                [!provide]                        PROVIDE (__end_bss_RAM = .)
                [!provide]                        PROVIDE (__end_bss_SRAM = .)
                [!provide]                        PROVIDE (end = .)

.noinit_RAM2    0x0000000020040000        0x0
                [!provide]                        PROVIDE (__start_noinit_RAM2 = .)
                [!provide]                        PROVIDE (__start_noinit_SRAM4 = .)
 *(SORT_BY_ALIGNMENT(.noinit.$RAM2))
 *(SORT_BY_ALIGNMENT(.noinit.$SRAM4))
 *(SORT_BY_ALIGNMENT(.noinit.$RAM2.*))
 *(SORT_BY_ALIGNMENT(.noinit.$SRAM4.*))
                0x0000000020040000                . = ALIGN (0x4)
                [!provide]                        PROVIDE (__end_noinit_RAM2 = .)
                [!provide]                        PROVIDE (__end_noinit_SRAM4 = .)

.noinit_RAM3    0x0000000004000000        0x0
                [!provide]                        PROVIDE (__start_noinit_RAM3 = .)
                [!provide]                        PROVIDE (__start_noinit_SRAMX = .)
 *(SORT_BY_ALIGNMENT(.noinit.$RAM3))
 *(SORT_BY_ALIGNMENT(.noinit.$SRAMX))
 *(SORT_BY_ALIGNMENT(.noinit.$RAM3.*))
 *(SORT_BY_ALIGNMENT(.noinit.$SRAMX.*))
                0x0000000004000000                . = ALIGN (0x4)
                [!provide]                        PROVIDE (__end_noinit_RAM3 = .)
                [!provide]                        PROVIDE (__end_noinit_SRAMX = .)

.noinit_RAM4    0x0000000040100000        0x0
                [!provide]                        PROVIDE (__start_noinit_RAM4 = .)
                [!provide]                        PROVIDE (__start_noinit_USB_RAM = .)
 *(SORT_BY_ALIGNMENT(.noinit.$RAM4))
 *(SORT_BY_ALIGNMENT(.noinit.$USB_RAM))
 *(SORT_BY_ALIGNMENT(.noinit.$RAM4.*))
 *(SORT_BY_ALIGNMENT(.noinit.$USB_RAM.*))
                0x0000000040100000                . = ALIGN (0x4)
                [!provide]                        PROVIDE (__end_noinit_RAM4 = .)
                [!provide]                        PROVIDE (__end_noinit_USB_RAM = .)

.noinit         0x0000000020002acc        0x0
                0x0000000020002acc                _noinit = .
                [!provide]                        PROVIDE (__start_noinit_RAM = .)
                [!provide]                        PROVIDE (__start_noinit_SRAM = .)
 *(SORT_BY_ALIGNMENT(.noinit*))
                0x0000000020002acc                . = ALIGN (0x4)
                0x0000000020002acc                _end_noinit = .
                [!provide]                        PROVIDE (__end_noinit_RAM = .)
                [!provide]                        PROVIDE (__end_noinit_SRAM = .)
                0x0000000000001000                _HeapSize = 0x1000

.heap           0x0000000020002acc     0x1000
                0x0000000020002acc                _pvHeapStart = .
                0x0000000020003acc                . = (. + _HeapSize)
 *fill*         0x0000000020002acc     0x1000 
                0x0000000020003acc                . = ALIGN (0x4)
                0x0000000020003acc                _pvHeapLimit = .
                0x0000000000001000                _StackSize = 0x1000

.heap2stackfill
                0x0000000020003acc     0x1000
                0x0000000020004acc                . = (. + _StackSize)
 *fill*         0x0000000020003acc     0x1000 

.stack          0x000000002003f000        0x0
                0x000000002003f000                _vStackBase = .
                0x000000002003f000                . = ALIGN (0x4)
                0x0000000020040000                _vStackTop = (. + _StackSize)
                [!provide]                        PROVIDE (__valid_user_code_checksum = (0x0 - ((((((_vStackTop + (ResetISR + 0x1)) + (NMI_Handler + 0x1)) + (HardFault_Handler + 0x1)) + (DEFINED (MemManage_Handler)?MemManage_Handler:0x0 + 0x1)) + (DEFINED (BusFault_Handler)?BusFault_Handler:0x0 + 0x1)) + (DEFINED (UsageFault_Handler)?UsageFault_Handler:0x0 + 0x1))))
                0x0000000000000000                _image_start = LOADADDR (.text)
                0x0000000000007f0c                _image_end = (LOADADDR (.data) + SIZEOF (.data))
                0x0000000000007f0c                _image_size = (_image_end - _image_start)
OUTPUT(lpcxpresso55s69_i2s_dma_transfer.axf elf32-littlearm)
LOAD linker stubs

.debug_info     0x0000000000000000    0x204c7
 .debug_info    0x0000000000000000      0x229 ./utilities/fsl_assert.o
 .debug_info    0x0000000000000229      0x6fb ./startup/startup_lpc55s69_cm33_core0.o
 .debug_info    0x0000000000000924     0x3e34 ./source/i2s_dma_transfer.o
 .debug_info    0x0000000000004758       0x3c ./source/semihost_hardfault.o
 .debug_info    0x0000000000004794     0x31e8 ./drivers/fsl_clock.o
 .debug_info    0x000000000000797c      0x2ac ./drivers/fsl_common.o
 .debug_info    0x0000000000007c28     0x2a5c ./drivers/fsl_dma.o
 .debug_info    0x000000000000a684     0x1a05 ./drivers/fsl_flexcomm.o
 .debug_info    0x000000000000c089     0x2122 ./drivers/fsl_i2c.o
 .debug_info    0x000000000000e1ab     0x14ac ./drivers/fsl_i2s.o
 .debug_info    0x000000000000f657     0x1530 ./drivers/fsl_i2s_dma.o
 .debug_info    0x0000000000010b87      0xf17 ./drivers/fsl_reset.o
 .debug_info    0x0000000000011a9e     0x15d4 ./drivers/fsl_sysctl.o
 .debug_info    0x0000000000013072     0x176b ./drivers/fsl_usart.o
 .debug_info    0x00000000000147dd     0x13b5 ./device/system_LPC55S69_cm33_core0.o
 .debug_info    0x0000000000015b92     0x1502 ./component/i2c/fsl_adapter_flexcomm_i2c.o
 .debug_info    0x0000000000017094      0xd2a ./codec/fsl_codec_adapter.o
 .debug_info    0x0000000000017dbe      0x63d ./codec/fsl_codec_common.o
 .debug_info    0x00000000000183fb      0x3d4 ./codec/fsl_codec_i2c.o
 .debug_info    0x00000000000187cf     0x10ad ./codec/fsl_wm8904.o
 .debug_info    0x000000000001987c     0x1021 ./board/board.o
 .debug_info    0x000000000001a89d     0x15ef ./board/clock_config.o
 .debug_info    0x000000000001be8c     0x1036 ./board/pin_mux.o
 .debug_info    0x000000000001cec2     0x3605 /Users/charles/Documents/MCUXpressoIDE_11.3.0/workspace/lpcxpresso55s69_i2s_dma_transfer/LPC55S69/mcuxpresso/libpower_hardabi.a(fsl_power_lib.o)

.debug_abbrev   0x0000000000000000     0x388f
 .debug_abbrev  0x0000000000000000       0xe2 ./utilities/fsl_assert.o
 .debug_abbrev  0x00000000000000e2      0x15a ./startup/startup_lpc55s69_cm33_core0.o
 .debug_abbrev  0x000000000000023c      0x418 ./source/i2s_dma_transfer.o
 .debug_abbrev  0x0000000000000654       0x31 ./source/semihost_hardfault.o
 .debug_abbrev  0x0000000000000685      0x38c ./drivers/fsl_clock.o
 .debug_abbrev  0x0000000000000a11      0x191 ./drivers/fsl_common.o
 .debug_abbrev  0x0000000000000ba2      0x39a ./drivers/fsl_dma.o
 .debug_abbrev  0x0000000000000f3c      0x2f0 ./drivers/fsl_flexcomm.o
 .debug_abbrev  0x000000000000122c      0x35c ./drivers/fsl_i2c.o
 .debug_abbrev  0x0000000000001588      0x2e9 ./drivers/fsl_i2s.o
 .debug_abbrev  0x0000000000001871      0x33f ./drivers/fsl_i2s_dma.o
 .debug_abbrev  0x0000000000001bb0      0x195 ./drivers/fsl_reset.o
 .debug_abbrev  0x0000000000001d45      0x22b ./drivers/fsl_sysctl.o
 .debug_abbrev  0x0000000000001f70      0x31c ./drivers/fsl_usart.o
 .debug_abbrev  0x000000000000228c      0x1fa ./device/system_LPC55S69_cm33_core0.o
 .debug_abbrev  0x0000000000002486      0x24f ./component/i2c/fsl_adapter_flexcomm_i2c.o
 .debug_abbrev  0x00000000000026d5      0x1e2 ./codec/fsl_codec_adapter.o
 .debug_abbrev  0x00000000000028b7      0x178 ./codec/fsl_codec_common.o
 .debug_abbrev  0x0000000000002a2f      0x12a ./codec/fsl_codec_i2c.o
 .debug_abbrev  0x0000000000002b59      0x27a ./codec/fsl_wm8904.o
 .debug_abbrev  0x0000000000002dd3      0x20b ./board/board.o
 .debug_abbrev  0x0000000000002fde      0x212 ./board/clock_config.o
 .debug_abbrev  0x00000000000031f0      0x20b ./board/pin_mux.o
 .debug_abbrev  0x00000000000033fb      0x494 /Users/charles/Documents/MCUXpressoIDE_11.3.0/workspace/lpcxpresso55s69_i2s_dma_transfer/LPC55S69/mcuxpresso/libpower_hardabi.a(fsl_power_lib.o)

.debug_aranges  0x0000000000000000     0x1160
 .debug_aranges
                0x0000000000000000       0x20 ./utilities/fsl_assert.o
 .debug_aranges
                0x0000000000000020      0x268 ./startup/startup_lpc55s69_cm33_core0.o
 .debug_aranges
                0x0000000000000288      0x108 ./source/i2s_dma_transfer.o
 .debug_aranges
                0x0000000000000390       0x20 ./source/semihost_hardfault.o
 .debug_aranges
                0x00000000000003b0      0x220 ./drivers/fsl_clock.o
 .debug_aranges
                0x00000000000005d0       0x38 ./drivers/fsl_common.o
 .debug_aranges
                0x0000000000000608      0x138 ./drivers/fsl_dma.o
 .debug_aranges
                0x0000000000000740       0x90 ./drivers/fsl_flexcomm.o
 .debug_aranges
                0x00000000000007d0      0x198 ./drivers/fsl_i2c.o
 .debug_aranges
                0x0000000000000968       0xf0 ./drivers/fsl_i2s.o
 .debug_aranges
                0x0000000000000a58       0xb8 ./drivers/fsl_i2s_dma.o
 .debug_aranges
                0x0000000000000b10       0x30 ./drivers/fsl_reset.o
 .debug_aranges
                0x0000000000000b40       0x68 ./drivers/fsl_sysctl.o
 .debug_aranges
                0x0000000000000ba8       0xf8 ./drivers/fsl_usart.o
 .debug_aranges
                0x0000000000000ca0       0x88 ./device/system_LPC55S69_cm33_core0.o
 .debug_aranges
                0x0000000000000d28       0xb8 ./component/i2c/fsl_adapter_flexcomm_i2c.o
 .debug_aranges
                0x0000000000000de0       0x68 ./codec/fsl_codec_adapter.o
 .debug_aranges
                0x0000000000000e48       0x68 ./codec/fsl_codec_common.o
 .debug_aranges
                0x0000000000000eb0       0x38 ./codec/fsl_codec_i2c.o
 .debug_aranges
                0x0000000000000ee8       0xe0 ./codec/fsl_wm8904.o
 .debug_aranges
                0x0000000000000fc8       0x78 ./board/board.o
 .debug_aranges
                0x0000000000001040       0x50 ./board/clock_config.o
 .debug_aranges
                0x0000000000001090       0x38 ./board/pin_mux.o
 .debug_aranges
                0x00000000000010c8       0x98 /Users/charles/Documents/MCUXpressoIDE_11.3.0/workspace/lpcxpresso55s69_i2s_dma_transfer/LPC55S69/mcuxpresso/libpower_hardabi.a(fsl_power_lib.o)

.debug_ranges   0x0000000000000000     0x1190
 .debug_ranges  0x0000000000000000       0x10 ./utilities/fsl_assert.o
 .debug_ranges  0x0000000000000010      0x258 ./startup/startup_lpc55s69_cm33_core0.o
 .debug_ranges  0x0000000000000268       0xf8 ./source/i2s_dma_transfer.o
 .debug_ranges  0x0000000000000360       0x10 ./source/semihost_hardfault.o
 .debug_ranges  0x0000000000000370      0x210 ./drivers/fsl_clock.o
 .debug_ranges  0x0000000000000580       0x28 ./drivers/fsl_common.o
 .debug_ranges  0x00000000000005a8      0x128 ./drivers/fsl_dma.o
 .debug_ranges  0x00000000000006d0       0x80 ./drivers/fsl_flexcomm.o
 .debug_ranges  0x0000000000000750      0x1d0 ./drivers/fsl_i2c.o
 .debug_ranges  0x0000000000000920       0xe0 ./drivers/fsl_i2s.o
 .debug_ranges  0x0000000000000a00       0xa8 ./drivers/fsl_i2s_dma.o
 .debug_ranges  0x0000000000000aa8       0x20 ./drivers/fsl_reset.o
 .debug_ranges  0x0000000000000ac8       0x58 ./drivers/fsl_sysctl.o
 .debug_ranges  0x0000000000000b20       0xe8 ./drivers/fsl_usart.o
 .debug_ranges  0x0000000000000c08       0x78 ./device/system_LPC55S69_cm33_core0.o
 .debug_ranges  0x0000000000000c80       0xa8 ./component/i2c/fsl_adapter_flexcomm_i2c.o
 .debug_ranges  0x0000000000000d28       0x58 ./codec/fsl_codec_adapter.o
 .debug_ranges  0x0000000000000d80       0x58 ./codec/fsl_codec_common.o
 .debug_ranges  0x0000000000000dd8       0x28 ./codec/fsl_codec_i2c.o
 .debug_ranges  0x0000000000000e00       0xd0 ./codec/fsl_wm8904.o
 .debug_ranges  0x0000000000000ed0       0x68 ./board/board.o
 .debug_ranges  0x0000000000000f38       0x40 ./board/clock_config.o
 .debug_ranges  0x0000000000000f78       0x28 ./board/pin_mux.o
 .debug_ranges  0x0000000000000fa0      0x1f0 /Users/charles/Documents/MCUXpressoIDE_11.3.0/workspace/lpcxpresso55s69_i2s_dma_transfer/LPC55S69/mcuxpresso/libpower_hardabi.a(fsl_power_lib.o)

.debug_macro    0x0000000000000000    0x168c6
 .debug_macro   0x0000000000000000      0x14d ./utilities/fsl_assert.o
 .debug_macro   0x000000000000014d      0xaf0 ./utilities/fsl_assert.o
 .debug_macro   0x0000000000000c3d       0x10 ./utilities/fsl_assert.o
 .debug_macro   0x0000000000000c4d       0x1c ./utilities/fsl_assert.o
 .debug_macro   0x0000000000000c69       0x22 ./utilities/fsl_assert.o
 .debug_macro   0x0000000000000c8b      0x12e ./utilities/fsl_assert.o
 .debug_macro   0x0000000000000db9      0x5b3 ./utilities/fsl_assert.o
 .debug_macro   0x000000000000136c       0x22 ./utilities/fsl_assert.o
 .debug_macro   0x000000000000138e       0x10 ./utilities/fsl_assert.o
 .debug_macro   0x000000000000139e       0x46 ./utilities/fsl_assert.o
 .debug_macro   0x00000000000013e4       0x1c ./utilities/fsl_assert.o
 .debug_macro   0x0000000000001400       0x29 ./utilities/fsl_assert.o
 .debug_macro   0x0000000000001429      0x101 ./utilities/fsl_assert.o
 .debug_macro   0x000000000000152a     0x1336 ./utilities/fsl_assert.o
 .debug_macro   0x0000000000002860       0x5e ./utilities/fsl_assert.o
 .debug_macro   0x00000000000028be       0x2e ./utilities/fsl_assert.o
 .debug_macro   0x00000000000028ec    0x10bb3 ./utilities/fsl_assert.o
 .debug_macro   0x000000000001349f      0x3e1 ./utilities/fsl_assert.o
 .debug_macro   0x0000000000013880      0x10f ./utilities/fsl_assert.o
 .debug_macro   0x000000000001398f      0x2ca ./utilities/fsl_assert.o
 .debug_macro   0x0000000000013c59       0x16 ./utilities/fsl_assert.o
 .debug_macro   0x0000000000013c6f       0xd2 ./utilities/fsl_assert.o
 .debug_macro   0x0000000000013d41       0x1c ./utilities/fsl_assert.o
 .debug_macro   0x0000000000013d5d       0xd2 ./utilities/fsl_assert.o
 .debug_macro   0x0000000000013e2f       0x2e ./utilities/fsl_assert.o
 .debug_macro   0x0000000000013e5d       0x29 ./startup/startup_lpc55s69_cm33_core0.o
 .debug_macro   0x0000000000013e86      0x319 ./source/i2s_dma_transfer.o
 .debug_macro   0x000000000001419f       0x52 ./source/i2s_dma_transfer.o
 .debug_macro   0x00000000000141f1       0x35 ./source/i2s_dma_transfer.o
 .debug_macro   0x0000000000014226       0x10 ./source/i2s_dma_transfer.o
 .debug_macro   0x0000000000014236       0xf6 ./source/i2s_dma_transfer.o
 .debug_macro   0x000000000001432c      0x25c ./source/i2s_dma_transfer.o
 .debug_macro   0x0000000000014588       0x76 ./source/i2s_dma_transfer.o
 .debug_macro   0x00000000000145fe       0x52 ./source/i2s_dma_transfer.o