core_cm33.h:2127:22:__NVIC_EnableIRQ	16	static
fsl_common.h:747:28:EnableIRQ	24	static
fsl_i2s.h:396:20:I2S_Enable	16	static
fsl_i2s.h:432:20:I2S_Disable	16	static
fsl_i2s.h:451:20:I2S_EnableInterrupts	16	static
fsl_i2s.h:463:20:I2S_DisableInterrupts	16	static
fsl_i2s.c:71:17:I2S_GetInstance	24	static
fsl_i2s.c:94:6:I2S_SetBitClockRate	32	static
fsl_i2s.c:117:6:I2S_TxInit	24	static
fsl_i2s.c:152:6:I2S_RxInit	24	static
fsl_i2s.c:205:6:I2S_TxGetDefaultConfig	16	static
fsl_i2s.c:259:6:I2S_RxGetDefaultConfig	16	static
fsl_i2s.c:280:13:I2S_Config	24	static
fsl_i2s.c:341:6:I2S_Deinit	16	static
fsl_i2s.c:346:13:I2S_TxEnable	16	static
fsl_i2s.c:361:13:I2S_RxEnable	16	static
fsl_i2s.c:376:17:I2S_ValidateBuffer	16	static
fsl_i2s.c:513:6:I2S_TxTransferCreateHandle	32	static
fsl_i2s.c:554:10:I2S_TxTransferNonBlocking	32	static
fsl_i2s.c:594:6:I2S_TxTransferAbort	16	static
fsl_i2s.c:618:6:I2S_RxTransferCreateHandle	32	static
fsl_i2s.c:660:10:I2S_RxTransferNonBlocking	32	static
fsl_i2s.c:700:6:I2S_RxTransferAbort	16	static
fsl_i2s.c:726:10:I2S_TransferGetCount	24	static
fsl_i2s.c:761:10:I2S_TransferGetErrorCount	24	static
fsl_i2s.c:792:6:I2S_TxHandleIRQ	48	static
fsl_i2s.c:996:6:I2S_RxHandleIRQ	48	static
