fsl_dma.h:390:20:DMA_EnableChannelInterrupts	16	static
fsl_dma.h:402:20:DMA_DisableChannelInterrupts	16	static
fsl_dma.h:438:20:DMA_EnableChannelPeriphRq	16	static
fsl_i2s.h:396:20:I2S_Enable	16	static
fsl_i2s.h:432:20:I2S_Disable	16	static
fsl_i2s_dma.c:100:17:I2S_EnqueueUserBuffer	32	static
fsl_i2s_dma.c:150:17:I2S_GetInstance	24	static
fsl_i2s_dma.c:166:20:I2S_DisableDMAInterrupts	16	static
fsl_i2s_dma.c:171:20:I2S_EnableDMAInterrupts	16	static
fsl_i2s_dma.c:188:6:I2S_TxTransferCreateHandleDMA	32	static
fsl_i2s_dma.c:237:10:I2S_TxTransferSendDMA	32	static
fsl_i2s_dma.c:275:6:I2S_TransferAbortDMA	24	static
fsl_i2s_dma.c:340:6:I2S_RxTransferCreateHandleDMA	32	static
fsl_i2s_dma.c:360:10:I2S_RxTransferReceiveDMA	32	static
fsl_i2s_dma.c:392:13:I2S_TxEnableDMA	16	static
fsl_i2s_dma.c:405:13:I2S_RxEnableDMA	16	static
fsl_i2s_dma.c:418:17:I2S_GetTransferBytes	24	static
fsl_i2s_dma.c:444:17:I2S_StartTransferDMA	72	static
fsl_i2s_dma.c:524:13:I2S_AddTransferDMA	72	static
fsl_i2s_dma.c:600:6:I2S_DMACallback	56	static
