core_cm33.h:2127:22:__NVIC_EnableIRQ	16	static
core_cm33.h:2165:22:__NVIC_DisableIRQ	16	static
core_cm33.h:2218:22:__NVIC_ClearPendingIRQ	16	static
fsl_clock.h:722:20:CLOCK_EnableClock	24	static
fsl_common.h:747:28:EnableIRQ	24	static
fsl_iocon.h:255:22:IOCON_PinMuxSet	24	static
fsl_dma.h:414:20:DMA_EnableChannel	16	static
fsl_dma.h:495:20:DMA_SetChannelPriority	24	static
fsl_i2c.h:622:24:I2C_MasterRepeatedStart	16	static
fsl_usart.h:381:24:USART_GetStatusFlags	16	static
fsl_usart.h:567:20:USART_WriteByte	16	static
fsl_power.h:398:20:POWER_SetBodVbatLevel	16	static
i2s_dma_transfer.c:174:10:set_baudrate	16	static
i2s_dma_transfer.c:179:9:get_i2s_div	16	static
i2s_dma_transfer.c:189:6:get_audio_characteristics	16	static
i2s_dma_transfer.c:262:6:send_buffer_size	8	static
i2s_dma_transfer.c:271:6:baud_check	16	static
i2s_dma_transfer.c:292:13:refill_rx_buf	16	static
i2s_dma_transfer.c:342:13:stream_tx_buf	16	static
i2s_dma_transfer.c:354:6:receive_state	16	static
i2s_dma_transfer.c:369:6:I2S_TxCallback	24	static
i2s_dma_transfer.c:387:13:swap_buffers	4	static
i2s_dma_transfer.c:404:6:StartPlayback	8	static
i2s_dma_transfer.c:419:6:StopPlayback	8	static
i2s_dma_transfer.c:436:12:printRegValues	32	static
i2s_dma_transfer.c:492:12:writeToReg	32	static
i2s_dma_transfer.c:535:6:setup	48	static
i2s_dma_transfer.c:682:6:init_UART	40	static
i2s_dma_transfer.c:710:6:init_CODEC	56	static
i2s_dma_transfer.c:751:6:init_I2S	16	static
i2s_dma_transfer.c:770:6:init_DMA	8	static
i2s_dma_transfer.c:781:6:BOARD_InitSysctrl	8	static
i2s_dma_transfer.c:803:6:StartTrack	16	static
i2s_dma_transfer.c:839:5:main	8	static
