core_cm33.h:2127:22:__NVIC_EnableIRQ	16	static
core_cm33.h:2165:22:__NVIC_DisableIRQ	16	static
core_cm33.h:2218:22:__NVIC_ClearPendingIRQ	16	static
fsl_clock.h:722:20:CLOCK_EnableClock	24	static
fsl_common.h:747:28:EnableIRQ	24	static
fsl_iocon.h:255:22:IOCON_PinMuxSet	24	static
fsl_dma.h:414:20:DMA_EnableChannel	16	static
fsl_dma.h:495:20:DMA_SetChannelPriority	24	static
fsl_i2c.h:622:24:I2C_MasterRepeatedStart	16	static
fsl_usart.h:567:20:USART_WriteByte	16	static
fsl_power.h:398:20:POWER_SetBodVbatLevel	16	static
i2s_dma_transfer.c:164:10:set_baudrate	16	static
i2s_dma_transfer.c:169:9:get_i2s_div	16	static
i2s_dma_transfer.c:179:6:get_audio_characteristics	16	static
i2s_dma_transfer.c:247:6:baud_check	16	static
i2s_dma_transfer.c:265:13:refill_rx_buf	8	static
i2s_dma_transfer.c:288:13:stream_tx_buf	16	static
i2s_dma_transfer.c:301:6:I2S_TxCallback	24	static
i2s_dma_transfer.c:315:13:swap_buffers	4	static
i2s_dma_transfer.c:332:6:StartPlayback	8	static
i2s_dma_transfer.c:346:12:printRegValues	32	static
i2s_dma_transfer.c:400:12:writeToReg	32	static
i2s_dma_transfer.c:440:6:init_UART	48	static
i2s_dma_transfer.c:531:6:setup	40	static
i2s_dma_transfer.c:616:6:init_CODEC	56	static
i2s_dma_transfer.c:701:6:BOARD_InitSysctrl	8	static
i2s_dma_transfer.c:723:5:main	8	static
