core_cm33.h:2127:22:__NVIC_EnableIRQ	16	static
core_cm33.h:2218:22:__NVIC_ClearPendingIRQ	16	static
fsl_clock.h:722:20:CLOCK_EnableClock	24	static
fsl_common.h:747:28:EnableIRQ	24	static
fsl_dma.h:414:20:DMA_EnableChannel	16	static
fsl_dma.h:495:20:DMA_SetChannelPriority	24	static
fsl_i2c.h:622:24:I2C_MasterRepeatedStart	16	static
fsl_power.h:398:20:POWER_SetBodVbatLevel	16	static
i2s_dma_transfer.c:110:6:BOARD_InitSysctrl	8	static
i2s_dma_transfer.c:122:13:StartSoundPlayback	16	static
i2s_dma_transfer.c:147:13:TxCallback	24	static
i2s_dma_transfer.c:156:12:printRegValues	32	static
i2s_dma_transfer.c:210:12:writeToReg	32	static
i2s_dma_transfer.c:248:13:customCodecConfig	4	static
i2s_dma_transfer.c:262:5:main	40	static
